part 0/16: graphs 1487403067, class 28330030, plantri count 1487403067
part 10/16: graphs 1492868927, class 28821396, plantri count 1492868927
part 11/16: graphs 1449567365, class 28361482, plantri count 1449567365
part 12/16: graphs 1461102895, class 27931959, plantri count 1461102895
part 13/16: graphs 1494121273, class 28560810, plantri count 1494121273
part 14/16: graphs 1479389587, class 28529511, plantri count 1479389587
part 15/16: graphs 1488319052, class 28859288, plantri count 1488319052
part 1/16: graphs 1515501020, class 28843016, plantri count 1515501020
part 2/16: graphs 1503428323, class 28800972, plantri count 1503428323
part 3/16: graphs 1492609588, class 28548013, plantri count 1492609588
part 4/16: graphs 1489435839, class 28471691, plantri count 1489435839
part 5/16: graphs 1484654651, class 29173435, plantri count 1484654651
part 6/16: graphs 1502482275, class 28748072, plantri count 1502482275
part 7/16: graphs 1517265837, class 29342181, plantri count 1517265837
part 8/16: graphs 1498057368, class 28351300, plantri count 1498057368
part 9/16: graphs 1477781062, class 27875057, plantri count 1477781062
n = 15, 16 parts of modulus 16: graphs 23833988129, class 457548213

  n   F   E         sum 4E/|Aut|           T(F-1,n-1)  equal       graphs        class
 15  10  23               121095               121095    yes         1404          268
 15  11  24              7580040              7580040    yes        79773        24317
 15  12  25            155282400            155282400    yes      1556952       629564
 15  13  26           1614234960           1614234960    yes     15535572      6587906
 15  14  27          10224817515          10224817515    yes     94713809     33412973
 15  15  28          43494961404          43494961404    yes    388431688     90184650
 15  16  29         131631305718         131631305718    yes   1134914458    135880804
 15  17  30         293695935764         293695935764    yes   2447709924    116448548
 15  18  31         493664301900         493664301900    yes   3981512855     56648113
 15  19  32         632245743360         632245743360    yes   4939809506     15334523
 15  20  33         618627319508         618627319508    yes   4686995652      2226853
 15  21  34         459709747416         459709747416    yes   3380569040       163914
 15  22  35         255271793013         255271793013    yes   1823658612         5691
 15  23  36         102695772540         102695772540    yes    713331098           88
 15  24  37          28295250870          28295250870    yes    191283058            1
 15  25  38           4779753924           4779753924    yes     31477887            0
 15  26  39            373537388            373537388    yes      2406841            0

cells equal: 17 of 17; total rooted maps 3076487458815, formula 3076487458815
graphs 23833988129, A000944(15) = 23833988129: equal
class 457548213, recorded 457548213: equal
CHECK PASS n = 15
END
