part 0/1: graphs 96262938, class 5447863, plantri count 96262938
n = 13, 1 parts of modulus 1: graphs 96262938, class 5447863

  n   F   E         sum 4E/|Aut|           T(F-1,n-1)  equal       graphs        class
 13   9  20                15180                15180    yes          219           95
 13  10  21               646415               646415    yes         7916         4489
 13  11  22              9095856              9095856    yes       104213        65303
 13  12  23             65022840             65022840    yes       709302       397236
 13  13  24            281481880            281481880    yes      2937495      1160662
 13  14  25            807560625            807560625    yes      8085725      1744096
 13  15  26           1614234960           1614234960    yes     15535572      1377685
 13  16  27           2308636872           2308636872    yes     21395274       567898
 13  17  28           2385474924           2385474924    yes     21317178       118039
 13  18  29           1771227780           1771227780    yes     15287112        11811
 13  19  30            923388320            923388320    yes      7706577          535
 13  20  31            321343520            321343520    yes      2599554           14
 13  21  32             67116816             67116816    yes       527235            0
 13  22  33              6369883              6369883    yes        49566            0

cells equal: 14 of 14; total rooted maps 10561615871, formula 10561615871
graphs 96262938, A000944(13) = 96262938: equal
class 5447863, recorded 5447863: equal
CHECK PASS n = 13
END
