part 0/4: graphs 370677062, class 12378989, plantri count 370677062
part 1/4: graphs 382160922, class 12697523, plantri count 382160922
part 2/4: graphs 368893901, class 12066946, plantri count 368893901
part 3/4: graphs 374493467, class 12518399, plantri count 374493467
n = 14, 4 parts of modulus 4: graphs 1496225352, class 49661857

  n   F   E         sum 4E/|Aut|           T(F-1,n-1)  equal       graphs        class
 14   9  21                 2530                 2530    yes           50           15
 14  10  22               373175               373175    yes         4442         1610
 14  11  23             10215450             10215450    yes       112082        53992
 14  12  24            120872850            120872850    yes      1263032       658580
 14  13  25            807560625            807560625    yes      8085725      3631929
 14  14  26           3461873536           3461873536    yes     33310550     10172085
 14  15  27          10224817515          10224817515    yes     94713809     15300263
 14  16  28          21697730835          21697730835    yes    193794051     12622064
 14  17  29          33884104716          33884104716    yes    292182191      5682954
 14  18  30          39371798620          39371798620    yes    328192346      1362220
 14  19  31          34033120352          34033120352    yes    274542869       166083
 14  20  32          21621598240          21621598240    yes    168992630         9792
 14  21  33           9818164785           9818164785    yes     74424566          265
 14  22  34           3019324542           3019324542    yes     22229616            5
 14  23  35            563921995            563921995    yes      4037671            0
 14  24  36             48336171             48336171    yes       339722            0

cells equal: 16 of 16; total rooted maps 178683815937, formula 178683815937
graphs 1496225352, A000944(14) = 1496225352: equal
class 49661857, recorded 49661857: equal
CHECK PASS n = 14
END
