part 0/1: graphs 6384634, class 606838, plantri count 6384634
n = 12, 1 parts of modulus 1: graphs 6384634, class 606838

  n   F   E         sum 4E/|Aut|           T(F-1,n-1)  equal       graphs        class
 12   8  18                  399                  399    yes           14           10
 12   9  19                38076                38076    yes          558          373
 12  10  20               685419               685419    yes         8822         6500
 12  11  21              5354832              5354832    yes        64439        43843
 12  12  22             23478426             23478426    yes       268394       134577
 12  13  23             65022840             65022840    yes       709302       201938
 12  14  24            120872850            120872850    yes      1263032       152100
 12  15  25            155282400            155282400    yes      1556952        56571
 12  16  26            138770307            138770307    yes      1338853        10073
 12  17  27             84955500             84955500    yes       789749          814
 12  18  28             34057716             34057716    yes       306470           37
 12  19  29              8069424              8069424    yes        70454            1
 12  20  30               857956               857956    yes         7595            1

cells equal: 13 of 13; total rooted maps 637446145, formula 637446145
graphs 6384634, A000944(12) = 6384634: equal
class 606838, recorded 606838: equal
CHECK PASS n = 12
END
