% C1: stereographic projection from the centre of the pentagon on frame rows 3, 6, 14, 11, 5
\begin{tikzpicture}[scale=2.000]
\draw[thin] plot coordinates {(-0.145,-0.795)(-0.191,-0.783)(-0.236,-0.769)(-0.280,-0.751)(-0.323,-0.731)(-0.364,-0.709)(-0.403,-0.684)(-0.440,-0.657)(-0.476,-0.627)(-0.510,-0.596)(-0.541,-0.563)(-0.571,-0.528)(-0.598,-0.491)(-0.622,-0.454)(-0.644,-0.415)(-0.664,-0.375)(-0.681,-0.334)};
\draw[thin] plot coordinates {(-0.145,-0.795)(-0.172,-0.823)(-0.200,-0.850)(-0.231,-0.877)(-0.264,-0.905)(-0.300,-0.932)(-0.339,-0.958)(-0.382,-0.983)(-0.429,-1.008)(-0.480,-1.031)(-0.537,-1.051)(-0.599,-1.069)(-0.668,-1.083)(-0.743,-1.091)(-0.827,-1.092)(-0.918,-1.083)(-1.019,-1.063)};
\draw[thin] plot coordinates {(-0.145,-0.795)(-0.154,-0.761)(-0.161,-0.727)(-0.168,-0.694)(-0.173,-0.662)(-0.178,-0.630)(-0.182,-0.600)(-0.185,-0.569)(-0.188,-0.540)(-0.190,-0.510)(-0.192,-0.481)(-0.193,-0.453)(-0.194,-0.425)(-0.194,-0.397)(-0.194,-0.369)(-0.194,-0.342)(-0.193,-0.315)};
\draw[thin] plot coordinates {(-0.145,-0.795)(-0.117,-0.826)(-0.085,-0.856)(-0.051,-0.885)(-0.014,-0.914)(0.026,-0.941)(0.070,-0.967)(0.118,-0.991)(0.169,-1.012)(0.225,-1.031)(0.285,-1.046)(0.350,-1.057)(0.418,-1.063)(0.491,-1.063)(0.568,-1.056)(0.649,-1.041)(0.732,-1.017)};
\draw[thin] plot coordinates {(-0.145,-0.795)(-0.100,-0.790)(-0.056,-0.781)(-0.013,-0.771)(0.028,-0.758)(0.068,-0.743)(0.106,-0.726)(0.143,-0.707)(0.179,-0.687)(0.212,-0.665)(0.244,-0.642)(0.275,-0.617)(0.304,-0.591)(0.331,-0.565)(0.357,-0.537)(0.381,-0.508)(0.403,-0.478)};
\draw[thin] plot coordinates {(-0.681,-0.334)(-0.705,-0.359)(-0.729,-0.386)(-0.753,-0.414)(-0.778,-0.444)(-0.802,-0.475)(-0.826,-0.509)(-0.851,-0.546)(-0.875,-0.585)(-0.899,-0.627)(-0.923,-0.673)(-0.945,-0.723)(-0.967,-0.778)(-0.986,-0.839)(-1.002,-0.906)(-1.013,-0.980)(-1.019,-1.063)};
\draw[thin] plot coordinates {(-0.681,-0.334)(-0.646,-0.339)(-0.612,-0.343)(-0.579,-0.346)(-0.546,-0.348)(-0.514,-0.349)(-0.483,-0.350)(-0.452,-0.349)(-0.421,-0.348)(-0.392,-0.346)(-0.362,-0.343)(-0.333,-0.340)(-0.305,-0.336)(-0.276,-0.331)(-0.248,-0.326)(-0.220,-0.321)(-0.193,-0.315)};
\draw[thin] plot coordinates {(-0.681,-0.334)(-0.715,-0.310)(-0.748,-0.283)(-0.780,-0.254)(-0.812,-0.222)(-0.842,-0.187)(-0.871,-0.150)(-0.899,-0.109)(-0.925,-0.065)(-0.949,-0.018)(-0.970,0.032)(-0.989,0.086)(-1.004,0.143)(-1.014,0.204)(-1.021,0.267)(-1.022,0.334)(-1.017,0.402)};
\draw[thin] plot coordinates {(-0.681,-0.334)(-0.670,-0.298)(-0.658,-0.263)(-0.645,-0.230)(-0.631,-0.198)(-0.616,-0.168)(-0.600,-0.138)(-0.584,-0.110)(-0.567,-0.082)(-0.549,-0.056)(-0.530,-0.030)(-0.512,-0.006)(-0.492,0.018)(-0.472,0.041)(-0.452,0.063)(-0.431,0.085)(-0.410,0.106)};
\draw[thin] plot coordinates {(-1.019,-1.063)(-1.116,-0.962)(-1.199,-0.851)(-1.265,-0.731)(-1.314,-0.607)(-1.345,-0.483)(-1.360,-0.362)(-1.360,-0.246)(-1.347,-0.138)(-1.324,-0.040)(-1.292,0.050)(-1.254,0.130)(-1.211,0.200)(-1.165,0.262)(-1.117,0.316)(-1.067,0.363)(-1.017,0.402)};
\draw[thin] plot coordinates {(-1.019,-1.063)(-0.933,-1.169)(-0.828,-1.268)(-0.706,-1.354)(-0.570,-1.425)(-0.423,-1.477)(-0.271,-1.507)(-0.119,-1.515)(0.027,-1.503)(0.163,-1.473)(0.286,-1.427)(0.396,-1.371)(0.490,-1.306)(0.570,-1.236)(0.636,-1.163)(0.689,-1.090)(0.732,-1.017)};
\draw[thin] plot coordinates {(-0.193,-0.315)(-0.212,-0.292)(-0.231,-0.268)(-0.248,-0.245)(-0.265,-0.220)(-0.282,-0.195)(-0.297,-0.170)(-0.312,-0.144)(-0.326,-0.118)(-0.339,-0.091)(-0.352,-0.064)(-0.364,-0.036)(-0.374,-0.009)(-0.384,0.019)(-0.394,0.048)(-0.402,0.077)(-0.410,0.106)};
\draw[thin] plot coordinates {(-0.193,-0.315)(-0.167,-0.304)(-0.142,-0.293)(-0.117,-0.281)(-0.092,-0.269)(-0.068,-0.257)(-0.043,-0.244)(-0.018,-0.231)(0.006,-0.217)(0.031,-0.203)(0.055,-0.188)(0.079,-0.173)(0.102,-0.157)(0.126,-0.141)(0.149,-0.124)(0.172,-0.107)(0.194,-0.089)};
\draw[thin] plot coordinates {(-1.017,0.402)(-1.033,0.461)(-1.045,0.524)(-1.053,0.593)(-1.054,0.667)(-1.048,0.748)(-1.033,0.834)(-1.007,0.925)(-0.967,1.021)(-0.912,1.120)(-0.839,1.219)(-0.746,1.316)(-0.633,1.405)(-0.500,1.484)(-0.349,1.545)(-0.184,1.585)(-0.011,1.600)};
\draw[thin] plot coordinates {(-1.017,0.402)(-0.969,0.445)(-0.921,0.482)(-0.872,0.513)(-0.823,0.540)(-0.775,0.562)(-0.728,0.580)(-0.681,0.595)(-0.636,0.606)(-0.592,0.615)(-0.549,0.620)(-0.507,0.624)(-0.466,0.625)(-0.426,0.624)(-0.388,0.622)(-0.350,0.617)(-0.314,0.612)};
\draw[thin] plot coordinates {(0.732,-1.017)(0.707,-0.968)(0.682,-0.923)(0.659,-0.880)(0.636,-0.840)(0.614,-0.802)(0.592,-0.767)(0.571,-0.732)(0.550,-0.700)(0.531,-0.668)(0.511,-0.638)(0.492,-0.610)(0.474,-0.582)(0.456,-0.555)(0.438,-0.528)(0.420,-0.503)(0.403,-0.478)};
\draw[thin] plot coordinates {(0.732,-1.017)(0.815,-0.972)(0.896,-0.918)(0.973,-0.853)(1.043,-0.778)(1.106,-0.695)(1.160,-0.604)(1.203,-0.509)(1.236,-0.409)(1.256,-0.309)(1.266,-0.209)(1.264,-0.111)(1.253,-0.017)(1.233,0.072)(1.205,0.155)(1.170,0.231)(1.131,0.300)};
\draw[thin] plot coordinates {(0.403,-0.478)(0.391,-0.451)(0.379,-0.424)(0.366,-0.398)(0.354,-0.373)(0.341,-0.347)(0.329,-0.323)(0.316,-0.299)(0.303,-0.275)(0.290,-0.251)(0.277,-0.227)(0.264,-0.204)(0.250,-0.181)(0.236,-0.158)(0.222,-0.135)(0.208,-0.112)(0.194,-0.089)};
\draw[thin] plot coordinates {(-0.410,0.106)(-0.412,0.136)(-0.413,0.167)(-0.414,0.198)(-0.413,0.229)(-0.412,0.260)(-0.409,0.291)(-0.405,0.323)(-0.400,0.354)(-0.394,0.386)(-0.387,0.418)(-0.378,0.450)(-0.369,0.482)(-0.357,0.514)(-0.345,0.547)(-0.330,0.579)(-0.314,0.612)};
\draw[thin] plot coordinates {(-0.011,1.600)(0.164,1.602)(0.339,1.577)(0.509,1.525)(0.664,1.450)(0.801,1.356)(0.916,1.250)(1.009,1.137)(1.079,1.022)(1.129,0.909)(1.161,0.801)(1.179,0.698)(1.185,0.604)(1.182,0.517)(1.170,0.437)(1.153,0.365)(1.131,0.300)};
\draw[thin] plot coordinates {(-0.011,1.600)(0.070,1.531)(0.134,1.462)(0.184,1.394)(0.224,1.329)(0.255,1.267)(0.280,1.208)(0.299,1.152)(0.314,1.098)(0.325,1.047)(0.334,0.999)(0.340,0.953)(0.344,0.909)(0.346,0.867)(0.347,0.827)(0.347,0.788)(0.346,0.751)};
\draw[thin] plot coordinates {(0.194,-0.089)(0.191,-0.061)(0.189,-0.033)(0.185,-0.005)(0.181,0.023)(0.177,0.051)(0.172,0.079)(0.166,0.107)(0.160,0.135)(0.153,0.162)(0.146,0.189)(0.139,0.216)(0.131,0.242)(0.123,0.269)(0.115,0.295)(0.106,0.321)(0.096,0.347)};
\draw[thin] plot coordinates {(0.194,-0.089)(0.218,-0.075)(0.241,-0.061)(0.265,-0.047)(0.288,-0.032)(0.311,-0.017)(0.333,-0.001)(0.355,0.015)(0.378,0.031)(0.400,0.047)(0.422,0.064)(0.443,0.082)(0.465,0.099)(0.487,0.118)(0.508,0.137)(0.530,0.156)(0.552,0.177)};
\draw[thin] plot coordinates {(1.131,0.300)(1.082,0.291)(1.035,0.283)(0.991,0.275)(0.950,0.267)(0.910,0.259)(0.871,0.251)(0.834,0.243)(0.799,0.235)(0.765,0.228)(0.732,0.220)(0.700,0.213)(0.669,0.205)(0.638,0.198)(0.609,0.191)(0.580,0.184)(0.552,0.177)};
\draw[thin] plot coordinates {(1.131,0.300)(1.092,0.369)(1.049,0.432)(1.002,0.489)(0.953,0.540)(0.901,0.584)(0.848,0.622)(0.795,0.655)(0.741,0.682)(0.688,0.704)(0.636,0.722)(0.584,0.735)(0.534,0.745)(0.484,0.750)(0.437,0.753)(0.390,0.753)(0.346,0.751)};
\draw[thin] plot coordinates {(-0.314,0.612)(-0.282,0.600)(-0.251,0.587)(-0.221,0.573)(-0.192,0.559)(-0.164,0.544)(-0.137,0.529)(-0.111,0.513)(-0.085,0.497)(-0.060,0.480)(-0.036,0.462)(-0.012,0.444)(0.010,0.426)(0.033,0.407)(0.055,0.387)(0.076,0.367)(0.096,0.347)};
\draw[thin] plot coordinates {(-0.314,0.612)(-0.282,0.636)(-0.248,0.658)(-0.213,0.679)(-0.177,0.698)(-0.138,0.716)(-0.099,0.731)(-0.058,0.744)(-0.017,0.755)(0.026,0.764)(0.070,0.770)(0.115,0.774)(0.160,0.775)(0.206,0.773)(0.252,0.769)(0.299,0.761)(0.346,0.751)};
\draw[thin] plot coordinates {(0.096,0.347)(0.126,0.343)(0.156,0.338)(0.185,0.333)(0.214,0.327)(0.244,0.319)(0.273,0.311)(0.301,0.302)(0.330,0.292)(0.358,0.281)(0.387,0.269)(0.415,0.256)(0.442,0.242)(0.470,0.228)(0.497,0.212)(0.525,0.195)(0.552,0.177)};
\draw[thin] plot coordinates {(0.096,0.347)(0.109,0.370)(0.122,0.394)(0.135,0.417)(0.149,0.441)(0.162,0.465)(0.176,0.489)(0.191,0.513)(0.206,0.538)(0.221,0.563)(0.237,0.588)(0.253,0.614)(0.270,0.640)(0.288,0.667)(0.306,0.694)(0.325,0.722)(0.346,0.751)};
\draw[thin] plot coordinates {(0.552,0.177)(0.552,0.211)(0.552,0.247)(0.550,0.282)(0.546,0.318)(0.540,0.354)(0.533,0.390)(0.524,0.427)(0.513,0.464)(0.500,0.500)(0.485,0.537)(0.468,0.574)(0.449,0.610)(0.427,0.646)(0.402,0.681)(0.375,0.716)(0.346,0.751)};
\fill (-0.145,-0.795) circle (0.045);
\fill (-0.681,-0.334) circle (0.045);
\filldraw[fill=white] (-1.019,-1.063) circle (0.033);
\filldraw[fill=white] (-0.193,-0.315) circle (0.033);
\filldraw[fill=white] (-1.017,0.402) circle (0.033);
\filldraw[fill=white] (0.732,-1.017) circle (0.033);
\filldraw[fill=black!35] (0.403,-0.478) +(-0.04,-0.04) rectangle +(0.04,0.04);
\filldraw[fill=black!35] (-0.410,0.106) +(-0.04,-0.04) rectangle +(0.04,0.04);
\filldraw[fill=black!35] (-0.011,1.600) +(-0.04,-0.04) rectangle +(0.04,0.04);
\filldraw[fill=white] (0.194,-0.089) circle (0.033);
\filldraw[fill=white] (1.131,0.300) circle (0.033);
\filldraw[fill=white] (-0.314,0.612) circle (0.033);
\filldraw[fill=white] (0.096,0.347) circle (0.033);
\filldraw[fill=white] (0.552,0.177) circle (0.033);
\fill (0.346,0.751) circle (0.045);
\end{tikzpicture}
% C3: stereographic projection from the centre of the pentagon on frame rows 4, 8, 15, 16, 13
\begin{tikzpicture}[scale=2.000]
\draw[thin] plot coordinates {(0.180,-0.551)(0.215,-0.551)(0.250,-0.550)(0.285,-0.548)(0.321,-0.544)(0.357,-0.538)(0.394,-0.531)(0.430,-0.522)(0.467,-0.511)(0.503,-0.497)(0.540,-0.482)(0.576,-0.465)(0.612,-0.445)(0.648,-0.423)(0.684,-0.398)(0.719,-0.371)(0.752,-0.341)};
\draw[thin] plot coordinates {(0.180,-0.551)(0.198,-0.523)(0.215,-0.496)(0.230,-0.469)(0.245,-0.441)(0.259,-0.413)(0.271,-0.385)(0.283,-0.357)(0.294,-0.328)(0.304,-0.300)(0.313,-0.271)(0.321,-0.242)(0.328,-0.213)(0.334,-0.183)(0.339,-0.154)(0.344,-0.124)(0.347,-0.094)};
\draw[thin] plot coordinates {(0.180,-0.551)(0.187,-0.579)(0.194,-0.608)(0.202,-0.637)(0.209,-0.667)(0.217,-0.699)(0.224,-0.730)(0.232,-0.764)(0.240,-0.798)(0.248,-0.833)(0.256,-0.870)(0.264,-0.908)(0.272,-0.948)(0.281,-0.990)(0.289,-1.034)(0.298,-1.080)(0.306,-1.129)};
\draw[thin] plot coordinates {(0.180,-0.551)(0.159,-0.529)(0.140,-0.508)(0.121,-0.486)(0.102,-0.464)(0.084,-0.443)(0.067,-0.421)(0.050,-0.399)(0.033,-0.377)(0.017,-0.355)(0.001,-0.333)(-0.015,-0.311)(-0.030,-0.288)(-0.045,-0.265)(-0.060,-0.242)(-0.074,-0.218)(-0.088,-0.194)};
\draw[thin] plot coordinates {(0.180,-0.551)(0.145,-0.561)(0.111,-0.569)(0.076,-0.576)(0.040,-0.582)(0.004,-0.585)(-0.032,-0.587)(-0.068,-0.588)(-0.104,-0.587)(-0.140,-0.584)(-0.176,-0.579)(-0.212,-0.573)(-0.248,-0.564)(-0.284,-0.555)(-0.319,-0.543)(-0.354,-0.529)(-0.389,-0.514)};
\draw[thin] plot coordinates {(0.752,-0.341)(0.724,-0.321)(0.696,-0.302)(0.668,-0.284)(0.642,-0.266)(0.615,-0.249)(0.589,-0.233)(0.564,-0.218)(0.539,-0.202)(0.514,-0.188)(0.490,-0.174)(0.466,-0.160)(0.442,-0.146)(0.418,-0.133)(0.394,-0.120)(0.371,-0.107)(0.347,-0.094)};
\draw[thin] plot coordinates {(0.752,-0.341)(0.755,-0.386)(0.756,-0.432)(0.753,-0.480)(0.748,-0.529)(0.738,-0.580)(0.725,-0.631)(0.708,-0.684)(0.686,-0.737)(0.659,-0.791)(0.627,-0.845)(0.589,-0.898)(0.545,-0.950)(0.495,-1.000)(0.438,-1.047)(0.375,-1.090)(0.306,-1.129)};
\draw[thin] plot coordinates {(0.752,-0.341)(0.763,-0.295)(0.770,-0.248)(0.774,-0.202)(0.776,-0.156)(0.775,-0.110)(0.771,-0.066)(0.764,-0.022)(0.755,0.021)(0.744,0.063)(0.730,0.103)(0.715,0.143)(0.697,0.181)(0.678,0.217)(0.657,0.252)(0.634,0.286)(0.610,0.318)};
\draw[thin] plot coordinates {(0.752,-0.341)(0.790,-0.342)(0.828,-0.342)(0.869,-0.341)(0.911,-0.338)(0.955,-0.334)(1.001,-0.328)(1.049,-0.319)(1.100,-0.308)(1.153,-0.292)(1.210,-0.273)(1.269,-0.248)(1.330,-0.217)(1.395,-0.176)(1.462,-0.126)(1.531,-0.061)(1.600,0.020)};
\draw[thin] plot coordinates {(0.347,-0.094)(0.368,-0.074)(0.387,-0.052)(0.407,-0.030)(0.426,-0.008)(0.444,0.015)(0.462,0.039)(0.479,0.063)(0.496,0.088)(0.512,0.113)(0.528,0.140)(0.544,0.167)(0.558,0.195)(0.572,0.224)(0.586,0.254)(0.598,0.286)(0.610,0.318)};
\draw[thin] plot coordinates {(0.347,-0.094)(0.322,-0.104)(0.296,-0.113)(0.269,-0.121)(0.243,-0.130)(0.217,-0.138)(0.190,-0.145)(0.163,-0.152)(0.136,-0.159)(0.108,-0.165)(0.080,-0.171)(0.052,-0.176)(0.024,-0.181)(-0.004,-0.185)(-0.032,-0.189)(-0.060,-0.192)(-0.088,-0.194)};
\draw[thin] plot coordinates {(0.347,-0.094)(0.339,-0.067)(0.330,-0.039)(0.320,-0.012)(0.309,0.015)(0.298,0.042)(0.286,0.068)(0.273,0.094)(0.260,0.120)(0.246,0.146)(0.231,0.171)(0.216,0.196)(0.200,0.220)(0.183,0.244)(0.166,0.267)(0.148,0.290)(0.130,0.312)};
\draw[thin] plot coordinates {(0.306,-1.129)(0.372,-1.151)(0.444,-1.168)(0.523,-1.179)(0.610,-1.182)(0.705,-1.175)(0.807,-1.157)(0.915,-1.124)(1.028,-1.073)(1.143,-1.002)(1.256,-0.909)(1.361,-0.794)(1.454,-0.656)(1.528,-0.500)(1.578,-0.330)(1.603,-0.154)(1.600,0.020)};
\draw[thin] plot coordinates {(0.306,-1.129)(0.237,-1.169)(0.161,-1.204)(0.079,-1.232)(-0.010,-1.253)(-0.104,-1.265)(-0.201,-1.267)(-0.302,-1.258)(-0.402,-1.238)(-0.502,-1.206)(-0.598,-1.164)(-0.688,-1.110)(-0.772,-1.048)(-0.847,-0.978)(-0.912,-0.901)(-0.968,-0.821)(-1.013,-0.738)};
\draw[thin] plot coordinates {(0.610,0.318)(0.577,0.324)(0.544,0.329)(0.512,0.333)(0.481,0.336)(0.450,0.338)(0.419,0.339)(0.389,0.340)(0.359,0.339)(0.330,0.338)(0.301,0.336)(0.272,0.334)(0.243,0.331)(0.215,0.327)(0.186,0.323)(0.158,0.318)(0.130,0.312)};
\draw[thin] plot coordinates {(0.610,0.318)(0.615,0.354)(0.619,0.391)(0.622,0.430)(0.622,0.469)(0.621,0.510)(0.617,0.552)(0.611,0.595)(0.603,0.639)(0.591,0.685)(0.576,0.731)(0.558,0.779)(0.535,0.826)(0.508,0.875)(0.476,0.924)(0.439,0.972)(0.396,1.020)};
\draw[thin] plot coordinates {(-0.088,-0.194)(-0.106,-0.214)(-0.123,-0.234)(-0.141,-0.254)(-0.159,-0.274)(-0.176,-0.293)(-0.194,-0.313)(-0.212,-0.333)(-0.231,-0.352)(-0.249,-0.372)(-0.268,-0.392)(-0.287,-0.412)(-0.307,-0.432)(-0.326,-0.452)(-0.347,-0.472)(-0.368,-0.493)(-0.389,-0.514)};
\draw[thin] plot coordinates {(-0.088,-0.194)(-0.106,-0.172)(-0.123,-0.150)(-0.140,-0.127)(-0.157,-0.103)(-0.172,-0.080)(-0.188,-0.056)(-0.203,-0.032)(-0.217,-0.007)(-0.231,0.017)(-0.244,0.041)(-0.257,0.066)(-0.270,0.091)(-0.282,0.116)(-0.294,0.141)(-0.305,0.166)(-0.316,0.191)};
\draw[thin] plot coordinates {(-0.389,-0.514)(-0.415,-0.531)(-0.443,-0.548)(-0.471,-0.564)(-0.501,-0.581)(-0.532,-0.597)(-0.564,-0.613)(-0.598,-0.629)(-0.633,-0.645)(-0.671,-0.660)(-0.711,-0.675)(-0.753,-0.689)(-0.798,-0.702)(-0.846,-0.714)(-0.897,-0.724)(-0.953,-0.732)(-1.013,-0.738)};
\draw[thin] plot coordinates {(1.600,0.020)(1.584,0.193)(1.543,0.358)(1.481,0.508)(1.402,0.641)(1.311,0.754)(1.214,0.846)(1.114,0.918)(1.015,0.973)(0.919,1.012)(0.828,1.038)(0.742,1.052)(0.661,1.058)(0.587,1.056)(0.518,1.048)(0.455,1.036)(0.396,1.020)};
\draw[thin] plot coordinates {(0.130,0.312)(0.101,0.310)(0.072,0.308)(0.043,0.304)(0.015,0.300)(-0.014,0.295)(-0.043,0.289)(-0.071,0.282)(-0.099,0.275)(-0.127,0.267)(-0.155,0.258)(-0.183,0.249)(-0.210,0.239)(-0.237,0.228)(-0.263,0.216)(-0.290,0.204)(-0.316,0.191)};
\draw[thin] plot coordinates {(-1.013,-0.738)(-1.086,-0.696)(-1.159,-0.642)(-1.232,-0.577)(-1.303,-0.497)(-1.368,-0.403)(-1.426,-0.295)(-1.472,-0.171)(-1.503,-0.035)(-1.516,0.111)(-1.509,0.262)(-1.479,0.414)(-1.429,0.561)(-1.358,0.698)(-1.272,0.821)(-1.174,0.926)(-1.068,1.012)};
\draw[thin] plot coordinates {(-1.013,-0.738)(-1.037,-0.655)(-1.053,-0.574)(-1.060,-0.497)(-1.061,-0.424)(-1.055,-0.356)(-1.045,-0.291)(-1.030,-0.231)(-1.011,-0.175)(-0.990,-0.124)(-0.966,-0.076)(-0.941,-0.032)(-0.914,0.009)(-0.886,0.046)(-0.856,0.080)(-0.827,0.112)(-0.796,0.141)};
\draw[thin] plot coordinates {(-0.316,0.191)(-0.343,0.192)(-0.370,0.192)(-0.398,0.192)(-0.426,0.191)(-0.454,0.190)(-0.483,0.189)(-0.511,0.187)(-0.541,0.185)(-0.570,0.182)(-0.601,0.178)(-0.631,0.174)(-0.663,0.169)(-0.695,0.164)(-0.728,0.157)(-0.762,0.149)(-0.796,0.141)};
\draw[thin] plot coordinates {(-0.316,0.191)(-0.322,0.219)(-0.328,0.246)(-0.333,0.274)(-0.337,0.303)(-0.342,0.331)(-0.345,0.360)(-0.348,0.390)(-0.350,0.419)(-0.352,0.450)(-0.352,0.480)(-0.352,0.512)(-0.352,0.544)(-0.350,0.577)(-0.347,0.610)(-0.343,0.644)(-0.338,0.680)};
\draw[thin] plot coordinates {(0.396,1.020)(0.356,1.069)(0.310,1.119)(0.256,1.166)(0.193,1.212)(0.123,1.255)(0.042,1.293)(-0.047,1.324)(-0.146,1.347)(-0.254,1.359)(-0.369,1.358)(-0.490,1.342)(-0.614,1.310)(-0.738,1.261)(-0.858,1.194)(-0.969,1.110)(-1.068,1.012)};
\draw[thin] plot coordinates {(0.396,1.020)(0.328,1.024)(0.261,1.022)(0.198,1.016)(0.138,1.004)(0.080,0.989)(0.027,0.971)(-0.024,0.949)(-0.071,0.925)(-0.114,0.899)(-0.155,0.871)(-0.192,0.841)(-0.227,0.810)(-0.258,0.779)(-0.287,0.746)(-0.314,0.713)(-0.338,0.680)};
\draw[thin] plot coordinates {(-1.068,1.012)(-1.089,0.912)(-1.097,0.820)(-1.095,0.737)(-1.086,0.661)(-1.072,0.593)(-1.054,0.531)(-1.033,0.474)(-1.010,0.423)(-0.986,0.377)(-0.960,0.334)(-0.933,0.295)(-0.906,0.259)(-0.879,0.226)(-0.851,0.195)(-0.824,0.167)(-0.796,0.141)};
\draw[thin] plot coordinates {(-1.068,1.012)(-0.986,1.008)(-0.911,0.996)(-0.844,0.981)(-0.784,0.962)(-0.729,0.941)(-0.679,0.919)(-0.633,0.896)(-0.590,0.872)(-0.551,0.848)(-0.514,0.824)(-0.480,0.799)(-0.448,0.775)(-0.418,0.751)(-0.390,0.727)(-0.363,0.703)(-0.338,0.680)};
\draw[thin] plot coordinates {(-0.796,0.141)(-0.785,0.187)(-0.770,0.232)(-0.753,0.276)(-0.733,0.318)(-0.711,0.359)(-0.686,0.399)(-0.659,0.437)(-0.630,0.473)(-0.599,0.506)(-0.566,0.538)(-0.531,0.568)(-0.495,0.595)(-0.457,0.620)(-0.418,0.642)(-0.378,0.662)(-0.338,0.680)};
\fill (0.180,-0.551) circle (0.045);
\fill (0.752,-0.341) circle (0.045);
\fill (0.347,-0.094) circle (0.045);
\filldraw[fill=white] (0.306,-1.129) circle (0.033);
\filldraw[fill=white] (0.610,0.318) circle (0.033);
\filldraw[fill=white] (-0.088,-0.194) circle (0.033);
\filldraw[fill=black!35] (-0.389,-0.514) +(-0.04,-0.04) rectangle +(0.04,0.04);
\filldraw[fill=black!35] (1.600,0.020) +(-0.04,-0.04) rectangle +(0.04,0.04);
\filldraw[fill=black!35] (0.130,0.312) +(-0.04,-0.04) rectangle +(0.04,0.04);
\filldraw[fill=white] (-1.013,-0.738) circle (0.033);
\filldraw[fill=white] (-0.316,0.191) circle (0.033);
\filldraw[fill=white] (0.396,1.020) circle (0.033);
\filldraw[fill=white] (-1.068,1.012) circle (0.033);
\filldraw[fill=white] (-0.796,0.141) circle (0.033);
\filldraw[fill=white] (-0.338,0.680) circle (0.033);
\end{tikzpicture}
