module	declaration	hypotheses c ≤ aInf	passed to	LEAF
BoundaryAdjacency	supported_tiling_boundary_adjacency	hcupper	-	LEAF
BoundaryCoverage	ContactBoundaryCycle.maximal_corner_mem_region	hcupper	-	LEAF
BoundaryCoverage	supported_boundary_regions_cover	hcupper	-	LEAF
BoundaryCoverage	no_isolated_vertices_of_boundary_support	hcupper	supported_boundary_regions_cover	LEAF
BoundaryFaceArrays	boundary_sum_by_length	hcupper	-	LEAF
BoundaryFaceArrays	boundary_length_counts	hcupper	boundary_sum_by_length	-
BoundaryFaceArrays	boundary_array_euler_bound	hcupper	boundary_length_counts,contact_euler_upper_bound_of_support	-
BoundaryFaceArrays	boundary_array_angle_sum	hcupper	boundary_sum_by_length,no_isolated_vertices_of_boundary_support	-
BoundaryFaceSupport	ContactBoundaryCycle.weak_support_from_actual_face	hcupper	face_supports_next_dart,initial_supporting_face	-
BoundaryPolygons	ContactBoundaryCycle.three_or_four_of_support	hcupper	contact_polygon_three_or_four	-
BoundarySupportAssembly	IrreducibleBoundarySupport	-	-	LEAF
BoundarySupportAssembly	decomposition_of_boundary_support	-	-	LEAF
ChartInverse	tangentCoordinateInverse	-	-	LEAF
ChartInverse	tangentCoordinateInverse_left	-	-	LEAF
ChartInverse	tangentCoordinateInverse_right	-	-	LEAF
ContactCertificate	rigidityRow	-	-	LEAF
ContactCertificate	contact_minor_injective	-	-	LEAF
ContactComponents	irreducible_component_size	hcupper	-	LEAF
ContactComponents	unique_nontrivial_contact_component	hcupper	irreducible_component_size	-
ContactComponents	irreducible_component_two_connected	hcupper	-	LEAF
ContactCycleEmbedding	contact_edge_sides_not_joined	hcupper	simple_contact_cycle_through_neighbors	-
ContactEdgeFaceModel	contactFaceRegion_model_at_edge	hcupper	contact_edge_sides_not_joined	-
ContactEulerBound	contact_euler_upper_bound	hcupper	contact_joint_invariants_constant	-
ContactEulerBound	contact_euler_upper_bound_of_support	hcupper	contact_euler_upper_bound,no_isolated_vertices_of_boundary_support	-
ContactFaceLocalModels	contactFaceRegion_locally_spherical_polyhedral	hcupper	contactFaceRegion_model_at_edge,contactFaceRegion_model_at_nonisolated_vertex	-
ContactFaceLocalModels	contactFaceRegion_shortArcClosed	hcupper	contactFaceRegion_locally_spherical_polyhedral	-
ContactFaceRegions	StrictSphericalPolygon.contact_region_covering	hcupper	contact_polygon_three_or_four	-
ContactFaceRegions	ContactBoundaryCycle.region_covering	hcupper	-	LEAF
ContactFaceRegions	ContactBoundaryCycle.region_configuration_vertex	hcupper	-	LEAF
ContactGeometryGlobal	aInf_lt_one_third	-	-	LEAF
ContactOrder	ContactOrderData.degree_le_four	hcupper	packing_equilateral_angle_range	LEAF
ContactOrder	irreducible_contact_degree_le_four	hcupper	-	LEAF
ContactRankBound	selectedContactRows_norm_continuous	-	-	LEAF
ContactRotationInvariants	contact_joint_invariants_constant	hcupper	unique_nontrivial_contact_component	-
ContactSimpleCycles	simple_contact_cycle_through_neighbors	hcupper	irreducible_component_two_connected	-
ContactTilingData	ContactTilingData.local_area_reduction	hcupper	packing_equilateral_angle_range	LEAF
ContactTilingData	ContactTilingData.packing_and_euler	hcupper	packing_euler_count_eq	LEAF
ContactTilingData	ContactTilingData.euler	hcupper	-	LEAF
ContactTilingData	ContactTilingData.total_excess	hcupper	-	LEAF
ContactTilingData	ContactTilingData.area_bound	hcupper	-	LEAF
ContactTilingData	ContactTilingData.beta_mem_Ioo	hcupper	packing_equilateral_angle_range	-
ContactTilingData	ContactTilingData.packing_bound	hcupper	packing_equilateral_angle_range	LEAF
ContactTilingData	ContactTilingData.equality_incidence	-	-	LEAF
ContactTilingData	ContactTilingData.equality_face_counts	-	-	-
ContactTilingData	ContactTilingData.equality_quad_angles	-	-	-
ContactTilingData	ContactTilingData.equality_quads_disjoint	-	-	-
ContactTilingRigidity	contact_tiling_rigidity	-	-	LEAF
ContactVertexFaceModel	contactFaceRegion_model_at_nonisolated_vertex	hcupper	contact_vertex_sector_separation	-
CycleVertexSeparation	contact_vertex_sector_separation	hcupper	simple_contact_cycle_through_neighbors	-
Definitions	aInf	-	-	-
Definitions	tau	-	-	LEAF
Definitions	P	-	-	LEAF
EqualityReconstruction	regular_square_cross_contact_reconstruction	-	-	LEAF
EqualityReconstruction	relabeled_regular_square_cross_contact_reconstruction	-	-	LEAF
EqualityReconstruction	square_triangle_witness_reconstruction	-	-	LEAF
EqualityReconstruction	regular_square_triangle_witness_reconstruction	-	-	LEAF
ExteriorTriangle	aInf_horizontal_identity	-	-	LEAF
ExteriorTriangle	exterior_triangle_vertex	-	-	LEAF
ExteriorTriangle	exterior_triangle_vertex_cyclic	-	-	LEAF
FaceDartPropagation	face_supports_next_dart	hcupper	contactFaceRegion_model_at_nonisolated_vertex,contactFaceRegion_shortArcClosed,contact_edge_in_face_of_interior	-
FaceEdgePropagation	contact_edge_in_face_of_interior	hcupper	contactFaceRegion_model_at_edge	-
GlobalPackingAssembly	IrreducibleContactDecomposition	-	-	LEAF
GlobalPackingAssembly	global_packing_bound_of_decomposition	-	-	LEAF
GlobalPackingAssembly	global_packing_rigidity_of_decomposition	-	-	LEAF
Infinitesimal	polarP	-	-	LEAF
Infinitesimal	tangentVector	-	-	LEAF
Infinitesimal	tangentVector_orthogonal	-	-	LEAF
Infinitesimal	inner_variation_eq_rigidityRow	-	-	LEAF
InitialSupportingFace	initial_supporting_face	hcupper	contactFaceRegion_shortArcClosed,contact_edge_in_face_of_interior,contact_edge_sides_not_joined	-
LocalChart	polarP_norm	-	-	LEAF
PackingConstants	aInf_quadratic	-	-	LEAF
PackingConstants	scalar_packing_endgame	-	-	LEAF
PackingConstants	P_isConfiguration	-	-	LEAF
PackingConstants	P_pair_sq_ge_tau	-	-	LEAF
PackingEndgame	packing_bound_from_angles	-	-	-
PackingEndgame	packing_angles_equality	-	-	LEAF
PackingMaximum	packingMaxInner_P_le	-	-	LEAF
PackingMaximum	packing_maximum_exists	-	-	LEAF
Parameter	aInf_mem_Ioo	-	-	LEAF
Parameter	dA_aInf	-	-	-
Parameter	dB_aInf	-	-	-
Parameter	dC_aInf	-	-	LEAF
Parameter	F_aInf_neg	-	-	LEAF
Parameter	aStar_gt_aInf	-	-	LEAF
Parameter	antiprism_sublevel	-	-	LEAF
PolygonExcess	packing_edge_angle_gt	hcupper	-	LEAF
PolygonExcess	contact_polygon_three_or_four	hcupper	packing_edge_angle_gt	-
PositiveStress	exact_positive_stress	-	-	LEAF
RhombusScalar	packing_equilateral_angle_range	hta	-	LEAF
SliceAlignment	sliceDot_P	-	-	LEAF
SliceAlignment	sliceTargetPerp_P_ne	-	-	LEAF
SliceCovering	local_chart_covering	-	-	LEAF
SliceTarget	sliceTargetDen	-	-	LEAF
SliceTarget	sliceTargetU	-	-	LEAF
SliceTarget	sliceTargetW	-	-	LEAF
SliceTarget	sliceTarget	-	-	LEAF
SliceTarget	sliceTargetDen_pos	-	-	LEAF
SliceTarget	sliceTarget_coefficients	-	-	LEAF
SliceTarget	sliceTarget_norm	-	-	LEAF
SliceTarget	sliceTarget_inner	-	-	LEAF
SliceTarget	sliceTarget_at_center	-	-	LEAF
SliceTarget	inverseSphereChart_sliceTarget	-	-	LEAF
SupportedTiling	supportedContactTilingData	hcupper	boundary_array_angle_sum,boundary_array_euler_bound	-
SupportedTiling	packing_constant_of_boundary_support	hcupper	supportedContactTilingData	LEAF
VoronoiRegions	StrictSphericalPolygon.maximal_corner_mem_region	hcupper	contact_polygon_three_or_four	-
WeakEulerArea	packing_euler_count_eq	hcupper	packing_equilateral_angle_range	LEAF
