MIXED     1/140 Definitions: Fin8=12 kept=8 rounds=1 6s
UNCHANGED 2/140 ScottInequality: Fin8=0 kept=0 rounds=1 6s
MIXED     3/140 Antiprism: Fin8=17 kept=6 rounds=1 6s
UNCHANGED 4/140 Parameter: Fin8=0 kept=0 rounds=1 6s
MIXED     5/140 ContactCertificate: Fin8=5 kept=5 rounds=1 6s
MIXED     6/140 PackingGeometry: Fin8=5 kept=5 rounds=1 5s
MIXED     7/140 ContactRankBound: Fin8=1 kept=1 rounds=1 7s
MIXED     8/140 PositiveStress: Fin8=1 kept=1 rounds=1 6s
UNCHANGED 9/140 VertexConcavity: Fin8=0 kept=0 rounds=1 6s
MIXED     10/140 RankinBound: Fin8=1 kept=1 rounds=1 6s
MIXED     11/140 PackingConstants: Fin8=1 kept=1 rounds=1 7s
MIXED     12/140 Infinitesimal: Fin8=6 kept=6 rounds=1 7s
UNCHANGED 13/140 VertexArea: Fin8=0 kept=0 rounds=1 6s
UNCHANGED 14/140 ContactGeometryGlobal: Fin8=0 kept=0 rounds=1 7s
GENERIC   15/140 PackingPush: Fin8=2 kept=0 rounds=1 7s
UNCHANGED 16/140 ExteriorTriangle: Fin8=0 kept=0 rounds=1 6s
UNCHANGED 17/140 PackingEndgame: Fin8=0 kept=0 rounds=1 8s
MIXED     18/140 LocalChart: Fin8=16 kept=13 rounds=1 7s
MIXED     19/140 AreaSummation: Fin8=3 kept=1 rounds=1 7s
UNCHANGED 20/140 HemisphereCoordinates: Fin8=0 kept=0 rounds=1 7s
UNCHANGED 21/140 ContactCovering: Fin8=0 kept=0 rounds=1 8s
GENERIC   22/140 PackingReduction: Fin8=12 kept=0 rounds=1 6s
UNCHANGED 23/140 RhombusConcavity: Fin8=0 kept=0 rounds=1 8s
MIXED     24/140 ChartInverse: Fin8=4 kept=4 rounds=1 5s
UNCHANGED 25/140 LocalRotations: Fin8=0 kept=0 rounds=1 9s
GENERIC   26/140 FaceIncidence: Fin8=14 kept=0 rounds=1 6s
GENERIC   27/140 ContactDirections: Fin8=4 kept=0 rounds=1 6s
MIXED     28/140 PackingMaximum: Fin8=15 kept=10 rounds=1 6s
UNCHANGED 29/140 RhombusScalar: Fin8=0 kept=0 rounds=1 5s
MIXED     30/140 SliceTarget: Fin8=1 kept=1 rounds=1 5s
GENERIC   31/140 ArcEmbedding: Fin8=5 kept=0 rounds=1 6s
UNCHANGED 32/140 SphericalMetric: Fin8=0 kept=0 rounds=1 7s
MIXED     33/140 ContactSeparation: Fin8=14 kept=1 rounds=1 5s
MIXED     34/140 WeakEulerArea: Fin8=2 kept=1 rounds=1 5s
MIXED     35/140 SliceAlignment: Fin8=22 kept=20 rounds=1 5s
UNCHANGED 36/140 CirclePhase: Fin8=0 kept=0 rounds=1 5s
UNCHANGED 37/140 SphericalStrictMetric: Fin8=0 kept=0 rounds=1 5s
MIXED     38/140 ContactComponents: Fin8=26 kept=3 rounds=1 5s
MIXED     39/140 SliceCovering: Fin8=7 kept=2 rounds=1 5s
UNCHANGED 40/140 CircleOrder: Fin8=0 kept=0 rounds=1 5s
UNCHANGED 41/140 CrossAlgebra: Fin8=0 kept=0 rounds=1 5s
GENERIC   42/140 ComponentHemisphere: Fin8=5 kept=0 rounds=1 4s
GENERIC   43/140 OrbitClosure: Fin8=11 kept=0 rounds=1 5s
UNCHANGED 44/140 CircleGapInterior: Fin8=0 kept=0 rounds=1 5s
UNCHANGED 45/140 FiniteCycles: Fin8=0 kept=0 rounds=1 6s
UNCHANGED 46/140 SphericalCone: Fin8=0 kept=0 rounds=1 5s
UNCHANGED 47/140 SphericalTriangle: Fin8=0 kept=0 rounds=1 5s
UNCHANGED 48/140 PermutationPartition: Fin8=0 kept=0 rounds=1 6s
UNCHANGED 49/140 SphericalPolygon: Fin8=0 kept=0 rounds=1 5s
UNCHANGED 50/140 CrossRotations: Fin8=0 kept=0 rounds=1 5s
UNCHANGED 51/140 ContactAngles: Fin8=0 kept=0 rounds=1 5s
UNCHANGED 52/140 PermutationFixedSpace: Fin8=0 kept=0 rounds=1 5s
UNCHANGED 53/140 TangentCircle: Fin8=0 kept=0 rounds=1 4s
UNCHANGED 54/140 RhombusGram: Fin8=0 kept=0 rounds=1 5s
UNCHANGED 55/140 TangentAngles: Fin8=0 kept=0 rounds=1 5s
GENERIC   56/140 ContactOrder: Fin8=9 kept=0 rounds=1 5s
UNCHANGED 57/140 RhombusOrientation: Fin8=0 kept=0 rounds=1 4s
UNCHANGED 58/140 OrthonormalFrame: Fin8=0 kept=0 rounds=1 5s
UNCHANGED 59/140 RhombusRelation: Fin8=0 kept=0 rounds=1 4s
UNCHANGED 60/140 TangentWedge: Fin8=0 kept=0 rounds=1 5s
GENERIC   61/140 RotationSystem: Fin8=17 kept=0 rounds=1 5s
UNCHANGED 62/140 RhombusBounds: Fin8=0 kept=0 rounds=1 5s
UNCHANGED 63/140 SphericalFan: Fin8=0 kept=0 rounds=1 5s
MIXED     64/140 ContactRotationInvariants: Fin8=14 kept=2 rounds=1 4s
GENERIC   65/140 ContactSectorCover: Fin8=5 kept=0 rounds=1 5s
GENERIC   66/140 ContactSector: Fin8=6 kept=0 rounds=1 5s
GENERIC   67/140 ContactBoundary: Fin8=4 kept=0 rounds=1 5s
UNCHANGED 68/140 RhombusFace: Fin8=0 kept=0 rounds=1 5s
UNCHANGED 69/140 RegularSquare: Fin8=0 kept=0 rounds=1 5s
UNCHANGED 70/140 PolygonExcess: Fin8=0 kept=0 rounds=1 5s
MIXED     71/140 ContactTilingData: Fin8=15 kept=10 rounds=1 5s
MIXED     72/140 EqualityReconstruction: Fin8=11 kept=5 rounds=1 5s
MIXED     73/140 BoundaryPolygons: Fin8=3 kept=1 rounds=2 20s
MIXED     74/140 ContactTilingRigidity: Fin8=2 kept=1 rounds=2 21s
GENERIC   75/140 ContactChainConvexity: Fin8=4 kept=0 rounds=1 12s
GENERIC   76/140 ContactFaceRegions: Fin8=2 kept=0 rounds=1 9s
GENERIC   77/140 BoundaryPartition: Fin8=11 kept=0 rounds=1 9s
MIXED     78/140 GlobalPackingAssembly: Fin8=5 kept=4 rounds=2 17s
GENERIC   79/140 WeakBoundarySupport: Fin8=1 kept=0 rounds=1 12s
GENERIC   80/140 ShortBoundaryCycles: Fin8=1 kept=0 rounds=1 8s
UNCHANGED 81/140 VoronoiRegions: Fin8=0 kept=0 rounds=1 8s
GENERIC   82/140 BoundaryReindex: Fin8=3 kept=0 rounds=1 8s
GENERIC   83/140 SphericalArcSupport: Fin8=1 kept=0 rounds=1 9s
GENERIC   84/140 EmptyContactSector: Fin8=5 kept=0 rounds=1 8s
GENERIC   85/140 BoundaryCoverage: Fin8=4 kept=0 rounds=1 8s
UNCHANGED 86/140 GreatCircleShortening: Fin8=0 kept=0 rounds=1 10s
GENERIC   87/140 ContactQuadrilateral: Fin8=4 kept=0 rounds=1 7s
MIXED     88/140 ContactEulerBound: Fin8=3 kept=2 rounds=3 25s
UNCHANGED 89/140 SphericalArcStability: Fin8=0 kept=0 rounds=1 10s
MIXED     90/140 BoundaryFaceArrays: Fin8=14 kept=1 rounds=2 18s
UNCHANGED 91/140 SphericalLocalConnectivity: Fin8=0 kept=0 rounds=1 8s
MIXED     92/140 SupportedTiling: Fin8=2 kept=2 rounds=3 23s
UNCHANGED 93/140 FinitePatchChains: Fin8=0 kept=0 rounds=1 8s
MIXED     94/140 BoundaryAdjacency: Fin8=5 kept=1 rounds=2 16s
UNCHANGED 95/140 PatchChainMinimization: Fin8=0 kept=0 rounds=1 9s
MIXED     96/140 BoundarySupportAssembly: Fin8=2 kept=2 rounds=2 15s
UNCHANGED 97/140 CompactArcPatches: Fin8=0 kept=0 rounds=1 9s
UNCHANGED 98/140 FiniteArcPatchCover: Fin8=0 kept=0 rounds=1 8s
UNCHANGED 99/140 SphericalConvexPatches: Fin8=0 kept=0 rounds=1 9s
UNCHANGED 100/140 LocalSphericalModels: Fin8=0 kept=0 rounds=1 9s
UNCHANGED 101/140 AngularArcParametrization: Fin8=0 kept=0 rounds=1 9s
UNCHANGED 102/140 PatchChainSplicing: Fin8=0 kept=0 rounds=1 8s
UNCHANGED 103/140 GreatCircleCorners: Fin8=0 kept=0 rounds=1 8s
UNCHANGED 104/140 ShortestChainCorners: Fin8=0 kept=0 rounds=1 8s
UNCHANGED 105/140 ReducedPatchChains: Fin8=0 kept=0 rounds=1 7s
UNCHANGED 106/140 GreatCircleFrames: Fin8=0 kept=0 rounds=1 8s
UNCHANGED 107/140 ShortestChainGreatCircle: Fin8=0 kept=0 rounds=1 8s
UNCHANGED 108/140 GreatCircleTrace: Fin8=0 kept=0 rounds=1 8s
UNCHANGED 109/140 TracePatchSubdivision: Fin8=0 kept=0 rounds=1 8s
UNCHANGED 110/140 ShortArcPatchChains: Fin8=0 kept=0 rounds=1 8s
UNCHANGED 111/140 InteriorChainShortening: Fin8=0 kept=0 rounds=1 9s
UNCHANGED 112/140 SphericalRegionInterior: Fin8=0 kept=0 rounds=1 8s
UNCHANGED 113/140 GreatCircleInteriorPropagation: Fin8=0 kept=0 rounds=1 8s
GENERIC   114/140 LocalToGlobalArcConvexity: Fin8=1 kept=0 rounds=1 9s
UNCHANGED 115/140 SphericalComplementRegions: Fin8=0 kept=0 rounds=1 8s
GENERIC   116/140 ContactGraphTrace: Fin8=9 kept=0 rounds=1 8s
UNCHANGED 117/140 ContactArcLocalGeometry: Fin8=0 kept=0 rounds=1 9s
UNCHANGED 118/140 SolidAngleAlgebra: Fin8=0 kept=0 rounds=1 8s
UNCHANGED 119/140 SolidAngleDerivative: Fin8=0 kept=0 rounds=1 10s
UNCHANGED 120/140 SolidAngleDomain: Fin8=0 kept=0 rounds=1 10s
UNCHANGED 121/140 CycleSeparationValue: Fin8=0 kept=0 rounds=1 11s
UNCHANGED 122/140 CycleEdgeSeparation: Fin8=0 kept=0 rounds=1 8s
GENERIC   123/140 ContactSimpleCycles: Fin8=11 kept=0 rounds=1 8s
GENERIC   124/140 ContactCycleEmbedding: Fin8=9 kept=0 rounds=1 8s
GENERIC   125/140 ContactEndpointGeometry: Fin8=2 kept=0 rounds=1 12s
UNCHANGED 126/140 SphericalCapPaths: Fin8=0 kept=0 rounds=1 12s
UNCHANGED 127/140 PuncturedSphericalCaps: Fin8=0 kept=0 rounds=1 10s
UNCHANGED 128/140 SphericalWedgePaths: Fin8=0 kept=0 rounds=1 10s
UNCHANGED 129/140 ComponentWedgeModel: Fin8=0 kept=0 rounds=1 9s
GENERIC   130/140 CycleVertexSeparation: Fin8=4 kept=0 rounds=1 11s
GENERIC   131/140 ContactLocalStars: Fin8=7 kept=0 rounds=1 9s
GENERIC   132/140 ContactSectorNeighborhoods: Fin8=4 kept=0 rounds=1 9s
GENERIC   133/140 ContactVertexFaceModel: Fin8=2 kept=0 rounds=1 10s
GENERIC   134/140 ContactEdgeFaceModel: Fin8=4 kept=0 rounds=1 9s
GENERIC   135/140 ContactFaceLocalModels: Fin8=5 kept=0 rounds=1 8s
GENERIC   136/140 FaceEdgePropagation: Fin8=2 kept=0 rounds=1 8s
GENERIC   137/140 FaceDartPropagation: Fin8=2 kept=0 rounds=1 8s
GENERIC   138/140 InitialSupportingFace: Fin8=1 kept=0 rounds=1 7s
GENERIC   139/140 BoundaryFaceSupport: Fin8=1 kept=0 rounds=1 9s
MIXED     140/140 BestPacking: Fin8=1 kept=1 rounds=2 17s
totals:
  UNCHANGED 72
  GENERIC 37
  MIXED 31
  ORIGINAL 0
  BLOCKED 0
  kept declarations: 122
  wall 1098 s; cgroup memory.peak 1697824768 bytes
