qb over Q(u): [(2, 1)]
absolute degree: 20
18 frame points have exact unit norm
C3 exact contacts: 30  max over other pairs of <x,y> - u: -0.167910430543256225387046360472499820939773909100673018806582878360020192538304566696238167097187499091675139173409007483978798642285888760309470668358405420986672870273156324391544
C1 exact contacts: 30  max over other pairs of <x,y> - u: -0.167910430543256225387046360472499820939773909100673018806582878360020192538304566696238167097187499091675139173409007483978798642285888760309470668358405420986672870273156324391542
psi* deg: [53.657850129932673805526041483702993031695770189422556474656036094033950500003270594972390443774937593419692842502794374854092649201550306013066105424525181987394082760416101403499 +/- 5.22e-178]
C3: singular values of L^T (3 smallest) [6.133665194386824e-15, 1.716393062948548e-16, 1.032643504775684e-16]
C3: lambda_min(A) >= 1.038891e-01 (rational Cholesky at 1.038891e-01, radius 2.24e-178); sigma >= 3.223183e-01
C3: stress omega > 0: min 5.485475e-03, sum 1.000000e+00, W = 182.2996, |eps| = 7.44e-16
C3: c >= 3.228038e-04 ; radius r = 5.181593e-05 (per point, Euclidean), sqrt(15) r <= 0.1: True
C3: contacts [(0, 1), (0, 2), (0, 3), (0, 5), (0, 6), (1, 2), (1, 3), (1, 4), (1, 7), (2, 4), (2, 5), (2, 8), (3, 7), (3, 9), (4, 8), (4, 11), (5, 6), (5, 10), (6, 9), (7, 11), (8, 10), (9, 12), (9, 13), (10, 13), (10, 14), (11, 12), (11, 14), (12, 13), (12, 14), (13, 14)]
C3: omega [0.013679680910033, 0.013679680910033, 0.041182765908428, 0.040245481051481, 0.005485475422151, 0.013679680910033, 0.040245481051481, 0.041182765908428, 0.005485475422151, 0.040245481051481, 0.041182765908428, 0.005485475422151, 0.029656374525177, 0.067458399834651, 0.029656374525177, 0.067458399834651, 0.029656374525177, 0.067458399834651, 0.032103837359567, 0.032103837359567, 0.032103837359567, 0.04589110720542, 0.04589110720542, 0.04589110720542, 0.04589110720542, 0.04589110720542, 0.04589110720542, 0.011739103911007, 0.011739103911007, 0.011739103911007]
C1: singular values of L^T (3 smallest) [2.1285467970126175e-16, 1.2471415893132658e-16, 6.408650677705362e-17]
C1: lambda_min(A) >= 9.651692e-02 (rational Cholesky at 9.651692e-02, radius 2.24e-178); sigma >= 3.106717e-01
C1: stress omega > 0: min 5.485475e-03, sum 1.000000e+00, W = 182.2996, |eps| = 1.59e-15
C1: c >= 3.111397e-04 ; radius r = 4.994362e-05 (per point, Euclidean), sqrt(15) r <= 0.1: True
C1: contacts [(0, 1), (0, 2), (0, 3), (0, 5), (0, 6), (1, 2), (1, 3), (1, 4), (1, 7), (2, 4), (2, 5), (3, 7), (3, 9), (4, 8), (4, 11), (5, 6), (5, 10), (6, 9), (7, 11), (8, 10), (8, 14), (9, 12), (9, 13), (10, 13), (10, 14), (11, 12), (11, 14), (12, 13), (12, 14), (13, 14)]
C1: omega [0.017653072552909, 0.010722696589081, 0.041182765908428, 0.044218872694357, 0.005485475422151, 0.010722696589082, 0.040245481051481, 0.045156157551305, 0.005485475422151, 0.041917715562543, 0.041917715562543, 0.029656374525177, 0.067458399834651, 0.032103837359567, 0.063157094597206, 0.029656374525177, 0.071759705072096, 0.032103837359567, 0.032103837359567, 0.029656374525177, 0.005485475422151, 0.04589110720542, 0.04589110720542, 0.041917715562543, 0.044218872694357, 0.041917715562543, 0.045156157551305, 0.00776571226813, 0.014696088231958, 0.014696088231958]
frame000: singular values of L^T (3 smallest) [6.133665194386824e-15, 1.716393062948548e-16, 1.032643504775684e-16]
frame000: lambda_min(A) >= 1.038891e-01 (rational Cholesky at 1.038891e-01, radius 2.24e-178); sigma >= 3.223183e-01
frame000: stress omega > 0: min 5.485475e-03, sum 1.000000e+00, W = 182.2996, |eps| = 7.44e-16
frame000: c >= 3.228038e-04 ; radius r = 5.181593e-05 (per point, Euclidean), sqrt(15) r <= 0.1: True
frame000: contacts [(0, 1), (0, 2), (0, 3), (0, 5), (0, 6), (1, 2), (1, 3), (1, 4), (1, 7), (2, 4), (2, 5), (2, 8), (3, 7), (3, 9), (4, 8), (4, 11), (5, 6), (5, 10), (6, 9), (7, 11), (8, 10), (9, 12), (9, 13), (10, 13), (10, 14), (11, 12), (11, 14), (12, 13), (12, 14), (13, 14)]
frame000: omega [0.013679680910033, 0.013679680910033, 0.041182765908428, 0.040245481051481, 0.005485475422151, 0.013679680910033, 0.040245481051481, 0.041182765908428, 0.005485475422151, 0.040245481051481, 0.041182765908428, 0.005485475422151, 0.029656374525177, 0.067458399834651, 0.029656374525177, 0.067458399834651, 0.029656374525177, 0.067458399834651, 0.032103837359567, 0.032103837359567, 0.032103837359567, 0.04589110720542, 0.04589110720542, 0.04589110720542, 0.04589110720542, 0.04589110720542, 0.04589110720542, 0.011739103911007, 0.011739103911007, 0.011739103911007]
frame001: singular values of L^T (3 smallest) [2.1285467970126175e-16, 1.2471415893132658e-16, 6.408650677705362e-17]
frame001: lambda_min(A) >= 9.651692e-02 (rational Cholesky at 9.651692e-02, radius 2.24e-178); sigma >= 3.106717e-01
frame001: stress omega > 0: min 5.485475e-03, sum 1.000000e+00, W = 182.2996, |eps| = 1.59e-15
frame001: c >= 3.111397e-04 ; radius r = 4.994362e-05 (per point, Euclidean), sqrt(15) r <= 0.1: True
frame001: contacts [(0, 1), (0, 2), (0, 3), (0, 5), (0, 6), (1, 2), (1, 3), (1, 4), (1, 7), (2, 4), (2, 5), (3, 7), (3, 9), (4, 8), (4, 11), (5, 6), (5, 10), (6, 9), (7, 11), (8, 10), (8, 14), (9, 12), (9, 13), (10, 13), (10, 14), (11, 12), (11, 14), (12, 13), (12, 14), (13, 14)]
frame001: omega [0.017653072552909, 0.010722696589081, 0.041182765908428, 0.044218872694357, 0.005485475422151, 0.010722696589082, 0.040245481051481, 0.045156157551305, 0.005485475422151, 0.041917715562543, 0.041917715562543, 0.029656374525177, 0.067458399834651, 0.032103837359567, 0.063157094597206, 0.029656374525177, 0.071759705072096, 0.032103837359567, 0.032103837359567, 0.029656374525177, 0.005485475422151, 0.04589110720542, 0.04589110720542, 0.041917715562543, 0.044218872694357, 0.041917715562543, 0.045156157551305, 0.00776571226813, 0.014696088231958, 0.014696088231958]
frame010: singular values of L^T (3 smallest) [2.849275698176328e-16, 9.741974002194983e-17, 7.123612260802695e-17]
frame010: lambda_min(A) >= 9.651692e-02 (rational Cholesky at 9.651692e-02, radius 2.24e-178); sigma >= 3.106717e-01
frame010: stress omega > 0: min 5.485475e-03, sum 1.000000e+00, W = 182.2996, |eps| = 1.76e-15
frame010: c >= 3.111397e-04 ; radius r = 4.994362e-05 (per point, Euclidean), sqrt(15) r <= 0.1: True
frame010: contacts [(0, 1), (0, 2), (0, 3), (0, 5), (0, 6), (1, 2), (1, 3), (1, 4), (2, 4), (2, 5), (2, 7), (3, 8), (3, 9), (4, 7), (4, 11), (5, 6), (5, 10), (6, 9), (7, 10), (8, 11), (8, 12), (9, 12), (9, 13), (10, 13), (10, 14), (11, 12), (11, 14), (12, 13), (12, 14), (13, 14)]
frame010: omega [0.010722696589081, 0.017653072552909, 0.045156157551305, 0.040245481051481, 0.005485475422151, 0.010722696589082, 0.041917715562543, 0.041917715562543, 0.044218872694358, 0.041182765908428, 0.005485475422151, 0.032103837359567, 0.063157094597206, 0.029656374525177, 0.071759705072096, 0.029656374525177, 0.067458399834651, 0.032103837359567, 0.032103837359567, 0.029656374525177, 0.005485475422151, 0.045156157551305, 0.041917715562543, 0.04589110720542, 0.04589110720542, 0.044218872694357, 0.041917715562543, 0.014696088231958, 0.014696088231958, 0.00776571226813]
frame011: singular values of L^T (3 smallest) [2.7386329781150695e-16, 2.1598287706869236e-16, 1.2272522282435354e-16]
frame011: lambda_min(A) >= 9.651692e-02 (rational Cholesky at 9.651692e-02, radius 2.24e-178); sigma >= 3.106717e-01
frame011: stress omega > 0: min 5.485475e-03, sum 1.000000e+00, W = 182.2996, |eps| = 1.67e-15
frame011: c >= 3.111397e-04 ; radius r = 4.994362e-05 (per point, Euclidean), sqrt(15) r <= 0.1: True
frame011: contacts [(0, 1), (0, 2), (0, 3), (0, 5), (0, 6), (1, 2), (1, 3), (1, 4), (2, 4), (2, 5), (3, 7), (3, 9), (4, 8), (4, 11), (5, 6), (5, 10), (6, 9), (7, 11), (7, 12), (8, 10), (8, 14), (9, 12), (9, 13), (10, 13), (10, 14), (11, 12), (11, 14), (12, 13), (12, 14), (13, 14)]
frame011: omega [0.014696088231958, 0.014696088231958, 0.045156157551305, 0.044218872694358, 0.005485475422151, 0.00776571226813, 0.041917715562543, 0.04589110720542, 0.04589110720542, 0.041917715562543, 0.032103837359567, 0.063157094597206, 0.032103837359567, 0.067458399834651, 0.029656374525177, 0.071759705072096, 0.032103837359567, 0.029656374525177, 0.005485475422151, 0.029656374525177, 0.005485475422151, 0.045156157551305, 0.041917715562543, 0.041917715562543, 0.044218872694358, 0.040245481051481, 0.041182765908428, 0.010722696589081, 0.017653072552909, 0.010722696589082]
frame100: singular values of L^T (3 smallest) [2.335217752021616e-16, 2.1191584001898801e-16, 7.118985303816693e-17]
frame100: lambda_min(A) >= 9.651692e-02 (rational Cholesky at 9.651692e-02, radius 2.24e-178); sigma >= 3.106717e-01
frame100: stress omega > 0: min 5.485475e-03, sum 1.000000e+00, W = 182.2996, |eps| = 1.49e-15
frame100: c >= 3.111397e-04 ; radius r = 4.994362e-05 (per point, Euclidean), sqrt(15) r <= 0.1: True
frame100: contacts [(0, 1), (0, 2), (0, 3), (0, 5), (1, 2), (1, 3), (1, 4), (1, 6), (2, 4), (2, 5), (2, 7), (3, 6), (3, 9), (4, 7), (4, 11), (5, 8), (5, 10), (6, 11), (7, 10), (8, 9), (8, 13), (9, 12), (9, 13), (10, 13), (10, 14), (11, 12), (11, 14), (12, 13), (12, 14), (13, 14)]
frame100: omega [0.010722696589082, 0.010722696589081, 0.041917715562543, 0.041917715562543, 0.017653072552909, 0.044218872694357, 0.041182765908428, 0.005485475422151, 0.040245481051481, 0.045156157551305, 0.005485475422151, 0.029656374525177, 0.071759705072096, 0.029656374525177, 0.067458399834651, 0.032103837359567, 0.063157094597206, 0.032103837359567, 0.032103837359567, 0.029656374525177, 0.005485475422151, 0.041917715562543, 0.044218872694358, 0.045156157551305, 0.041917715562543, 0.04589110720542, 0.04589110720542, 0.014696088231958, 0.00776571226813, 0.014696088231958]
frame101: singular values of L^T (3 smallest) [1.8094631043688065e-16, 1.1650031843205672e-16, 1.1650031843205672e-16]
frame101: lambda_min(A) >= 9.651692e-02 (rational Cholesky at 9.651692e-02, radius 2.23e-178); sigma >= 3.106717e-01
frame101: stress omega > 0: min 5.485475e-03, sum 1.000000e+00, W = 182.2996, |eps| = 1.70e-15
frame101: c >= 3.111397e-04 ; radius r = 4.994362e-05 (per point, Euclidean), sqrt(15) r <= 0.1: True
frame101: contacts [(0, 1), (0, 2), (0, 3), (0, 5), (1, 2), (1, 3), (1, 4), (1, 6), (2, 4), (2, 5), (3, 6), (3, 9), (4, 7), (4, 11), (5, 8), (5, 10), (6, 11), (7, 10), (7, 14), (8, 9), (8, 13), (9, 12), (9, 13), (10, 13), (10, 14), (11, 12), (11, 14), (12, 13), (12, 14), (13, 14)]
frame101: omega [0.014696088231958, 0.00776571226813, 0.041917715562543, 0.045891107205419, 0.014696088231958, 0.044218872694358, 0.045156157551305, 0.005485475422151, 0.041917715562543, 0.04589110720542, 0.029656374525177, 0.071759705072096, 0.032103837359567, 0.063157094597206, 0.032103837359567, 0.067458399834651, 0.032103837359567, 0.029656374525177, 0.005485475422151, 0.029656374525177, 0.005485475422151, 0.041917715562543, 0.044218872694357, 0.041182765908428, 0.040245481051481, 0.041917715562543, 0.045156157551305, 0.010722696589082, 0.010722696589081, 0.017653072552909]
frame110: singular values of L^T (3 smallest) [1.355134487385082e-16, 1.3537038769549746e-16, 1.0319917112726216e-16]
frame110: lambda_min(A) >= 9.651692e-02 (rational Cholesky at 9.651692e-02, radius 2.24e-178); sigma >= 3.106717e-01
frame110: stress omega > 0: min 5.485475e-03, sum 1.000000e+00, W = 182.2996, |eps| = 1.70e-15
frame110: c >= 3.111397e-04 ; radius r = 4.994362e-05 (per point, Euclidean), sqrt(15) r <= 0.1: True
frame110: contacts [(0, 1), (0, 2), (0, 3), (0, 5), (1, 2), (1, 3), (1, 4), (2, 4), (2, 5), (2, 6), (3, 7), (3, 9), (4, 6), (4, 11), (5, 8), (5, 10), (6, 10), (7, 11), (7, 12), (8, 9), (8, 13), (9, 12), (9, 13), (10, 13), (10, 14), (11, 12), (11, 14), (12, 13), (12, 14), (13, 14)]
frame110: omega [0.00776571226813, 0.014696088231958, 0.04589110720542, 0.041917715562543, 0.014696088231958, 0.045891107205419, 0.041917715562543, 0.044218872694358, 0.045156157551305, 0.005485475422151, 0.032103837359567, 0.067458399834651, 0.029656374525177, 0.071759705072096, 0.032103837359567, 0.063157094597206, 0.032103837359567, 0.029656374525177, 0.005485475422151, 0.029656374525177, 0.005485475422151, 0.041182765908428, 0.040245481051481, 0.045156157551305, 0.041917715562543, 0.044218872694357, 0.041917715562543, 0.017653072552909, 0.010722696589082, 0.010722696589081]
frame111: singular values of L^T (3 smallest) [6.132413698118964e-15, 1.6989943293696057e-16, 9.183447641011294e-17]
frame111: lambda_min(A) >= 1.038891e-01 (rational Cholesky at 1.038891e-01, radius 2.23e-178); sigma >= 3.223183e-01
frame111: stress omega > 0: min 5.485475e-03, sum 1.000000e+00, W = 182.2996, |eps| = 1.25e-15
frame111: c >= 3.228038e-04 ; radius r = 5.181593e-05 (per point, Euclidean), sqrt(15) r <= 0.1: True
frame111: contacts [(0, 1), (0, 2), (0, 3), (0, 5), (1, 2), (1, 3), (1, 4), (2, 4), (2, 5), (3, 6), (3, 9), (4, 7), (4, 11), (5, 8), (5, 10), (6, 11), (6, 12), (7, 10), (7, 14), (8, 9), (8, 13), (9, 12), (9, 13), (10, 13), (10, 14), (11, 12), (11, 14), (12, 13), (12, 14), (13, 14)]
frame111: omega [0.011739103911007, 0.011739103911007, 0.04589110720542, 0.04589110720542, 0.011739103911007, 0.045891107205419, 0.045891107205419, 0.04589110720542, 0.04589110720542, 0.032103837359567, 0.067458399834651, 0.032103837359567, 0.067458399834651, 0.032103837359567, 0.067458399834651, 0.029656374525177, 0.005485475422151, 0.029656374525177, 0.005485475422151, 0.029656374525177, 0.005485475422151, 0.041182765908428, 0.040245481051481, 0.041182765908428, 0.040245481051481, 0.040245481051481, 0.041182765908428, 0.013679680910033, 0.013679680910033, 0.013679680910033]
minimum radius over all configurations: 0.000049943624349773741129380917490
