qb over Q(u): [(2, 1)]
absolute degree: 20
18 frame points have exact unit norm
C3 exact contacts: 30  max over other pairs of <x,y> - u < -0.167910430543256225387046360472
C1 exact contacts: 30  max over other pairs of <x,y> - u < -0.167910430543256225387046360472
psi* deg in [53.657850129932673805526041483702, 53.657850129932673805526041483703]
C3: 3-sets: 318 singular (Laman count), 2658 infeasible, 1084 possibly feasible vertices
C3: max |t| over P <= 1.4675072e+02 (at S = (0, 4, 27)); kappa >= 6.8142766e-03 ; radius r >= 1.0938164e-03, sqrt(15) r <= 0.1: True
C1: 3-sets: 318 singular (Laman count), 2670 infeasible, 1072 possibly feasible vertices
C1: max |t| over P <= 1.5389180e+02 (at S = (5, 8, 20)); kappa >= 6.4980722e-03 ; radius r >= 1.0430598e-03, sqrt(15) r <= 0.1: True
frame000: 3-sets: 318 singular (Laman count), 2658 infeasible, 1084 possibly feasible vertices
frame000: max |t| over P <= 1.4675072e+02 (at S = (0, 4, 27)); kappa >= 6.8142766e-03 ; radius r >= 1.0938164e-03, sqrt(15) r <= 0.1: True
frame001: 3-sets: 318 singular (Laman count), 2670 infeasible, 1072 possibly feasible vertices
frame001: max |t| over P <= 1.5389180e+02 (at S = (5, 8, 20)); kappa >= 6.4980722e-03 ; radius r >= 1.0430598e-03, sqrt(15) r <= 0.1: True
frame010: 3-sets: 318 singular (Laman count), 2670 infeasible, 1072 possibly feasible vertices
frame010: max |t| over P <= 1.5389180e+02 (at S = (0, 4, 20)); kappa >= 6.4980722e-03 ; radius r >= 1.0430598e-03, sqrt(15) r <= 0.1: True
frame011: 3-sets: 318 singular (Laman count), 2670 infeasible, 1072 possibly feasible vertices
frame011: max |t| over P <= 1.5389180e+02 (at S = (4, 18, 27)); kappa >= 6.4980722e-03 ; radius r >= 1.0430598e-03, sqrt(15) r <= 0.1: True
frame100: 3-sets: 318 singular (Laman count), 2670 infeasible, 1072 possibly feasible vertices
frame100: max |t| over P <= 1.5389180e+02 (at S = (1, 10, 20)); kappa >= 6.4980722e-03 ; radius r >= 1.0430598e-03, sqrt(15) r <= 0.1: True
frame101: 3-sets: 318 singular (Laman count), 2670 infeasible, 1072 possibly feasible vertices
frame101: max |t| over P <= 1.5389180e+02 (at S = (7, 18, 28)); kappa >= 6.4980722e-03 ; radius r >= 1.0430598e-03, sqrt(15) r <= 0.1: True
frame110: 3-sets: 318 singular (Laman count), 2670 infeasible, 1072 possibly feasible vertices
frame110: max |t| over P <= 1.5389180e+02 (at S = (9, 20, 29)); kappa >= 6.4980722e-03 ; radius r >= 1.0430598e-03, sqrt(15) r <= 0.1: True
frame111: 3-sets: 318 singular (Laman count), 2658 infeasible, 1084 possibly feasible vertices
frame111: max |t| over P <= 1.4675072e+02 (at S = (0, 16, 27)); kappa >= 6.8142766e-03 ; radius r >= 1.0938164e-03, sqrt(15) r <= 0.1: True
minimum radius over all configurations >= 0.001043059814629410184350353388
