reference out/ref_all_n6.codes: 7 codes; generator out/gen_all_n6.codes: 7 codes
only in reference: 0; only in generator: 0
s 3 expected_leaves 13 generator_ok_leaves 13 equal
s 4 expected_leaves 16 generator_ok_leaves 16 equal
s 5 expected_leaves 1 generator_ok_leaves 1 equal
s 6 expected_leaves 0 generator_ok_leaves 0 equal
verdict: sets equal
reference out/ref_all_n6.codes: 7 codes; generator out/gen_all_n6_ring.codes: 7 codes
only in reference: 0; only in generator: 0
s 3 expected_ring 2 generator_ok_leaves 2 equal
s 4 expected_ring 4 generator_ok_leaves 4 equal
s 5 expected_ring 1 generator_ok_leaves 1 equal
s 6 expected_ring 0 generator_ok_leaves 0 equal
verdict: sets equal
reference out/ref_all_n6.codes: 7 codes; generator out/gen_all_n6_ring2.codes: 7 codes
only in reference: 0; only in generator: 0
s 3 expected_ring 2 generator_ok_leaves 2 equal
s 4 expected_ring 4 generator_ok_leaves 4 equal
s 5 expected_ring 1 generator_ok_leaves 1 equal
s 6 expected_ring 0 generator_ok_leaves 0 equal
verdict: sets equal
reference out/ref_all_n6.codes: 7 codes; generator out/gen_all_n6_ring2caps.codes: 7 codes
only in reference: 0; only in generator: 0
s 3 expected_ring 2 generator_ok_leaves 2 equal
s 4 expected_ring 4 generator_ok_leaves 4 equal
s 5 expected_ring 1 generator_ok_leaves 1 equal
s 6 expected_ring 0 generator_ok_leaves 0 equal
verdict: sets equal
reference out/ref_all_n6.codes: 7 codes; generator out/gen_all_n6_ring2capstight.codes: 7 codes
only in reference: 0; only in generator: 0
s 3 expected_ring 2 generator_ok_leaves 2 equal
s 4 expected_ring 4 generator_ok_leaves 4 equal
s 5 expected_ring 1 generator_ok_leaves 1 equal
s 6 expected_ring 0 generator_ok_leaves 0 equal
verdict: sets equal
reference out/ref_all_n6.codes: 7 codes; generator out/gen_all_n6_ring2capstightrule1.codes: 7 codes
only in reference: 0; only in generator: 0
s 3 expected_ring 2 generator_ok_leaves 2 equal
s 4 expected_ring 4 generator_ok_leaves 4 equal
s 5 expected_ring 1 generator_ok_leaves 1 equal
s 6 expected_ring 0 generator_ok_leaves 0 equal
verdict: sets equal
reference out/ref_all_n7.codes: 25 codes; generator out/gen_all_n7.codes: 25 codes
only in reference: 0; only in generator: 0
s 3 expected_leaves 13 generator_ok_leaves 13 equal
s 4 expected_leaves 170 generator_ok_leaves 170 equal
s 5 expected_leaves 25 generator_ok_leaves 25 equal
s 6 expected_leaves 0 generator_ok_leaves 0 equal
verdict: sets equal
reference out/ref_all_n7.codes: 25 codes; generator out/gen_all_n7_ring.codes: 25 codes
only in reference: 0; only in generator: 0
s 3 expected_ring 2 generator_ok_leaves 2 equal
s 4 expected_ring 20 generator_ok_leaves 20 equal
s 5 expected_ring 4 generator_ok_leaves 4 equal
s 6 expected_ring 0 generator_ok_leaves 0 equal
verdict: sets equal
reference out/ref_all_n7.codes: 25 codes; generator out/gen_all_n7_ring2.codes: 25 codes
only in reference: 0; only in generator: 0
s 3 expected_ring 2 generator_ok_leaves 2 equal
s 4 expected_ring 20 generator_ok_leaves 20 equal
s 5 expected_ring 4 generator_ok_leaves 4 equal
s 6 expected_ring 0 generator_ok_leaves 0 equal
verdict: sets equal
reference out/ref_all_n7.codes: 25 codes; generator out/gen_all_n7_ring2caps.codes: 25 codes
only in reference: 0; only in generator: 0
s 3 expected_ring 2 generator_ok_leaves 2 equal
s 4 expected_ring 20 generator_ok_leaves 20 equal
s 5 expected_ring 4 generator_ok_leaves 4 equal
s 6 expected_ring 0 generator_ok_leaves 0 equal
verdict: sets equal
reference out/ref_all_n7.codes: 25 codes; generator out/gen_all_n7_ring2capstight.codes: 25 codes
only in reference: 0; only in generator: 0
s 3 expected_ring 2 generator_ok_leaves 2 equal
s 4 expected_ring 20 generator_ok_leaves 20 equal
s 5 expected_ring 4 generator_ok_leaves 4 equal
s 6 expected_ring 0 generator_ok_leaves 0 equal
verdict: sets equal
reference out/ref_all_n7.codes: 25 codes; generator out/gen_all_n7_ring2capstightrule1.codes: 25 codes
only in reference: 0; only in generator: 0
s 3 expected_ring 2 generator_ok_leaves 2 equal
s 4 expected_ring 20 generator_ok_leaves 20 equal
s 5 expected_ring 4 generator_ok_leaves 4 equal
s 6 expected_ring 0 generator_ok_leaves 0 equal
verdict: sets equal
reference out/ref_all_n8.codes: 151 codes; generator out/gen_all_n8.codes: 151 codes
only in reference: 0; only in generator: 0
s 3 expected_leaves 15 generator_ok_leaves 15 equal
s 4 expected_leaves 1468 generator_ok_leaves 1468 equal
s 5 expected_leaves 415 generator_ok_leaves 415 equal
s 6 expected_leaves 24 generator_ok_leaves 24 equal
verdict: sets equal
reference out/ref_all_n8.codes: 151 codes; generator out/gen_all_n8_ring.codes: 151 codes
only in reference: 0; only in generator: 0
s 3 expected_ring 5 generator_ok_leaves 5 equal
s 4 expected_ring 106 generator_ok_leaves 106 equal
s 5 expected_ring 51 generator_ok_leaves 51 equal
s 6 expected_ring 4 generator_ok_leaves 4 equal
verdict: sets equal
reference out/ref_all_n8.codes: 151 codes; generator out/gen_all_n8_ring2.codes: 151 codes
only in reference: 0; only in generator: 0
s 3 expected_ring 5 generator_ok_leaves 5 equal
s 4 expected_ring 106 generator_ok_leaves 106 equal
s 5 expected_ring 51 generator_ok_leaves 51 equal
s 6 expected_ring 4 generator_ok_leaves 4 equal
verdict: sets equal
reference out/ref_all_n8.codes: 151 codes; generator out/gen_all_n8_ring2caps.codes: 151 codes
only in reference: 0; only in generator: 0
s 3 expected_ring 5 generator_ok_leaves 5 equal
s 4 expected_ring 106 generator_ok_leaves 106 equal
s 5 expected_ring 51 generator_ok_leaves 51 equal
s 6 expected_ring 4 generator_ok_leaves 4 equal
verdict: sets equal
reference out/ref_all_n8.codes: 151 codes; generator out/gen_all_n8_ring2capstight.codes: 151 codes
only in reference: 0; only in generator: 0
s 3 expected_ring 5 generator_ok_leaves 5 equal
s 4 expected_ring 106 generator_ok_leaves 106 equal
s 5 expected_ring 51 generator_ok_leaves 51 equal
s 6 expected_ring 4 generator_ok_leaves 4 equal
verdict: sets equal
reference out/ref_all_n8.codes: 151 codes; generator out/gen_all_n8_ring2capstightrule1.codes: 151 codes
only in reference: 0; only in generator: 0
s 3 expected_ring 5 generator_ok_leaves 5 equal
s 4 expected_ring 106 generator_ok_leaves 106 equal
s 5 expected_ring 51 generator_ok_leaves 51 equal
s 6 expected_ring 4 generator_ok_leaves 4 equal
verdict: sets equal
reference out/ref_all_n9.codes: 1006 codes; generator out/gen_all_n9.codes: 1006 codes
only in reference: 0; only in generator: 0
s 3 expected_leaves 7 generator_ok_leaves 7 equal
s 4 expected_leaves 10881 generator_ok_leaves 10881 equal
s 5 expected_leaves 5365 generator_ok_leaves 5365 equal
s 6 expected_leaves 646 generator_ok_leaves 646 equal
verdict: sets equal
reference out/ref_all_n9.codes: 1006 codes; generator out/gen_all_n9_ring.codes: 1006 codes
only in reference: 0; only in generator: 0
s 3 expected_ring 1 generator_ok_leaves 1 equal
s 4 expected_ring 532 generator_ok_leaves 532 equal
s 5 expected_ring 540 generator_ok_leaves 540 equal
s 6 expected_ring 68 generator_ok_leaves 68 equal
verdict: sets equal
reference out/ref_all_n9.codes: 1006 codes; generator out/gen_all_n9_ring2.codes: 1006 codes
only in reference: 0; only in generator: 0
s 3 expected_ring 1 generator_ok_leaves 1 equal
s 4 expected_ring 532 generator_ok_leaves 532 equal
s 5 expected_ring 540 generator_ok_leaves 540 equal
s 6 expected_ring 68 generator_ok_leaves 68 equal
verdict: sets equal
reference out/ref_all_n9.codes: 1006 codes; generator out/gen_all_n9_ring2caps.codes: 1006 codes
only in reference: 0; only in generator: 0
s 3 expected_ring 1 generator_ok_leaves 1 equal
s 4 expected_ring 532 generator_ok_leaves 532 equal
s 5 expected_ring 540 generator_ok_leaves 540 equal
s 6 expected_ring 68 generator_ok_leaves 68 equal
verdict: sets equal
reference out/ref_all_n9.codes: 1006 codes; generator out/gen_all_n9_ring2capstight.codes: 1006 codes
only in reference: 0; only in generator: 0
s 3 expected_ring 1 generator_ok_leaves 1 equal
s 4 expected_ring 532 generator_ok_leaves 532 equal
s 5 expected_ring 540 generator_ok_leaves 540 equal
s 6 expected_ring 68 generator_ok_leaves 68 equal
verdict: sets equal
reference out/ref_all_n9.codes: 1006 codes; generator out/gen_all_n9_ring2capstightrule1.codes: 1006 codes
only in reference: 0; only in generator: 0
s 3 expected_ring 1 generator_ok_leaves 1 equal
s 4 expected_ring 532 generator_ok_leaves 532 equal
s 5 expected_ring 540 generator_ok_leaves 540 equal
s 6 expected_ring 68 generator_ok_leaves 68 equal
verdict: sets equal
reference out/ref_all_n10.codes: 8150 codes; generator out/gen_all_n10.codes: 8150 codes
only in reference: 0; only in generator: 0
s 3 expected_leaves 6 generator_ok_leaves 6 equal
s 4 expected_leaves 73898 generator_ok_leaves 73898 equal
s 5 expected_leaves 60092 generator_ok_leaves 60092 equal
s 6 expected_leaves 11502 generator_ok_leaves 11502 equal
verdict: sets equal
reference out/ref_all_n10.codes: 8150 codes; generator out/gen_all_n10_ring.codes: 8150 codes
only in reference: 0; only in generator: 0
s 3 expected_ring 3 generator_ok_leaves 3 equal
s 4 expected_ring 2899 generator_ok_leaves 2899 equal
s 5 expected_ring 5256 generator_ok_leaves 5256 equal
s 6 expected_ring 1069 generator_ok_leaves 1069 equal
verdict: sets equal
reference out/ref_all_n10.codes: 8150 codes; generator out/gen_all_n10_ring2.codes: 8150 codes
only in reference: 0; only in generator: 0
s 3 expected_ring 3 generator_ok_leaves 3 equal
s 4 expected_ring 2899 generator_ok_leaves 2899 equal
s 5 expected_ring 5256 generator_ok_leaves 5256 equal
s 6 expected_ring 1069 generator_ok_leaves 1069 equal
verdict: sets equal
reference out/ref_all_n10.codes: 8150 codes; generator out/gen_all_n10_ring2caps.codes: 8150 codes
only in reference: 0; only in generator: 0
s 3 expected_ring 3 generator_ok_leaves 3 equal
s 4 expected_ring 2899 generator_ok_leaves 2899 equal
s 5 expected_ring 5256 generator_ok_leaves 5256 equal
s 6 expected_ring 1069 generator_ok_leaves 1069 equal
verdict: sets equal
reference out/ref_all_n10.codes: 8150 codes; generator out/gen_all_n10_ring2capstight.codes: 8150 codes
only in reference: 0; only in generator: 0
s 3 expected_ring 3 generator_ok_leaves 3 equal
s 4 expected_ring 2899 generator_ok_leaves 2899 equal
s 5 expected_ring 5256 generator_ok_leaves 5256 equal
s 6 expected_ring 1069 generator_ok_leaves 1069 equal
verdict: sets equal
reference out/ref_all_n10.codes: 8150 codes; generator out/gen_all_n10_ring2capstightrule1.codes: 8150 codes
only in reference: 0; only in generator: 0
s 3 expected_ring 3 generator_ok_leaves 3 equal
s 4 expected_ring 2899 generator_ok_leaves 2899 equal
s 5 expected_ring 5256 generator_ok_leaves 5256 equal
s 6 expected_ring 1069 generator_ok_leaves 1069 equal
verdict: sets equal
reference out/ref_all_n11.codes: 68728 codes; generator out/gen_all_n11.codes: 68728 codes
only in reference: 0; only in generator: 0
s 3 expected_leaves 0 generator_ok_leaves 0 equal
s 4 expected_leaves 474462 generator_ok_leaves 474462 equal
s 5 expected_leaves 621928 generator_ok_leaves 621928 equal
s 6 expected_leaves 165150 generator_ok_leaves 165150 equal
verdict: sets equal
reference out/ref_all_n11.codes: 68728 codes; generator out/gen_all_n11_ring.codes: 68728 codes
only in reference: 0; only in generator: 0
s 3 expected_ring 0 generator_ok_leaves 0 equal
s 4 expected_ring 15168 generator_ok_leaves 15168 equal
s 5 expected_ring 47089 generator_ok_leaves 47089 equal
s 6 expected_ring 14370 generator_ok_leaves 14370 equal
verdict: sets equal
reference out/ref_all_n11.codes: 68728 codes; generator out/gen_all_n11_ring2.codes: 68728 codes
only in reference: 0; only in generator: 0
s 3 expected_ring 0 generator_ok_leaves 0 equal
s 4 expected_ring 15168 generator_ok_leaves 15168 equal
s 5 expected_ring 47089 generator_ok_leaves 47089 equal
s 6 expected_ring 14370 generator_ok_leaves 14370 equal
verdict: sets equal
reference out/ref_all_n11.codes: 68728 codes; generator out/gen_all_n11_ring2caps.codes: 68728 codes
only in reference: 0; only in generator: 0
s 3 expected_ring 0 generator_ok_leaves 0 equal
s 4 expected_ring 15168 generator_ok_leaves 15168 equal
s 5 expected_ring 47089 generator_ok_leaves 47089 equal
s 6 expected_ring 14370 generator_ok_leaves 14370 equal
verdict: sets equal
reference out/ref_all_n11.codes: 68728 codes; generator out/gen_all_n11_ring2capstight.codes: 68728 codes
only in reference: 0; only in generator: 0
s 3 expected_ring 0 generator_ok_leaves 0 equal
s 4 expected_ring 15168 generator_ok_leaves 15168 equal
s 5 expected_ring 47089 generator_ok_leaves 47089 equal
s 6 expected_ring 14370 generator_ok_leaves 14370 equal
verdict: sets equal
reference out/ref_all_n11.codes: 68728 codes; generator out/gen_all_n11_ring2capstightrule1.codes: 68728 codes
only in reference: 0; only in generator: 0
s 3 expected_ring 0 generator_ok_leaves 0 equal
s 4 expected_ring 15168 generator_ok_leaves 15168 equal
s 5 expected_ring 47089 generator_ok_leaves 47089 equal
s 6 expected_ring 14370 generator_ok_leaves 14370 equal
verdict: sets equal
reference out/ref_w1_n12.codes: 3342 codes; generator out/gen_w1_n12.codes: 3342 codes
only in reference: 0; only in generator: 0
s 3 expected_leaves 0 generator_ok_leaves 0 equal
s 4 expected_leaves 122 generator_ok_leaves 122 equal
s 5 expected_leaves 52855 generator_ok_leaves 52855 equal
s 6 expected_leaves 14923 generator_ok_leaves 14923 equal
verdict: sets equal
reference out/ref_w1_n12.codes: 3342 codes; generator out/gen_w1_n12_ring.codes: 3342 codes
only in reference: 0; only in generator: 0
s 3 expected_ring 0 generator_ok_leaves 0 equal
s 4 expected_ring 12 generator_ok_leaves 12 equal
s 5 expected_ring 2299 generator_ok_leaves 2299 equal
s 6 expected_ring 1323 generator_ok_leaves 1323 equal
verdict: sets equal
reference out/ref_w1_n12.codes: 3342 codes; generator out/gen_w1_n12_ring2.codes: 3342 codes
only in reference: 0; only in generator: 0
s 3 expected_ring 0 generator_ok_leaves 0 equal
s 4 expected_ring 12 generator_ok_leaves 12 equal
s 5 expected_ring 2299 generator_ok_leaves 2299 equal
s 6 expected_ring 1323 generator_ok_leaves 1323 equal
verdict: sets equal
reference out/ref_w1_n12.codes: 3342 codes; generator out/gen_w1_n12_ring2caps.codes: 3342 codes
only in reference: 0; only in generator: 0
s 3 expected_ring 0 generator_ok_leaves 0 equal
s 4 expected_ring 12 generator_ok_leaves 12 equal
s 5 expected_ring 2299 generator_ok_leaves 2299 equal
s 6 expected_ring 1323 generator_ok_leaves 1323 equal
verdict: sets equal
reference out/ref_w1_n12.codes: 3342 codes; generator out/gen_w1_n12_ring2capstight.codes: 3342 codes
only in reference: 0; only in generator: 0
s 3 expected_ring 0 generator_ok_leaves 0 equal
s 4 expected_ring 12 generator_ok_leaves 12 equal
s 5 expected_ring 2299 generator_ok_leaves 2299 equal
s 6 expected_ring 1323 generator_ok_leaves 1323 equal
verdict: sets equal
reference out/ref_w1_n12.codes: 3342 codes; generator out/gen_w1_n12_ring2capstightrule1.codes: 3342 codes
only in reference: 0; only in generator: 0
s 3 expected_ring 0 generator_ok_leaves 0 equal
s 4 expected_ring 12 generator_ok_leaves 12 equal
s 5 expected_ring 2299 generator_ok_leaves 2299 equal
s 6 expected_ring 1323 generator_ok_leaves 1323 equal
verdict: sets equal
reference out/ref_w1_n13.codes: 30326 codes; generator out/gen_w1_n13.codes: 30326 codes
only in reference: 0; only in generator: 0
s 3 expected_leaves 0 generator_ok_leaves 0 equal
s 4 expected_leaves 1333 generator_ok_leaves 1333 equal
s 5 expected_leaves 497670 generator_ok_leaves 497670 equal
s 6 expected_leaves 176583 generator_ok_leaves 176583 equal
verdict: sets equal
reference out/ref_w1_n13.codes: 30326 codes; generator out/gen_w1_n13_ring.codes: 30326 codes
only in reference: 0; only in generator: 0
s 3 expected_ring 0 generator_ok_leaves 0 equal
s 4 expected_ring 50 generator_ok_leaves 50 equal
s 5 expected_ring 18482 generator_ok_leaves 18482 equal
s 6 expected_ring 14106 generator_ok_leaves 14106 equal
verdict: sets equal
reference out/ref_w1_n13.codes: 30326 codes; generator out/gen_w1_n13_ring2.codes: 30326 codes
only in reference: 0; only in generator: 0
s 3 expected_ring 0 generator_ok_leaves 0 equal
s 4 expected_ring 50 generator_ok_leaves 50 equal
s 5 expected_ring 18482 generator_ok_leaves 18482 equal
s 6 expected_ring 14106 generator_ok_leaves 14106 equal
verdict: sets equal
reference out/ref_w1_n13.codes: 30326 codes; generator out/gen_w1_n13_ring2caps.codes: 30326 codes
only in reference: 0; only in generator: 0
s 3 expected_ring 0 generator_ok_leaves 0 equal
s 4 expected_ring 50 generator_ok_leaves 50 equal
s 5 expected_ring 18482 generator_ok_leaves 18482 equal
s 6 expected_ring 14106 generator_ok_leaves 14106 equal
verdict: sets equal
reference out/ref_w1_n13.codes: 30326 codes; generator out/gen_w1_n13_ring2capstight.codes: 30326 codes
only in reference: 0; only in generator: 0
s 3 expected_ring 0 generator_ok_leaves 0 equal
s 4 expected_ring 50 generator_ok_leaves 50 equal
s 5 expected_ring 18482 generator_ok_leaves 18482 equal
s 6 expected_ring 14106 generator_ok_leaves 14106 equal
verdict: sets equal
reference out/ref_w1_n13.codes: 30326 codes; generator out/gen_w1_n13_ring2capstightrule1.codes: 30326 codes
only in reference: 0; only in generator: 0
s 3 expected_ring 0 generator_ok_leaves 0 equal
s 4 expected_ring 50 generator_ok_leaves 50 equal
s 5 expected_ring 18482 generator_ok_leaves 18482 equal
s 6 expected_ring 14106 generator_ok_leaves 14106 equal
verdict: sets equal
reference out/ref_w1_n12.codes: 3342 codes; generator out/gen_sabotage_n12.codes: 1886 codes
only in reference: 1456; only in generator: 0
s 3 expected_leaves 0 generator_ok_leaves 0 equal
s 4 expected_leaves 122 generator_ok_leaves 35 DIFFERENT
s 5 expected_leaves 52855 generator_ok_leaves 31095 DIFFERENT
s 6 expected_leaves 14923 generator_ok_leaves 9565 DIFFERENT
verdict: sets DIFFERENT
reference out/ref_w1_n12.codes: 3342 codes; generator out/gen_sabotage_n12_ring2capstightrule1.codes: 1886 codes
only in reference: 1456; only in generator: 0
s 3 expected_ring 0 generator_ok_leaves 0 equal
s 4 expected_ring 12 generator_ok_leaves 5 DIFFERENT
s 5 expected_ring 2299 generator_ok_leaves 1204 DIFFERENT
s 6 expected_ring 1323 generator_ok_leaves 841 DIFFERENT
verdict: sets DIFFERENT
reference out/ref_w1_n14.codes: 282005 codes; generator out/gen_w1_n14.codes: 282005 codes
only in reference: 0; only in generator: 0
s 3 expected_leaves 0 generator_ok_leaves 0 equal
s 4 expected_leaves 9022 generator_ok_leaves 9022 equal
s 5 expected_leaves 4633715 generator_ok_leaves 4633715 equal
s 6 expected_leaves 1906560 generator_ok_leaves 1906560 equal
verdict: sets equal
reference out/ref_w1_n14.codes: 282005 codes; generator out/gen_w1_n14_ring.codes: 282005 codes
only in reference: 0; only in generator: 0
s 3 expected_ring 0 generator_ok_leaves 0 equal
s 4 expected_ring 301 generator_ok_leaves 301 equal
s 5 expected_ring 157176 generator_ok_leaves 157176 equal
s 6 expected_ring 143803 generator_ok_leaves 143803 equal
verdict: sets equal
reference out/ref_w1_n14.codes: 282005 codes; generator out/gen_w1_n14_ring2.codes: 282005 codes
only in reference: 0; only in generator: 0
s 3 expected_ring 0 generator_ok_leaves 0 equal
s 4 expected_ring 301 generator_ok_leaves 301 equal
s 5 expected_ring 157176 generator_ok_leaves 157176 equal
s 6 expected_ring 143803 generator_ok_leaves 143803 equal
verdict: sets equal
reference out/ref_w1_n14.codes: 282005 codes; generator out/gen_w1_n14_ring2caps.codes: 282005 codes
only in reference: 0; only in generator: 0
s 3 expected_ring 0 generator_ok_leaves 0 equal
s 4 expected_ring 301 generator_ok_leaves 301 equal
s 5 expected_ring 157176 generator_ok_leaves 157176 equal
s 6 expected_ring 143803 generator_ok_leaves 143803 equal
verdict: sets equal
reference out/ref_w1_n14.codes: 282005 codes; generator out/gen_w1_n14_ring2capstight.codes: 282005 codes
only in reference: 0; only in generator: 0
s 3 expected_ring 0 generator_ok_leaves 0 equal
s 4 expected_ring 301 generator_ok_leaves 301 equal
s 5 expected_ring 157176 generator_ok_leaves 157176 equal
s 6 expected_ring 143803 generator_ok_leaves 143803 equal
verdict: sets equal
reference out/ref_w1_n14.codes: 282005 codes; generator out/gen_w1_n14_ring2capstightrule1.codes: 282005 codes
only in reference: 0; only in generator: 0
s 3 expected_ring 0 generator_ok_leaves 0 equal
s 4 expected_ring 301 generator_ok_leaves 301 equal
s 5 expected_ring 157176 generator_ok_leaves 157176 equal
s 6 expected_ring 143803 generator_ok_leaves 143803 equal
verdict: sets equal

real	12m18.626s
user	11m57.328s
sys	0m4.688s
