== missing: diff against the real part
43c43
< cell 12 15 1 1548735 55372
---
> cell 12 15 1 1548734 55372
76,77c76,77
< total 12 0 1 6384634 606838
< 6384634 polytopes generated; cpu=2.72 sec
---
> total 12 0 1 6384633 606838
> 6384633 polytopes generated; cpu=2.72 sec
 12  15  25            155282300            155282400     NO      1556951        56571
cells equal: 12 of 13; total rooted maps 637446045, formula 637446145
graphs 6384633, A000944(12) = 6384634: DIFFER
class 606838, recorded 606838: equal
CHECK FAIL n = 12
END
== repeated: diff against the real part
32c32
< cell 12 13 2 4977 2153
---
> cell 12 13 2 4978 2153
76,77c76,77
< total 12 0 1 6384634 606838
< 6384634 polytopes generated; cpu=2.72 sec
---
> total 12 0 1 6384635 606838
> 6384635 polytopes generated; cpu=2.72 sec
 12  13  23             65022886             65022840     NO       709303       201938
cells equal: 12 of 13; total rooted maps 637446191, formula 637446145
graphs 6384635, A000944(12) = 6384634: DIFFER
class 606838, recorded 606838: equal
CHECK FAIL n = 12
END
== cancel: diff against the real part
34,35c34,35
< cell 12 14 1 1255238 149899
< cell 12 14 2 7631 2111
---
> cell 12 14 1 1255239 149899
> cell 12 14 2 7629 2111
76,77c76,77
< total 12 0 1 6384634 606838
< 6384634 polytopes generated; cpu=2.72 sec
---
> total 12 0 1 6384633 606838
> 6384633 polytopes generated; cpu=2.72 sec
cells equal: 13 of 13; total rooted maps 637446145, formula 637446145
graphs 6384633, A000944(12) = 6384634: DIFFER
class 606838, recorded 606838: equal
CHECK FAIL n = 12
END
== part missing: part 0 of 2 alone
part 0/2: graphs 3225865, class 308776, plantri count 3225865
  ***   in function main: ...vecsort(parts)!=[0..M-1],error("parts ",vecsor
  ***   user error: parts [0] are not 0..1
CHECK FAIL: gp error or check.gp did not reach its end
