# code/lean/comparator.sh pass, 2026-10-03 14:35 UTC, sources sha256 d429a01dd02f2719
# comparator d03acab154d269c06e60e4de7e4cc85deebff94b (v4.34.1), lean4export 076e8e57707e813375e8f9da8bf989799ace9680, landrun landrun version 0.1.18, nanoda_lib 3a2407216ee84a75f9e1aead6803d0578be06ae7; limits: memory 10G, 3 processors
config: {"challenge_module":"Tammes15.Challenge","solution_module":"Tammes15.Solution","theorem_names":["Tammes15.reduction","Tammes15.fejesToth_bound","Tammes15.conjecture_of_enum_killed","Tammes15.nonunique_of_enum_killed","Tammes15.PaperSteps.killed_of_progKilled","Tammes15.conjecture_of_enum_progKilled","Tammes15.PaperSteps.progKilled_of_progTrees","Tammes15.conjecture_of_enum_progTrees","Tammes15.PaperSteps.local_optimality_frame","Tammes15.PaperSteps.optima_four","Tammes15.PaperSteps.frames_not_isometric","Tammes15.PaperSteps.frames_not_distance_preserving","Tammes15.conjecture_of_enum_progTreesDom","Tammes15.Contractors.killed_of_progTreesDom","Tammes15.nonunique_of_enum_progTreesDom"],"permitted_axioms":["propext","Quot.sound","Classical.choice"],"enable_nanoda":true,"lean_kernel":false}
comparator 
Building Tammes15.Challenge
✔ [8924/8948] Built Tammes15.Challenge.PaperSteps.SearchTree (2.8s)
✔ [8925/8948] Built Tammes15.Challenge.PaperSteps.TieData (3.8s)
✔ [8926/8948] Built Tammes15.Challenge.Trigrows.Defs (8.2s)
✔ [8927/8948] Built Tammes15.Challenge.Contractors.Arith (9.1s)
✔ [8928/8948] Built Tammes15.Challenge.Statement (11s)
✔ [8929/8948] Built Tammes15.Challenge.Nonunique.Defs (26s)
✔ [8930/8948] Built Tammes15.Challenge.Trigrows.Sphere (14s)
✔ [8931/8948] Built Tammes15.Challenge.Local41.Defs (15s)
✔ [8932/8948] Built Tammes15.Challenge.Draw.Defs (12s)
⚠ [8933/8948] Built Tammes15.Challenge.Trigrows.Mono (32s)
info: Tammes15/Challenge/Trigrows/Mono.lean:186:82: Try this:
  [apply] ring_nf
  
  The `ring` tactic failed to close the goal. Use `ring_nf` to obtain a normal form.
    
  Note that `ring` works primarily in *commutative* rings. If you have a noncommutative ring, abelian group or module, consider using `noncomm_ring`, `abel` or `module` instead.
info: Tammes15/Challenge/Trigrows/Mono.lean:191:67: Try this:
  [apply] ring_nf
  
  The `ring` tactic failed to close the goal. Use `ring_nf` to obtain a normal form.
    
  Note that `ring` works primarily in *commutative* rings. If you have a noncommutative ring, abelian group or module, consider using `noncomm_ring`, `abel` or `module` instead.
info: Tammes15/Challenge/Trigrows/Mono.lean:192:61: Try this:
  [apply] ring_nf
  
  The `ring` tactic failed to close the goal. Use `ring_nf` to obtain a normal form.
    
  Note that `ring` works primarily in *commutative* rings. If you have a noncommutative ring, abelian group or module, consider using `noncomm_ring`, `abel` or `module` instead.
info: Tammes15/Challenge/Trigrows/Mono.lean:195:47: Try this:
  [apply] ring_nf
  
  The `ring` tactic failed to close the goal. Use `ring_nf` to obtain a normal form.
    
  Note that `ring` works primarily in *commutative* rings. If you have a noncommutative ring, abelian group or module, consider using `noncomm_ring`, `abel` or `module` instead.
warning: Tammes15/Challenge/Trigrows/Mono.lean:868:39: Variable name `hab` is not explicitly referenced.

Hint: The binding can be removed (if unused) or named `_` (if used implicitly). Alternatively, prefix the name with `_` to silence this warning:
  [apply] _hab

Note: This linter can be disabled with `set_option linter.unusedVariables false`
ℹ [8934/8948] Built Tammes15.Challenge.Glue.Frames (31s)
info: Tammes15/Challenge/Glue/Frames.lean:222:94: Try this:
  [apply] abel_nf
✔ [8935/8948] Built Tammes15.Challenge.Glue.FramesAlg (10s)
✔ [8936/8948] Built Tammes15.Challenge.Glue.Enclosure (8.9s)
ℹ [8937/8948] Built Tammes15.Challenge.Trigrows.Rows (22s)
info: Tammes15/Challenge/Trigrows/Rows.lean:374:55: Try this:
  [apply] ring_nf
  
  The `ring` tactic failed to close the goal. Use `ring_nf` to obtain a normal form.
    
  Note that `ring` works primarily in *commutative* rings. If you have a noncommutative ring, abelian group or module, consider using `noncomm_ring`, `abel` or `module` instead.
info: Tammes15/Challenge/Trigrows/Rows.lean:386:8: Try this:
  [apply] ring_nf
  
  The `ring` tactic failed to close the goal. Use `ring_nf` to obtain a normal form.
    
  Note that `ring` works primarily in *commutative* rings. If you have a noncommutative ring, abelian group or module, consider using `noncomm_ring`, `abel` or `module` instead.
info: Tammes15/Challenge/Trigrows/Rows.lean:387:47: Try this:
  [apply] ring_nf
  
  The `ring` tactic failed to close the goal. Use `ring_nf` to obtain a normal form.
    
  Note that `ring` works primarily in *commutative* rings. If you have a noncommutative ring, abelian group or module, consider using `noncomm_ring`, `abel` or `module` instead.
✔ [8938/8948] Built Tammes15.Challenge.Trigrows.Margins (4.9s)
✔ [8939/8948] Built Tammes15.Challenge.Hyps.Case (4.0s)
✔ [8940/8948] Built Tammes15.Challenge.D2Regions.Defs (4.1s)
✔ [8941/8948] Built Tammes15.Challenge.Hyps.Computations (3.0s)
✔ [8942/8948] Built Tammes15.Challenge.Attained.Data (4.4s)
✔ [8943/8948] Built Tammes15.Challenge.PaperSteps.Defs (4.6s)
✔ [8944/8948] Built Tammes15.Challenge.PaperSteps.FrameDefs (4.1s)
✔ [8945/8948] Built Tammes15.Challenge.PaperSteps.SearchDefs (4.6s)
✔ [8946/8948] Built Tammes15.Challenge.Contractors.Prims (4.5s)
✔ [8947/8948] Built Tammes15.Challenge.Contractors.Defs (4.5s)
⚠ [8948/8948] Built Tammes15.Challenge (4.3s)
warning: Tammes15/Challenge.lean:32:8: declaration uses `sorry`
warning: Tammes15/Challenge.lean:36:8: declaration uses `sorry`
warning: Tammes15/Challenge.lean:38:8: declaration uses `sorry`
warning: Tammes15/Challenge.lean:42:8: declaration uses `sorry`
warning: Tammes15/Challenge.lean:51:8: declaration uses `sorry`
warning: Tammes15/Challenge.lean:55:8: declaration uses `sorry`
warning: Tammes15/Challenge.lean:59:8: declaration uses `sorry`
warning: Tammes15/Challenge.lean:63:8: declaration uses `sorry`
warning: Tammes15/Challenge.lean:68:8: declaration uses `sorry`
warning: Tammes15/Challenge.lean:78:8: declaration uses `sorry`
warning: Tammes15/Challenge.lean:88:8: declaration uses `sorry`
warning: Tammes15/Challenge.lean:92:8: declaration uses `sorry`
warning: Tammes15/Challenge.lean:97:8: declaration uses `sorry`
warning: Tammes15/Challenge.lean:101:8: declaration uses `sorry`
warning: Tammes15/Challenge.lean:105:8: declaration uses `sorry`
Build completed successfully (8948 jobs).
Exporting #[Quot, Quot.mk, Quot.lift, Quot.ind, Tammes15.reduction, Tammes15.fejesToth_bound, Tammes15.conjecture_of_enum_killed, Tammes15.nonunique_of_enum_killed, Tammes15.PaperSteps.killed_of_progKilled, Tammes15.conjecture_of_enum_progKilled, Tammes15.PaperSteps.progKilled_of_progTrees, Tammes15.conjecture_of_enum_progTrees, Tammes15.PaperSteps.local_optimality_frame, Tammes15.PaperSteps.optima_four, Tammes15.PaperSteps.frames_not_isometric, Tammes15.PaperSteps.frames_not_distance_preserving, Tammes15.conjecture_of_enum_progTreesDom, Tammes15.Contractors.killed_of_progTreesDom, Tammes15.nonunique_of_enum_progTreesDom, propext, Quot.sound, Classical.choice, Nat.add, Nat.sub, Nat.mul, Nat.pow, Nat.gcd, Nat.div, Nat.mod, Nat.beq, Nat.ble, Nat.land, Nat.lor, Nat.xor, Nat.shiftLeft, Nat.shiftRight, String.ofList, Char.ofNat, List, eagerReduce, Nat, String, String.mk, Char, optParam, autoParam, semiOutParam, outParam] from Tammes15.Challenge
Building Tammes15.Solution
ℹ [8932/9197] Replayed Tammes15.Glue.Frames
info: Tammes15/Glue/Frames.lean:222:94: Try this:
  [apply] abel_nf
⚠ [8935/9197] Replayed Tammes15.Trigrows.Mono
info: Tammes15/Trigrows/Mono.lean:186:82: Try this:
  [apply] ring_nf
  
  The `ring` tactic failed to close the goal. Use `ring_nf` to obtain a normal form.
    
  Note that `ring` works primarily in *commutative* rings. If you have a noncommutative ring, abelian group or module, consider using `noncomm_ring`, `abel` or `module` instead.
info: Tammes15/Trigrows/Mono.lean:191:67: Try this:
  [apply] ring_nf
  
  The `ring` tactic failed to close the goal. Use `ring_nf` to obtain a normal form.
    
  Note that `ring` works primarily in *commutative* rings. If you have a noncommutative ring, abelian group or module, consider using `noncomm_ring`, `abel` or `module` instead.
info: Tammes15/Trigrows/Mono.lean:192:61: Try this:
  [apply] ring_nf
  
  The `ring` tactic failed to close the goal. Use `ring_nf` to obtain a normal form.
    
  Note that `ring` works primarily in *commutative* rings. If you have a noncommutative ring, abelian group or module, consider using `noncomm_ring`, `abel` or `module` instead.
info: Tammes15/Trigrows/Mono.lean:195:47: Try this:
  [apply] ring_nf
  
  The `ring` tactic failed to close the goal. Use `ring_nf` to obtain a normal form.
    
  Note that `ring` works primarily in *commutative* rings. If you have a noncommutative ring, abelian group or module, consider using `noncomm_ring`, `abel` or `module` instead.
warning: Tammes15/Trigrows/Mono.lean:868:39: Variable name `hab` is not explicitly referenced.

Hint: The binding can be removed (if unused) or named `_` (if used implicitly). Alternatively, prefix the name with `_` to silence this warning:
  [apply] _hab

Note: This linter can be disabled with `set_option linter.unusedVariables false`
ℹ [8936/9197] Replayed Tammes15.Trigrows.Rows
info: Tammes15/Trigrows/Rows.lean:374:55: Try this:
  [apply] ring_nf
  
  The `ring` tactic failed to close the goal. Use `ring_nf` to obtain a normal form.
    
  Note that `ring` works primarily in *commutative* rings. If you have a noncommutative ring, abelian group or module, consider using `noncomm_ring`, `abel` or `module` instead.
info: Tammes15/Trigrows/Rows.lean:386:8: Try this:
  [apply] ring_nf
  
  The `ring` tactic failed to close the goal. Use `ring_nf` to obtain a normal form.
    
  Note that `ring` works primarily in *commutative* rings. If you have a noncommutative ring, abelian group or module, consider using `noncomm_ring`, `abel` or `module` instead.
info: Tammes15/Trigrows/Rows.lean:387:47: Try this:
  [apply] ring_nf
  
  The `ring` tactic failed to close the goal. Use `ring_nf` to obtain a normal form.
    
  Note that `ring` works primarily in *commutative* rings. If you have a noncommutative ring, abelian group or module, consider using `noncomm_ring`, `abel` or `module` instead.
⚠ [8941/9197] Replayed Tammes15.Local41.Rotation
warning: Tammes15/Local41/Rotation.lean:57:4: try 'simp' instead of 'simpa'

Note: This linter can be disabled with `set_option linter.unnecessarySimpa false`
warning: Tammes15/Local41/Rotation.lean:100:6: try 'simp' instead of 'simpa'

Note: This linter can be disabled with `set_option linter.unnecessarySimpa false`
⚠ [8943/9197] Replayed Tammes15.Trigrows.Sdist
warning: Tammes15/Trigrows/Sdist.lean:273:2: `push_neg` has been deprecated. Prefer using `push Not` instead.
If you'd rather continue using `push_neg` in your project, you can implement it as follows:
```
open Lean.Parser.Tactic in
macro "push_neg" cfg:optConfig loc:(location)? : tactic =>
  `(tactic| push $cfg:optConfig Not $[$loc]?)
```
⚠ [8944/9197] Replayed Tammes15.Draw.Frame
warning: Tammes15/Draw/Frame.lean:43:10: try 'simp' instead of 'simpa'

Note: This linter can be disabled with `set_option linter.unnecessarySimpa false`
warning: Tammes15/Draw/Frame.lean:40:6: Try this: 
  haveI̵

The goal is a proposition, so `have` is preferred over `haveI`.
The difference between `have` and `haveI` is that `haveI` inlines the value.
But this is not relevant for proofs because of proof irrelevance.

Note: This linter can be disabled with `set_option linter.style.haveILetI false`
warning: Tammes15/Draw/Frame.lean:49:8: try 'simp' instead of 'simpa'

Note: This linter can be disabled with `set_option linter.unnecessarySimpa false`
warning: Tammes15/Draw/Frame.lean:125:4: try 'simp' instead of 'simpa'

Note: This linter can be disabled with `set_option linter.unnecessarySimpa false`
warning: Tammes15/Draw/Frame.lean:128:4: try 'simp' instead of 'simpa'

Note: This linter can be disabled with `set_option linter.unnecessarySimpa false`
warning: Tammes15/Draw/Frame.lean:233:15: This simp argument is unused:
  Finset.sum_mul

Hint: Omit it from the simp argument list.
  [apply] simp only [Finset.mul_sum, mul_comm, mul_left_comm, mul_assoc]

Note: This linter can be disabled with `set_option linter.unusedSimpArgs false`
warning: Tammes15/Draw/Frame.lean:233:72: This simp argument is unused:
  mul_assoc

Hint: Omit it from the simp argument list.
  [apply] simp only [Finset.sum_mul, Finset.mul_sum, mul_comm, mul_left_comm]

Note: This linter can be disabled with `set_option linter.unusedSimpArgs false`
warning: Tammes15/Draw/Frame.lean:544:57: Variable name `hz` is not explicitly referenced.

Hint: The binding can be removed (if unused) or named `_` (if used implicitly). Alternatively, prefix the name with `_` to silence this warning:
  [apply] _hz

Note: This linter can be disabled with `set_option linter.unusedVariables false`
⚠ [8946/9197] Replayed Tammes15.Vendor.EM8.Definitions
warning: Tammes15/Vendor/EM8/Definitions.lean:81:40: `Set.mem_setOf_eq` has been deprecated: Use `Set.mem_ofPred_eq` instead
warning: Tammes15/Vendor/EM8/Definitions.lean:88:41: `Set.mem_setOf_eq` has been deprecated: Use `Set.mem_ofPred_eq` instead
warning: Tammes15/Vendor/EM8/Definitions.lean:82:53: This simp argument is unused:
  hra

Hint: Omit it from the simp argument list.
  [apply] simp [Fin.sum_univ_succ, r, h, Real.norm_eq_abs, hha]

Note: This linter can be disabled with `set_option linter.unusedSimpArgs false`
warning: Tammes15/Vendor/EM8/Definitions.lean:89:53: This simp argument is unused:
  hra

Hint: Omit it from the simp argument list.
  [apply] simp [Fin.sum_univ_succ, r, h, Real.norm_eq_abs, hha]

Note: This linter can be disabled with `set_option linter.unusedSimpArgs false`
warning: Tammes15/Vendor/EM8/Definitions.lean:113:4: try 'simp' instead of 'simpa'

Note: This linter can be disabled with `set_option linter.unnecessarySimpa false`
warning: Tammes15/Vendor/EM8/Definitions.lean:132:4: try 'simp' instead of 'simpa'

Note: This linter can be disabled with `set_option linter.unnecessarySimpa false`
warning: Tammes15/Vendor/EM8/Definitions.lean:131:56: This simp argument is unused:
  hr.ne'

Hint: Omit it from the simp argument list.
  [apply] simp [Real.cos_add, Real.sin_add, htwo, hthree] at hx hy ⊢

Note: This linter can be disabled with `set_option linter.unusedSimpArgs false`
warning: Tammes15/Vendor/EM8/Definitions.lean:147:2: Try this: 
  letI̵

The goal is a proposition, so `let` is preferred over `letI`.
The difference between `let` and `letI` is that `letI` inlines the value.
But this is not relevant for proofs because of proof irrelevance.

Note: This linter can be disabled with `set_option linter.style.haveILetI false`
⚠ [8947/9197] Replayed Tammes15.Vendor.EM8.Antiprism
warning: Tammes15/Vendor/EM8/Antiprism.lean:38:54: this tactic is never executed

Note: This linter can be disabled with `set_option linter.unreachableTactic false`
warning: Tammes15/Vendor/EM8/Antiprism.lean:38:54: Unused tactic linter: `ring` does nothing

Note: This linter can be disabled with `set_option linter.unusedTactic false`
warning: Tammes15/Vendor/EM8/Antiprism.lean:143:38: This simp argument is unused:
  hha

Hint: Omit it from the simp argument list.
  [apply] simp [Xc, norm_vec3_sub, r, h, hra, hs2]

Note: This linter can be disabled with `set_option linter.unusedSimpArgs false`
warning: Tammes15/Vendor/EM8/Antiprism.lean:143:43: This simp argument is unused:
  hs2

Hint: Omit it from the simp argument list.
  [apply] simp [Xc, norm_vec3_sub, r, h, hra, hha]

Note: This linter can be disabled with `set_option linter.unusedSimpArgs false`
⚠ [8948/9197] Replayed Tammes15.Vendor.EM8.Parameter
warning: Tammes15/Vendor/EM8/Parameter.lean:332:20: `dif_pos` has been deprecated: Use `dite_eq_left` instead
warning: Tammes15/Vendor/EM8/Parameter.lean:337:20: `dif_pos` has been deprecated: Use `dite_eq_left` instead
⚠ [8950/9197] Replayed Tammes15.Vendor.EM8.RankinBound
warning: Tammes15/Vendor/EM8/RankinBound.lean:99:17: `if_neg` has been deprecated: Use `ite_eq_right` instead
warning: Tammes15/Vendor/EM8/RankinBound.lean:117:2: `push_neg` has been deprecated. Prefer using `push Not` instead.
If you'd rather continue using `push_neg` in your project, you can implement it as follows:
```
open Lean.Parser.Tactic in
macro "push_neg" cfg:optConfig loc:(location)? : tactic =>
  `(tactic| push $cfg:optConfig Not $[$loc]?)
```
⚠ [8952/9197] Replayed Tammes15.Draw.Angular
warning: Tammes15/Draw/Angular.lean:116:15: This simp argument is unused:
  E

Hint: Omit it from the simp argument list.
  [apply] simp [f, Equiv.sigmaCongrRight_apply]

Note: This linter can be disabled with `set_option linter.unusedSimpArgs false`
warning: Tammes15/Draw/Angular.lean:184:4: try 'simp' instead of 'simpa'

Note: This linter can be disabled with `set_option linter.unnecessarySimpa false`
warning: Tammes15/Draw/Angular.lean:279:8: try 'simp' instead of 'simpa'

Note: This linter can be disabled with `set_option linter.unnecessarySimpa false`
warning: Tammes15/Draw/Angular.lean:319:31: try 'simp' instead of 'simpa'

Note: This linter can be disabled with `set_option linter.unnecessarySimpa false`
warning: Tammes15/Draw/Angular.lean:366:0: automatically included section variable(s) unused in theorem `Tammes15.distinctDirs_of_sep`:
  [Fintype V]
  [DecidableEq V]
consider restructuring your `variable` declarations so that the variables are not in scope or explicitly omit them:
  omit [Fintype V] [DecidableEq V] in theorem ...

Note: This linter can be disabled with `set_option linter.unusedSectionVars false`
⚠ [8955/9197] Replayed Tammes15.Vendor.EM8.ContactGeometryGlobal
warning: Tammes15/Vendor/EM8/ContactGeometryGlobal.lean:26:21: This simp argument is unused:
  real_inner_self_eq_norm_sq

Hint: Omit it from the simp argument list.
  [apply] simp [hY]

Note: This linter can be disabled with `set_option linter.unusedSimpArgs false`
warning: Tammes15/Vendor/EM8/ContactGeometryGlobal.lean:53:8: This simp argument is unused:
  real_inner_self_eq_norm_sq

Hint: Omit it from the simp argument list.
  [apply] simp [ha, hb]

Note: This linter can be disabled with `set_option linter.unusedSimpArgs false`
warning: Tammes15/Vendor/EM8/ContactGeometryGlobal.lean:102:45: This simp argument is unused:
  real_inner_self_eq_norm_sq

Hint: Omit it from the simp argument list.
  [apply] simp [inner_smul_left, inner_smul_right, hqnorm, mul_comm]

Note: This linter can be disabled with `set_option linter.unusedSimpArgs false`
⚠ [8957/9197] Replayed Tammes15.Vendor.EM8.PackingPush
warning: Tammes15/Vendor/EM8/PackingPush.lean:23:25: This simp argument is unused:
  real_inner_self_eq_norm_sq

Hint: Omit it from the simp argument list.
  [apply] simp [horth', horth, hp, hv]

Note: This linter can be disabled with `set_option linter.unusedSimpArgs false`
⚠ [8959/9197] Replayed Tammes15.Vendor.EM8.ContactDirections
warning: Tammes15/Vendor/EM8/ContactDirections.lean:82:10: This simp argument is unused:
  real_inner_self_eq_norm_sq

Hint: Omit it from the simp argument list.
  [apply] simp [hp, hq]

Note: This linter can be disabled with `set_option linter.unusedSimpArgs false`
warning: Tammes15/Vendor/EM8/ContactDirections.lean:113:4: `push_neg` has been deprecated. Prefer using `push Not` instead.
If you'd rather continue using `push_neg` in your project, you can implement it as follows:
```
open Lean.Parser.Tactic in
macro "push_neg" cfg:optConfig loc:(location)? : tactic =>
  `(tactic| push $cfg:optConfig Not $[$loc]?)
```
⚠ [8962/9197] Replayed Tammes15.Vendor.EM8.CrossAlgebra
warning: Tammes15/Vendor/EM8/CrossAlgebra.lean:51:37: This simp argument is unused:
  Real.norm_eq_abs

Hint: Omit it from the simp argument list.
  [apply] simp [sphereEdgeNormal, norm_smul, abs_of_pos (inv_pos.mpr hp), hp.ne']

Note: This linter can be disabled with `set_option linter.unusedSimpArgs false`
warning: Tammes15/Vendor/EM8/CrossAlgebra.lean:51:55: This simp argument is unused:
  abs_of_pos (inv_pos.mpr hp)

Hint: Omit it from the simp argument list.
  [apply] simp [sphereEdgeNormal, norm_smul, Real.norm_eq_abs, hp.ne']

Note: This linter can be disabled with `set_option linter.unusedSimpArgs false`
⚠ [8964/9197] Replayed Tammes15.Vendor.EM8.SphericalPolygon
warning: Tammes15/Vendor/EM8/SphericalPolygon.lean:26:25: `if_neg` has been deprecated: Use `ite_eq_right` instead
⚠ [8967/9197] Replayed Tammes15.Vendor.EM8.PackingEndgame
warning: Tammes15/Vendor/EM8/PackingEndgame.lean:15:45: Used `tac1 <;> tac2` where `(tac1; tac2)` would suffice

Note: This linter can be disabled with `set_option linter.unnecessarySeqFocus false`
warning: Tammes15/Vendor/EM8/PackingEndgame.lean:15:57: Used `tac1 <;> tac2` where `(tac1; tac2)` would suffice

Note: This linter can be disabled with `set_option linter.unnecessarySeqFocus false`
⚠ [8969/9197] Replayed Tammes15.Vendor.EM8.VertexConcavity
warning: Tammes15/Vendor/EM8/VertexConcavity.lean:71:56: `if_pos` has been deprecated: Use `ite_eq_left` instead
warning: Tammes15/Vendor/EM8/VertexConcavity.lean:82:55: `if_neg` has been deprecated: Use `ite_eq_right` instead
warning: Tammes15/Vendor/EM8/VertexConcavity.lean:114:56: `if_pos` has been deprecated: Use `ite_eq_left` instead
warning: Tammes15/Vendor/EM8/VertexConcavity.lean:125:55: `if_neg` has been deprecated: Use `ite_eq_right` instead
⚠ [8971/9197] Replayed Tammes15.Vendor.EM8.RhombusScalar
warning: Tammes15/Vendor/EM8/RhombusScalar.lean:49:45: Used `tac1 <;> tac2` where `(tac1; tac2)` would suffice

Note: This linter can be disabled with `set_option linter.unnecessarySeqFocus false`
warning: Tammes15/Vendor/EM8/RhombusScalar.lean:49:57: Used `tac1 <;> tac2` where `(tac1; tac2)` would suffice

Note: This linter can be disabled with `set_option linter.unnecessarySeqFocus false`
warning: Tammes15/Vendor/EM8/RhombusScalar.lean:51:45: Used `tac1 <;> tac2` where `(tac1; tac2)` would suffice

Note: This linter can be disabled with `set_option linter.unnecessarySeqFocus false`
warning: Tammes15/Vendor/EM8/RhombusScalar.lean:51:57: Used `tac1 <;> tac2` where `(tac1; tac2)` would suffice

Note: This linter can be disabled with `set_option linter.unnecessarySeqFocus false`
⚠ [8976/9197] Replayed Tammes15.Vendor.EM8.ContactRankBound
warning: Tammes15/Vendor/EM8/ContactRankBound.lean:23:43: `Set.setOf_and` has been deprecated: Use `Set.ofPred_and` instead
warning: Tammes15/Vendor/EM8/ContactRankBound.lean:38:10: This simp argument is unused:
  Pi.single_apply

Hint: Omit it from the simp argument list.
  [apply] simp

Note: This linter can be disabled with `set_option linter.unusedSimpArgs false`
warning: Tammes15/Vendor/EM8/ContactRankBound.lean:40:10: This simp argument is unused:
  Prod.norm_def

Hint: Omit it from the simp argument list.
  [apply] simp [Pi.norm_single]

Note: This linter can be disabled with `set_option linter.unusedSimpArgs false`
⚠ [8977/9197] Replayed Tammes15.Vendor.EM8.LocalChart
warning: Tammes15/Vendor/EM8/LocalChart.lean:100:48: This simp argument is unused:
  chartRay

Hint: Omit it from the simp argument list.
  [apply] simp [v, Pi.add_apply]

Note: This linter can be disabled with `set_option linter.unusedSimpArgs false`
warning: Tammes15/Vendor/EM8/LocalChart.lean:100:61: This simp argument is unused:
  Pi.add_apply

Hint: Omit it from the simp argument list.
  [apply] simp [chartRay, v]

Note: This linter can be disabled with `set_option linter.unusedSimpArgs false`
warning: Tammes15/Vendor/EM8/LocalChart.lean:100:38: Used `tac1 <;> tac2` where `(tac1; tac2)` would suffice

Note: This linter can be disabled with `set_option linter.unnecessarySeqFocus false`
⚠ [8978/9197] Replayed Tammes15.Vendor.EM8.LocalRotations
warning: Tammes15/Vendor/EM8/LocalRotations.lean:34:32: This simp argument is unused:
  hab

Hint: Omit it from the simp argument list.
  [apply] simp [lineReflection_apply, hb]

Note: This linter can be disabled with `set_option linter.unusedSimpArgs false`
⚠ [8981/9197] Replayed Tammes15.Vendor.EM8.TangentAngles
warning: Tammes15/Vendor/EM8/TangentAngles.lean:59:29: Variable name `hpw` is not explicitly referenced.

Hint: The binding can be removed (if unused) or named `_` (if used implicitly). Alternatively, prefix the name with `_` to silence this warning:
  [apply] _hpw

Note: This linter can be disabled with `set_option linter.unusedVariables false`
⚠ [8982/9197] Replayed Tammes15.Vendor.EM8.TangentWedge
warning: Tammes15/Vendor/EM8/TangentWedge.lean:24:27: `if_pos` has been deprecated: Use `ite_eq_left` instead
⚠ [8986/9197] Replayed Tammes15.Vendor.EM8.ContactCovering
warning: Tammes15/Vendor/EM8/ContactCovering.lean:45:2: `push_neg` has been deprecated. Prefer using `push Not` instead.
If you'd rather continue using `push_neg` in your project, you can implement it as follows:
```
open Lean.Parser.Tactic in
macro "push_neg" cfg:optConfig loc:(location)? : tactic =>
  `(tactic| push $cfg:optConfig Not $[$loc]?)
```
warning: Tammes15/Vendor/EM8/ContactCovering.lean:74:35: Variable name `hc` is not explicitly referenced.

Hint: The binding can be removed (if unused) or named `_` (if used implicitly). Alternatively, prefix the name with `_` to silence this warning:
  [apply] _hc

Note: This linter can be disabled with `set_option linter.unusedVariables false`
warning: Tammes15/Vendor/EM8/ContactCovering.lean:115:2: `push_neg` has been deprecated. Prefer using `push Not` instead.
If you'd rather continue using `push_neg` in your project, you can implement it as follows:
```
open Lean.Parser.Tactic in
macro "push_neg" cfg:optConfig loc:(location)? : tactic =>
  `(tactic| push $cfg:optConfig Not $[$loc]?)
```
⚠ [8987/9197] Replayed Tammes15.Vendor.EM8.SphericalCone
warning: Tammes15/Vendor/EM8/SphericalCone.lean:56:2: `push_neg` has been deprecated. Prefer using `push Not` instead.
If you'd rather continue using `push_neg` in your project, you can implement it as follows:
```
open Lean.Parser.Tactic in
macro "push_neg" cfg:optConfig loc:(location)? : tactic =>
  `(tactic| push $cfg:optConfig Not $[$loc]?)
```
⚠ [8988/9197] Replayed Tammes15.Vendor.EM8.CircleOrder
warning: Tammes15/Vendor/EM8/CircleOrder.lean:33:27: `if_neg` has been deprecated: Use `ite_eq_right` instead
warning: Tammes15/Vendor/EM8/CircleOrder.lean:35:27: `if_neg` has been deprecated: Use `ite_eq_right` instead
warning: Tammes15/Vendor/EM8/CircleOrder.lean:69:26: `if_neg` has been deprecated: Use `ite_eq_right` instead
warning: Tammes15/Vendor/EM8/CircleOrder.lean:79:29: `if_neg` has been deprecated: Use `ite_eq_right` instead
⚠ [8992/9197] Replayed Tammes15.Vendor.EM8.RotationSystem
warning: Tammes15/Vendor/EM8/RotationSystem.lean:61:6: `dif_pos` has been deprecated: Use `dite_eq_left` instead
warning: Tammes15/Vendor/EM8/RotationSystem.lean:73:6: `dif_pos` has been deprecated: Use `dite_eq_left` instead
⚠ [8993/9197] Replayed Tammes15.Vendor.EM8.FiniteCycles
warning: Tammes15/Vendor/EM8/FiniteCycles.lean:46:27: `if_neg` has been deprecated: Use `ite_eq_right` instead
⚠ [8994/9197] Replayed Tammes15.Vendor.EM8.ContactBoundary
warning: Tammes15/Vendor/EM8/ContactBoundary.lean:58:12: This simp argument is unused:
  Fin.val_add_one

Hint: Omit it from the simp argument list.
  [apply] simp [Fin.ext_iff, hzero]

Note: This linter can be disabled with `set_option linter.unusedSimpArgs false`
warning: Tammes15/Vendor/EM8/ContactBoundary.lean:58:29: This simp argument is unused:
  Fin.ext_iff

Hint: Omit it from the simp argument list.
  [apply] simp [Fin.val_add_one, hzero]

Note: This linter can be disabled with `set_option linter.unusedSimpArgs false`
⚠ [8995/9197] Replayed Tammes15.Vendor.EM8.CircleGapInterior
warning: Tammes15/Vendor/EM8/CircleGapInterior.lean:61:82: `if_pos` has been deprecated: Use `ite_eq_left` instead
warning: Tammes15/Vendor/EM8/CircleGapInterior.lean:63:26: `if_neg` has been deprecated: Use `ite_eq_right` instead
warning: Tammes15/Vendor/EM8/CircleGapInterior.lean:66:43: `if_pos` has been deprecated: Use `ite_eq_left` instead
warning: Tammes15/Vendor/EM8/CircleGapInterior.lean:71:29: `if_neg` has been deprecated: Use `ite_eq_right` instead
warning: Tammes15/Vendor/EM8/CircleGapInterior.lean:75:43: `if_neg` has been deprecated: Use `ite_eq_right` instead
warning: Tammes15/Vendor/EM8/CircleGapInterior.lean:95:82: `if_pos` has been deprecated: Use `ite_eq_left` instead
warning: Tammes15/Vendor/EM8/CircleGapInterior.lean:97:26: `if_neg` has been deprecated: Use `ite_eq_right` instead
warning: Tammes15/Vendor/EM8/CircleGapInterior.lean:100:43: `if_pos` has been deprecated: Use `ite_eq_left` instead
warning: Tammes15/Vendor/EM8/CircleGapInterior.lean:105:29: `if_neg` has been deprecated: Use `ite_eq_right` instead
warning: Tammes15/Vendor/EM8/CircleGapInterior.lean:109:43: `if_neg` has been deprecated: Use `ite_eq_right` instead
⚠ [8996/9197] Replayed Tammes15.Vendor.EM8.ContactSector
warning: Tammes15/Vendor/EM8/ContactSector.lean:59:6: `dif_pos` has been deprecated: Use `dite_eq_left` instead
⚠ [8999/9197] Replayed Tammes15.Vendor.EM8.WeakBoundarySupport
warning: Tammes15/Vendor/EM8/WeakBoundarySupport.lean:31:6: Used `tac1 <;> tac2` where `(tac1; tac2)` would suffice

Note: This linter can be disabled with `set_option linter.unnecessarySeqFocus false`
⚠ [9003/9197] Replayed Tammes15.Vendor.EM8.SphericalLocalConnectivity
warning: Tammes15/Vendor/EM8/SphericalLocalConnectivity.lean:40:2: Try `simp at h` instead of `simpa using h`

Note: This linter can be disabled with `set_option linter.unnecessarySimpa false`
⚠ [9007/9197] Replayed Tammes15.Vendor.EM8.FiniteArcPatchCover
warning: Tammes15/Vendor/EM8/FiniteArcPatchCover.lean:23:2: Try this: 
  letI̵

The goal is a proposition, so `let` is preferred over `letI`.
The difference between `let` and `letI` is that `letI` inlines the value.
But this is not relevant for proofs because of proof irrelevance.

Note: This linter can be disabled with `set_option linter.style.haveILetI false`
⚠ [9013/9197] Replayed Tammes15.Vendor.EM8.ShortestChainCorners
warning: Tammes15/Vendor/EM8/ShortestChainCorners.lean:106:2: Used `tac1 <;> tac2` where `(tac1; tac2)` would suffice

Note: This linter can be disabled with `set_option linter.unnecessarySeqFocus false`
⚠ [9018/9197] Replayed Tammes15.Vendor.EM8.TracePatchSubdivision
warning: Tammes15/Vendor/EM8/TracePatchSubdivision.lean:47:4: `push_neg` has been deprecated. Prefer using `push Not` instead.
If you'd rather continue using `push_neg` in your project, you can implement it as follows:
```
open Lean.Parser.Tactic in
macro "push_neg" cfg:optConfig loc:(location)? : tactic =>
  `(tactic| push $cfg:optConfig Not $[$loc]?)
```
⚠ [9020/9197] Replayed Tammes15.Vendor.EM8.InteriorChainShortening
warning: Tammes15/Vendor/EM8/InteriorChainShortening.lean:155:25: Used `tac1 <;> tac2` where `(tac1; tac2)` would suffice

Note: This linter can be disabled with `set_option linter.unnecessarySeqFocus false`
warning: Tammes15/Vendor/EM8/InteriorChainShortening.lean:155:37: Used `tac1 <;> tac2` where `(tac1; tac2)` would suffice

Note: This linter can be disabled with `set_option linter.unnecessarySeqFocus false`
⚠ [9021/9197] Replayed Tammes15.Vendor.EM8.SphericalRegionInterior
warning: Tammes15/Vendor/EM8/SphericalRegionInterior.lean:98:2: `push_neg` has been deprecated. Prefer using `push Not` instead.
If you'd rather continue using `push_neg` in your project, you can implement it as follows:
```
open Lean.Parser.Tactic in
macro "push_neg" cfg:optConfig loc:(location)? : tactic =>
  `(tactic| push $cfg:optConfig Not $[$loc]?)
```
⚠ [9022/9197] Replayed Tammes15.Vendor.EM8.GreatCircleInteriorPropagation
warning: Tammes15/Vendor/EM8/GreatCircleInteriorPropagation.lean:113:9: Variable name `x` is not explicitly referenced.

Hint: The binding can be removed (if unused) or named `_` (if used implicitly). Alternatively, prefix the name with `_` to silence this warning:
  [apply] _x

Note: This linter can be disabled with `set_option linter.unusedVariables false`
⚠ [9024/9197] Replayed Tammes15.Vendor.EM8.SphericalComplementRegions
warning: Tammes15/Vendor/EM8/SphericalComplementRegions.lean:43:27: This simp argument is unused:
  real_inner_self_eq_norm_sq

Hint: Omit it from the simp argument list.
  [apply] simp [inner_neg_right, hxunit] at hh

Note: This linter can be disabled with `set_option linter.unusedSimpArgs false`
⚠ [9026/9197] Replayed Tammes15.Vendor.EM8.ContactArcLocalGeometry
warning: Tammes15/Vendor/EM8/ContactArcLocalGeometry.lean:39:43: This simp argument is unused:
  real_inner_self_eq_norm_sq

Hint: Omit it from the simp argument list.
  [apply] simp [inner_sub_left, inner_smul_left, hb, hba]

Note: This linter can be disabled with `set_option linter.unusedSimpArgs false`
warning: Tammes15/Vendor/EM8/ContactArcLocalGeometry.lean:42:43: This simp argument is unused:
  real_inner_self_eq_norm_sq

Hint: Omit it from the simp argument list.
  [apply] simp [inner_sub_left, inner_smul_left, ha, hba]

Note: This linter can be disabled with `set_option linter.unusedSimpArgs false`
⚠ [9028/9197] Replayed Tammes15.Vendor.EM8.SolidAngleDerivative
warning: Tammes15/Vendor/EM8/SolidAngleDerivative.lean:43:19: This simp argument is unused:
  solidAngleDenom

Hint: Omit it from the simp argument list.
  [apply] simp only [inner_zero_left, add_zero, zero_add, Pi.add_apply]

Note: This linter can be disabled with `set_option linter.unusedSimpArgs false`
warning: Tammes15/Vendor/EM8/SolidAngleDerivative.lean:43:73: This simp argument is unused:
  Pi.add_apply

Hint: Omit it from the simp argument list.
  [apply] simp only [solidAngleDenom, inner_zero_left, add_zero, zero_add]

Note: This linter can be disabled with `set_option linter.unusedSimpArgs false`
⚠ [9029/9197] Replayed Tammes15.Vendor.EM8.SolidAngleDomain
warning: Tammes15/Vendor/EM8/SolidAngleDomain.lean:21:2: `push_neg` has been deprecated. Prefer using `push Not` instead.
If you'd rather continue using `push_neg` in your project, you can implement it as follows:
```
open Lean.Parser.Tactic in
macro "push_neg" cfg:optConfig loc:(location)? : tactic =>
  `(tactic| push $cfg:optConfig Not $[$loc]?)
```
warning: Tammes15/Vendor/EM8/SolidAngleDomain.lean:41:42: This simp argument is unused:
  real_inner_self_eq_norm_sq

Hint: Omit it from the simp argument list.
  [apply] simp [hx]

Note: This linter can be disabled with `set_option linter.unusedSimpArgs false`
⚠ [9031/9197] Replayed Tammes15.Vendor.EM8.CycleEdgeSeparation
warning: Tammes15/Vendor/EM8/CycleEdgeSeparation.lean:41:19: `if_neg` has been deprecated: Use `ite_eq_right` instead
warning: Tammes15/Vendor/EM8/CycleEdgeSeparation.lean:41:45: `if_neg` has been deprecated: Use `ite_eq_right` instead
warning: Tammes15/Vendor/EM8/CycleEdgeSeparation.lean:45:19: `if_neg` has been deprecated: Use `ite_eq_right` instead
warning: Tammes15/Vendor/EM8/CycleEdgeSeparation.lean:45:45: `if_pos` has been deprecated: Use `ite_eq_left` instead
⚠ [9032/9197] Replayed Tammes15.Vendor.EM8.ContactSimpleCycles
warning: Tammes15/Vendor/EM8/ContactSimpleCycles.lean:55:42: `if_true` has been deprecated: Use `ite_true` instead
warning: Tammes15/Vendor/EM8/ContactSimpleCycles.lean:55:51: `if_false` has been deprecated: Use `ite_false` instead
warning: Tammes15/Vendor/EM8/ContactSimpleCycles.lean:57:42: `if_true` has been deprecated: Use `ite_true` instead
warning: Tammes15/Vendor/EM8/ContactSimpleCycles.lean:57:51: `if_false` has been deprecated: Use `ite_false` instead
warning: Tammes15/Vendor/EM8/ContactSimpleCycles.lean:59:42: `if_false` has been deprecated: Use `ite_false` instead
warning: Tammes15/Vendor/EM8/ContactSimpleCycles.lean:89:5: Variable name `hY` is not explicitly referenced.

Hint: The binding can be removed (if unused) or named `_` (if used implicitly). Alternatively, prefix the name with `_` to silence this warning:
  [apply] _hY

Note: This linter can be disabled with `set_option linter.unusedVariables false`
warning: Tammes15/Vendor/EM8/ContactSimpleCycles.lean:89:27: Variable name `hc` is not explicitly referenced.

Hint: The binding can be removed (if unused) or named `_` (if used implicitly). Alternatively, prefix the name with `_` to silence this warning:
  [apply] _hc

Note: This linter can be disabled with `set_option linter.unusedVariables false`
warning: Tammes15/Vendor/EM8/ContactSimpleCycles.lean:90:5: Variable name `hirr` is not explicitly referenced.

Hint: The binding can be removed (if unused) or named `_` (if used implicitly). Alternatively, prefix the name with `_` to silence this warning:
  [apply] _hirr

Note: This linter can be disabled with `set_option linter.unusedVariables false`
⚠ [9033/9197] Replayed Tammes15.Vendor.EM8.ArcEmbedding
warning: Tammes15/Vendor/EM8/ArcEmbedding.lean:79:26: Variable name `hij` is not explicitly referenced.

Hint: The binding can be removed (if unused) or named `_` (if used implicitly). Alternatively, prefix the name with `_` to silence this warning:
  [apply] _hij

Note: This linter can be disabled with `set_option linter.unusedVariables false`
⚠ [9040/9197] Replayed Tammes15.Vendor.EM8.ContactSectorCover
warning: Tammes15/Vendor/EM8/ContactSectorCover.lean:31:27: `if_neg` has been deprecated: Use `ite_eq_right` instead
warning: Tammes15/Vendor/EM8/ContactSectorCover.lean:99:6: `dif_pos` has been deprecated: Use `dite_eq_left` instead
⚠ [9046/9197] Replayed Tammes15.Vendor.EM8.ContactFaceLocalModels
warning: Tammes15/Vendor/EM8/ContactFaceLocalModels.lean:125:2: Try this: 
  letI̵

The goal is a proposition, so `let` is preferred over `letI`.
The difference between `let` and `letI` is that `letI` inlines the value.
But this is not relevant for proofs because of proof irrelevance.

Note: This linter can be disabled with `set_option linter.style.haveILetI false`
⚠ [9054/9197] Replayed Tammes15.Vendor.EM8.RhombusRelation
warning: Tammes15/Vendor/EM8/RhombusRelation.lean:11:42: Variable name `hc` is not explicitly referenced.

Hint: The binding can be removed (if unused) or named `_` (if used implicitly). Alternatively, prefix the name with `_` to silence this warning:
  [apply] _hc

Note: This linter can be disabled with `set_option linter.unusedVariables false`
⚠ [9060/9197] Replayed Tammes15.Vendor.EM8.ContactRotationInvariants
warning: Tammes15/Vendor/EM8/ContactRotationInvariants.lean:24:29: `if_neg` has been deprecated: Use `ite_eq_right` instead
warning: Tammes15/Vendor/EM8/ContactRotationInvariants.lean:52:31: `dif_pos` has been deprecated: Use `dite_eq_left` instead
⚠ [9077/9197] Replayed Tammes15.Vendor.EM8.ChartInverse
warning: Tammes15/Vendor/EM8/ChartInverse.lean:17:4: This simp argument is unused:
  real_inner_self_eq_norm_sq

Hint: Omit it from the simp argument list.
  [apply] simp [inverseSphereChart, inner_sub_left, inner_smul_left, hp]

Note: This linter can be disabled with `set_option linter.unusedSimpArgs false`
warning: Tammes15/Vendor/EM8/ChartInverse.lean:41:28: This simp argument is unused:
  real_inner_self_eq_norm_sq

Hint: Omit it from the simp argument list.
  [apply] simp [inverseSphereChart, hp]

Note: This linter can be disabled with `set_option linter.unusedSimpArgs false`
warning: Tammes15/Vendor/EM8/ChartInverse.lean:61:27: This simp argument is unused:
  WithLp.equiv_symm_apply

Hint: Omit it from the simp argument list.
  [apply] simp only [tangentCoordinateInverse, tangentVector, Matrix.cons_val_zero, Matrix.cons_val_one, Prod.fst]

Note: This linter can be disabled with `set_option linter.unusedSimpArgs false`
warning: Tammes15/Vendor/EM8/ChartInverse.lean:61:52: This simp argument is unused:
  Prod.fst

Hint: Omit it from the simp argument list.
  [apply] simp only [tangentCoordinateInverse, tangentVector, Matrix.cons_val_zero, Matrix.cons_val_one,
    WithLp.equiv_symm_apply]

Note: This linter can be disabled with `set_option linter.unusedSimpArgs false`
warning: Tammes15/Vendor/EM8/ChartInverse.lean:66:27: This simp argument is unused:
  WithLp.equiv_symm_apply

Hint: Omit it from the simp argument list.
  [apply] simp only [tangentCoordinateInverse, tangentVector, Matrix.cons_val_zero, Matrix.cons_val_one, Prod.snd]

Note: This linter can be disabled with `set_option linter.unusedSimpArgs false`
warning: Tammes15/Vendor/EM8/ChartInverse.lean:66:52: This simp argument is unused:
  Prod.snd

Hint: Omit it from the simp argument list.
  [apply] simp only [tangentCoordinateInverse, tangentVector, Matrix.cons_val_zero, Matrix.cons_val_one,
    WithLp.equiv_symm_apply]

Note: This linter can be disabled with `set_option linter.unusedSimpArgs false`
⚠ [9084/9197] Replayed Tammes15.Vendor.EM8.BoundaryFaceSupport
warning: Tammes15/Vendor/EM8/BoundaryFaceSupport.lean:34:14: This simp argument is unused:
  Fin.val_add

Hint: Omit it from the simp argument list.
  [apply] simp [Nat.mod_eq_of_lt hsize, Nat.mod_eq_of_lt (show j.val + 1 < C.size + 1 by omega)]

Note: This linter can be disabled with `set_option linter.unusedSimpArgs false`
warning: Tammes15/Vendor/EM8/BoundaryFaceSupport.lean:34:27: This simp argument is unused:
  Nat.mod_eq_of_lt hsize

Hint: Omit it from the simp argument list.
  [apply] simp [Fin.val_add, Nat.mod_eq_of_lt (show j.val + 1 < C.size + 1 by omega)]

Note: This linter can be disabled with `set_option linter.unusedSimpArgs false`
warning: Tammes15/Vendor/EM8/BoundaryFaceSupport.lean:35:10: This simp argument is unused:
  Nat.mod_eq_of_lt (show j.val + 1 < C.size + 1 by omega)

Hint: Omit it from the simp argument list.
  [apply] simp [Fin.val_add, Nat.mod_eq_of_lt hsize]

Note: This linter can be disabled with `set_option linter.unusedSimpArgs false`
⚠ [9085/9197] Replayed Tammes15.Vendor.EM8.RhombusOrientation
warning: Tammes15/Vendor/EM8/RhombusOrientation.lean:24:32: This simp argument is unused:
  ha

Hint: Omit it from the simp argument list.
  [apply] simp only [cross_cross_cyclic, inner_smul_left, inner_smul_right, starRingEnd_apply, star_trivial,
    cross_inner_cross, real_inner_self_eq_norm_sq, hb, hd, one_pow, hab, hbd, hba, hdb, hda] at h

Note: This linter can be disabled with `set_option linter.unusedSimpArgs false`
warning: Tammes15/Vendor/EM8/RhombusOrientation.lean:24:40: This simp argument is unused:
  hd

Hint: Omit it from the simp argument list.
  [apply] simp only [cross_cross_cyclic, inner_smul_left, inner_smul_right, starRingEnd_apply, star_trivial,
    cross_inner_cross, real_inner_self_eq_norm_sq, ha, hb, one_pow, hab, hbd, hba, hdb, hda] at h

Note: This linter can be disabled with `set_option linter.unusedSimpArgs false`
⚠ [9086/9197] Replayed Tammes15.Vendor.EM8.EmptyContactSector
warning: Tammes15/Vendor/EM8/EmptyContactSector.lean:56:6: `dif_pos` has been deprecated: Use `dite_eq_left` instead
warning: Tammes15/Vendor/EM8/EmptyContactSector.lean:56:6: `dif_pos` has been deprecated: Use `dite_eq_left` instead
⚠ [9088/9197] Replayed Tammes15.Rattlers.Basic
info: Tammes15/Rattlers/Basic.lean:59:50: Try this:
  [apply] ring_nf
  
  The `ring` tactic failed to close the goal. Use `ring_nf` to obtain a normal form.
    
  Note that `ring` works primarily in *commutative* rings. If you have a noncommutative ring, abelian group or module, consider using `noncomm_ring`, `abel` or `module` instead.
info: Tammes15/Rattlers/Basic.lean:62:38: Try this:
  [apply] ring_nf
  
  The `ring` tactic failed to close the goal. Use `ring_nf` to obtain a normal form.
    
  Note that `ring` works primarily in *commutative* rings. If you have a noncommutative ring, abelian group or module, consider using `noncomm_ring`, `abel` or `module` instead.
warning: Tammes15/Rattlers/Basic.lean:237:2: Try this: 
  haveI̵

The goal is a proposition, so `have` is preferred over `haveI`.
The difference between `have` and `haveI` is that `haveI` inlines the value.
But this is not relevant for proofs because of proof irrelevance.

Note: This linter can be disabled with `set_option linter.style.haveILetI false`
warning: Tammes15/Rattlers/Basic.lean:245:4: try 'simp' instead of 'simpa'

Note: This linter can be disabled with `set_option linter.unnecessarySimpa false`
⚠ [9089/9197] Replayed Tammes15.Rattlers.Hex
warning: Tammes15/Rattlers/Hex.lean:59:4: try 'simp' instead of 'simpa'

Note: This linter can be disabled with `set_option linter.unnecessarySimpa false`
⚠ [9092/9197] Replayed Tammes15.FaceChain.Interfaces
warning: Tammes15/FaceChain/Interfaces.lean:166:53: try 'simp' instead of 'simpa'

Note: This linter can be disabled with `set_option linter.unnecessarySimpa false`
warning: Tammes15/FaceChain/Interfaces.lean:281:4: Try this: intro x h_eq
warning: Tammes15/FaceChain/Interfaces.lean:376:2: Try this: intro i hcontact
⚠ [9093/9197] Replayed Tammes15.FaceChain.ThreeConn
warning: Tammes15/FaceChain/ThreeConn.lean:721:61: Try `simp at this` instead of `simpa using this`

Note: This linter can be disabled with `set_option linter.unnecessarySimpa false`
warning: Tammes15/FaceChain/ThreeConn.lean:723:61: Try `simp at this` instead of `simpa using this`

Note: This linter can be disabled with `set_option linter.unnecessarySimpa false`
warning: Tammes15/FaceChain/ThreeConn.lean:690:57: Variable name `huv` is not explicitly referenced.

Hint: The binding can be removed (if unused) or named `_` (if used implicitly). Alternatively, prefix the name with `_` to silence this warning:
  [apply] _huv

Note: This linter can be disabled with `set_option linter.unusedVariables false`
warning: Tammes15/FaceChain/ThreeConn.lean:840:34: try 'simp' instead of 'simpa'

Note: This linter can be disabled with `set_option linter.unnecessarySimpa false`
warning: Tammes15/FaceChain/ThreeConn.lean:841:34: try 'simp' instead of 'simpa'

Note: This linter can be disabled with `set_option linter.unnecessarySimpa false`
⚠ [9095/9197] Replayed Tammes15.Hyps.Transport
warning: Tammes15/Hyps/Transport.lean:412:0: automatically included section variable(s) unused in theorem `Tammes15.iso_degree`:
  [DecidableEq V]
  [DecidableEq V']
consider restructuring your `variable` declarations so that the variables are not in scope or explicitly omit them:
  omit [DecidableEq V] [DecidableEq V'] in theorem ...

Note: This linter can be disabled with `set_option linter.unusedSectionVars false`
warning: Tammes15/Hyps/Transport.lean:415:0: automatically included section variable(s) unused in theorem `Tammes15.iso_kConnected`:
  [DecidableEq V]
  [DecidableEq V']
consider restructuring your `variable` declarations so that the variables are not in scope or explicitly omit them:
  omit [DecidableEq V] [DecidableEq V'] in theorem ...

Note: This linter can be disabled with `set_option linter.unusedSectionVars false`
warning: Tammes15/Hyps/Transport.lean:698:43: try 'simp' instead of 'simpa'

Note: This linter can be disabled with `set_option linter.unnecessarySimpa false`
warning: Tammes15/Hyps/Transport.lean:795:8: try 'simp' instead of 'simpa'

Note: This linter can be disabled with `set_option linter.unnecessarySimpa false`
ℹ [9097/9197] Replayed Tammes15.TwoConn.Hull
info: Tammes15/TwoConn/Hull.lean:705:60: Try this:
  [apply] ring_nf
  
  The `ring` tactic failed to close the goal. Use `ring_nf` to obtain a normal form.
    
  Note that `ring` works primarily in *commutative* rings. If you have a noncommutative ring, abelian group or module, consider using `noncomm_ring`, `abel` or `module` instead.
info: Tammes15/TwoConn/Hull.lean:708:73: Try this:
  [apply] ring_nf
  
  The `ring` tactic failed to close the goal. Use `ring_nf` to obtain a normal form.
    
  Note that `ring` works primarily in *commutative* rings. If you have a noncommutative ring, abelian group or module, consider using `noncomm_ring`, `abel` or `module` instead.
⚠ [9111/9197] Replayed Tammes15.Local41.Chain
warning: Tammes15/Local41/Chain.lean:96:37: Variable name `hp` is not explicitly referenced.

Hint: The binding can be removed (if unused) or named `_` (if used implicitly). Alternatively, prefix the name with `_` to silence this warning:
  [apply] _hp

Note: This linter can be disabled with `set_option linter.unusedVariables false`
warning: Tammes15/Local41/Chain.lean:96:52: Variable name `hq` is not explicitly referenced.

Hint: The binding can be removed (if unused) or named `_` (if used implicitly). Alternatively, prefix the name with `_` to silence this warning:
  [apply] _hq

Note: This linter can be disabled with `set_option linter.unusedVariables false`
warning: Tammes15/Local41/Chain.lean:96:67: Variable name `hx` is not explicitly referenced.

Hint: The binding can be removed (if unused) or named `_` (if used implicitly). Alternatively, prefix the name with `_` to silence this warning:
  [apply] _hx

Note: This linter can be disabled with `set_option linter.unusedVariables false`
warning: Tammes15/Local41/Chain.lean:96:82: Variable name `hy` is not explicitly referenced.

Hint: The binding can be removed (if unused) or named `_` (if used implicitly). Alternatively, prefix the name with `_` to silence this warning:
  [apply] _hy

Note: This linter can be disabled with `set_option linter.unusedVariables false`
⚠ [9115/9197] Replayed Tammes15.Geom.Wheel
warning: Tammes15/Geom/Wheel.lean:23:35: Variable name `hx` is not explicitly referenced.

Hint: The binding can be removed (if unused) or named `_` (if used implicitly). Alternatively, prefix the name with `_` to silence this warning:
  [apply] _hx

Note: This linter can be disabled with `set_option linter.unusedVariables false`
info: Tammes15/Geom/Wheel.lean:95:44: Try this:
  [apply] ring_nf
  
  The `ring` tactic failed to close the goal. Use `ring_nf` to obtain a normal form.
    
  Note that `ring` works primarily in *commutative* rings. If you have a noncommutative ring, abelian group or module, consider using `noncomm_ring`, `abel` or `module` instead.
info: Tammes15/Geom/Wheel.lean:150:85: Try this:
  [apply] ring_nf
  
  The `ring` tactic failed to close the goal. Use `ring_nf` to obtain a normal form.
    
  Note that `ring` works primarily in *commutative* rings. If you have a noncommutative ring, abelian group or module, consider using `noncomm_ring`, `abel` or `module` instead.
info: Tammes15/Geom/Wheel.lean:161:129: Try this:
  [apply] ring_nf
  
  The `ring` tactic failed to close the goal. Use `ring_nf` to obtain a normal form.
    
  Note that `ring` works primarily in *commutative* rings. If you have a noncommutative ring, abelian group or module, consider using `noncomm_ring`, `abel` or `module` instead.
warning: Tammes15/Geom/Wheel.lean:96:14: This simp argument is unused:
  Finset.sum_range_zero

Hint: Omit it from the simp argument list.
  [apply] simp [h0, Complex.exp_zero]

Note: This linter can be disabled with `set_option linter.unusedSimpArgs false`
warning: Tammes15/Geom/Wheel.lean:123:14: This simp argument is unused:
  h_norm_w

Hint: Omit it from the simp argument list.
  [apply] simp

Note: This linter can be disabled with `set_option linter.unusedSimpArgs false`
warning: Tammes15/Geom/Wheel.lean:434:45: Variable name `hunit` is not explicitly referenced.

Hint: The binding can be removed (if unused) or named `_` (if used implicitly). Alternatively, prefix the name with `_` to silence this warning:
  [apply] _hunit

Note: This linter can be disabled with `set_option linter.unusedVariables false`
warning: Tammes15/Geom/Wheel.lean:434:79: Variable name `hx` is not explicitly referenced.

Hint: The binding can be removed (if unused) or named `_` (if used implicitly). Alternatively, prefix the name with `_` to silence this warning:
  [apply] _hx

Note: This linter can be disabled with `set_option linter.unusedVariables false`
ℹ [9116/9197] Replayed Tammes15.Geom.Nor
info: Tammes15/Geom/Nor.lean:122:49: Try this:
  [apply] ring_nf
  
  The `ring` tactic failed to close the goal. Use `ring_nf` to obtain a normal form.
    
  Note that `ring` works primarily in *commutative* rings. If you have a noncommutative ring, abelian group or module, consider using `noncomm_ring`, `abel` or `module` instead.
⚠ [9126/9197] Replayed Tammes15.Draw.Count
warning: Tammes15/Draw/Count.lean:150:14: `if_pos` has been deprecated: Use `ite_eq_left` instead
warning: Tammes15/Draw/Count.lean:155:14: `if_neg` has been deprecated: Use `ite_eq_right` instead
⚠ [9127/9197] Replayed Tammes15.Draw.Structure
warning: Tammes15/Draw/Structure.lean:86:2: Try this: 
  haveI̵

The goal is a proposition, so `have` is preferred over `haveI`.
The difference between `have` and `haveI` is that `haveI` inlines the value.
But this is not relevant for proofs because of proof irrelevance.

Note: This linter can be disabled with `set_option linter.style.haveILetI false`
⚠ [9130/9197] Replayed Tammes15.Fans.Corners
warning: Tammes15/Fans/Corners.lean:83:40: try 'simp' instead of 'simpa'

Note: This linter can be disabled with `set_option linter.unnecessarySimpa false`
warning: Tammes15/Fans/Corners.lean:90:40: try 'simp' instead of 'simpa'

Note: This linter can be disabled with `set_option linter.unnecessarySimpa false`
warning: Tammes15/Fans/Corners.lean:97:40: try 'simp' instead of 'simpa'

Note: This linter can be disabled with `set_option linter.unnecessarySimpa false`
warning: Tammes15/Fans/Corners.lean:104:40: try 'simp' instead of 'simpa'

Note: This linter can be disabled with `set_option linter.unnecessarySimpa false`
⚠ [9131/9197] Replayed Tammes15.Fans.Hexagon
warning: Tammes15/Fans/Hexagon.lean:40:40: try 'simp' instead of 'simpa'

Note: This linter can be disabled with `set_option linter.unnecessarySimpa false`
warning: Tammes15/Fans/Hexagon.lean:47:40: try 'simp' instead of 'simpa'

Note: This linter can be disabled with `set_option linter.unnecessarySimpa false`
warning: Tammes15/Fans/Hexagon.lean:54:40: try 'simp' instead of 'simpa'

Note: This linter can be disabled with `set_option linter.unnecessarySimpa false`
warning: Tammes15/Fans/Hexagon.lean:61:40: try 'simp' instead of 'simpa'

Note: This linter can be disabled with `set_option linter.unnecessarySimpa false`
⚠ [9132/9197] Replayed Tammes15.Draw.FaceWalk
warning: Tammes15/Draw/FaceWalk.lean:31:39: Variable name `hv` is not explicitly referenced.

Hint: The binding can be removed (if unused) or named `_` (if used implicitly). Alternatively, prefix the name with `_` to silence this warning:
  [apply] _hv

Note: This linter can be disabled with `set_option linter.unusedVariables false`
warning: Tammes15/Draw/FaceWalk.lean:106:6: try 'simp' instead of 'simpa'

Note: This linter can be disabled with `set_option linter.unnecessarySimpa false`
warning: Tammes15/Draw/FaceWalk.lean:113:8: try 'simp' instead of 'simpa'

Note: This linter can be disabled with `set_option linter.unnecessarySimpa false`
ℹ [9134/9197] Replayed Tammes15.Fans.Realise
info: Tammes15/Fans/Realise.lean:333:32: Try this:
  [apply] ring_nf
  
  The `ring` tactic failed to close the goal. Use `ring_nf` to obtain a normal form.
    
  Note that `ring` works primarily in *commutative* rings. If you have a noncommutative ring, abelian group or module, consider using `noncomm_ring`, `abel` or `module` instead.
⚠ [9135/9197] Replayed Tammes15.Glue.Reconstruct
warning: Tammes15/Glue/Reconstruct.lean:36:41: This simp argument is unused:
  e2

Hint: Omit it from the simp argument list.
  [apply] simp [rmat, e1, e3, Matrix.toEuclideanLin, Matrix.toLpLin_apply, Matrix.mulVec, dotProduct,
    Fin.sum_univ_three]

Note: This linter can be disabled with `set_option linter.unusedSimpArgs false`
warning: Tammes15/Glue/Reconstruct.lean:36:45: This simp argument is unused:
  e3

Hint: Omit it from the simp argument list.
  [apply] simp [rmat, e1, e2, Matrix.toEuclideanLin, Matrix.toLpLin_apply, Matrix.mulVec, dotProduct,
    Fin.sum_univ_three]

Note: This linter can be disabled with `set_option linter.unusedSimpArgs false`
warning: Tammes15/Glue/Reconstruct.lean:36:94: This simp argument is unused:
  Matrix.mulVec

Hint: Omit it from the simp argument list.
  [apply] simp [rmat, e1, e2, e3, Matrix.toEuclideanLin, Matrix.toLpLin_apply, dotProduct, Fin.sum_univ_three]

Note: This linter can be disabled with `set_option linter.unusedSimpArgs false`
warning: Tammes15/Glue/Reconstruct.lean:36:109: This simp argument is unused:
  dotProduct

Hint: Omit it from the simp argument list.
  [apply] simp [rmat, e1, e2, e3, Matrix.toEuclideanLin, Matrix.toLpLin_apply, Matrix.mulVec, Fin.sum_univ_three]

Note: This linter can be disabled with `set_option linter.unusedSimpArgs false`
warning: Tammes15/Glue/Reconstruct.lean:36:121: This simp argument is unused:
  Fin.sum_univ_three

Hint: Omit it from the simp argument list.
  [apply] simp [rmat, e1, e2, e3, Matrix.toEuclideanLin, Matrix.toLpLin_apply, Matrix.mulVec, dotProduct]

Note: This linter can be disabled with `set_option linter.unusedSimpArgs false`
warning: Tammes15/Glue/Reconstruct.lean:65:8: This simp argument is unused:
  Matrix.star_eq_conjTranspose

Hint: Omit it from the simp argument list.
  [apply] simp [rmat, cross, cross_apply, Matrix.mul_apply, Fin.sum_univ_three]

Note: This linter can be disabled with `set_option linter.unusedSimpArgs false`
warning: Tammes15/Glue/Reconstruct.lean:118:55: This simp argument is unused:
  Matrix.mulVec

Hint: Omit it from the simp argument list.
  [apply] simp [Matrix.toEuclideanLin, Matrix.toLpLin_apply, dotProduct, Pi.single_apply]

Note: This linter can be disabled with `set_option linter.unusedSimpArgs false`
warning: Tammes15/Glue/Reconstruct.lean:118:70: This simp argument is unused:
  dotProduct

Hint: Omit it from the simp argument list.
  [apply] simp [Matrix.toEuclideanLin, Matrix.toLpLin_apply, Matrix.mulVec, Pi.single_apply]

Note: This linter can be disabled with `set_option linter.unusedSimpArgs false`
warning: Tammes15/Glue/Reconstruct.lean:118:82: This simp argument is unused:
  Pi.single_apply

Hint: Omit it from the simp argument list.
  [apply] simp [Matrix.toEuclideanLin, Matrix.toLpLin_apply, Matrix.mulVec, dotProduct]

Note: This linter can be disabled with `set_option linter.unusedSimpArgs false`
warning: Tammes15/Glue/Reconstruct.lean:186:36: This simp argument is unused:
  Matrix.mul_apply

Hint: Omit it from the simp argument list.
  [apply] simp [rotZ, rotY, e1, e2, e3, Matrix.toEuclideanLin, Matrix.toLpLin_apply, Matrix.mulVec, dotProduct,
    Fin.sum_univ_three, Pi.single_apply]

Note: This linter can be disabled with `set_option linter.unusedSimpArgs false`
warning: Tammes15/Glue/Reconstruct.lean:186:54: This simp argument is unused:
  Pi.single_apply

Hint: Omit it from the simp argument list.
  [apply] simp [rotZ, rotY, e1, e2, e3, Matrix.toEuclideanLin, Matrix.toLpLin_apply, Matrix.mulVec, dotProduct,
    Fin.sum_univ_three, Matrix.mul_apply]

Note: This linter can be disabled with `set_option linter.unusedSimpArgs false`
warning: Tammes15/Glue/Reconstruct.lean:294:4: try 'simp' instead of 'simpa'

Note: This linter can be disabled with `set_option linter.unnecessarySimpa false`
warning: Tammes15/Glue/Reconstruct.lean:298:4: try 'simp' instead of 'simpa'

Note: This linter can be disabled with `set_option linter.unnecessarySimpa false`
⚠ [9141/9197] Replayed Tammes15.FejesToth.Saturate
warning: Tammes15/FejesToth/Saturate.lean:117:10: try 'simp' instead of 'simpa'

Note: This linter can be disabled with `set_option linter.unnecessarySimpa false`
⚠ [9144/9197] Replayed Tammes15.D2Regions.Arc
warning: Tammes15/D2Regions/Arc.lean:162:42: Variable name `hp` is not explicitly referenced.

Hint: The binding can be removed (if unused) or named `_` (if used implicitly). Alternatively, prefix the name with `_` to silence this warning:
  [apply] _hp

Note: This linter can be disabled with `set_option linter.unusedVariables false`
warning: Tammes15/D2Regions/Arc.lean:162:57: Variable name `hq` is not explicitly referenced.

Hint: The binding can be removed (if unused) or named `_` (if used implicitly). Alternatively, prefix the name with `_` to silence this warning:
  [apply] _hq

Note: This linter can be disabled with `set_option linter.unusedVariables false`
⚠ [9145/9197] Replayed Tammes15.D2Regions.Poly
warning: Tammes15/D2Regions/Poly.lean:77:4: Try this: intro y hy y' hy' a b ha hb hab i
⚠ [9146/9197] Replayed Tammes15.D2Regions.Orbit
warning: Tammes15/D2Regions/Orbit.lean:25:51: Variable name `hs` is not explicitly referenced.

Hint: The binding can be removed (if unused) or named `_` (if used implicitly). Alternatively, prefix the name with `_` to silence this warning:
  [apply] _hs

Note: This linter can be disabled with `set_option linter.unusedVariables false`
⚠ [9147/9197] Replayed Tammes15.D2Regions.Faces
warning: Tammes15/D2Regions/Faces.lean:58:0: automatically included section variable(s) unused in theorem `Tammes15.D2Regions.dart_symm_fst`:
  [Fintype V]
  [DecidableEq V]
consider restructuring your `variable` declarations so that the variables are not in scope or explicitly omit them:
  omit [Fintype V] [DecidableEq V] in theorem ...

Note: This linter can be disabled with `set_option linter.unusedSectionVars false`
warning: Tammes15/D2Regions/Faces.lean:60:0: automatically included section variable(s) unused in theorem `Tammes15.D2Regions.dart_symm_snd`:
  [Fintype V]
  [DecidableEq V]
consider restructuring your `variable` declarations so that the variables are not in scope or explicitly omit them:
  omit [Fintype V] [DecidableEq V] in theorem ...

Note: This linter can be disabled with `set_option linter.unusedSectionVars false`
warning: Tammes15/D2Regions/Faces.lean:62:0: automatically included section variable(s) unused in theorem `Tammes15.D2Regions.dartArc_symm`:
  [Fintype V]
  [DecidableEq V]
consider restructuring your `variable` declarations so that the variables are not in scope or explicitly omit them:
  omit [Fintype V] [DecidableEq V] in theorem ...

Note: This linter can be disabled with `set_option linter.unusedSectionVars false`
⚠ [9157/9197] Replayed Tammes15.Kappa.Generic
warning: Tammes15/Kappa/Generic.lean:832:2: `push_neg` has been deprecated. Prefer using `push Not` instead.
If you'd rather continue using `push_neg` in your project, you can implement it as follows:
```
open Lean.Parser.Tactic in
macro "push_neg" cfg:optConfig loc:(location)? : tactic =>
  `(tactic| push $cfg:optConfig Not $[$loc]?)
```
⚠ [9158/9197] Replayed Tammes15.Kappa.Spec
warning: Tammes15/Kappa/Spec.lean:333:6: `if_neg` has been deprecated: Use `ite_eq_right` instead
warning: Tammes15/Kappa/Spec.lean:488:6: exponent 264 exceeds the threshold 256, exponentiation operation was not evaluated, use `set_option exponentiation.threshold <num>` to set a new threshold
warning: Tammes15/Kappa/Spec.lean:556:95: exponent 264 exceeds the threshold 256, exponentiation operation was not evaluated, use `set_option exponentiation.threshold <num>` to set a new threshold
warning: Tammes15/Kappa/Spec.lean:591:2: exponent 264 exceeds the threshold 256, exponentiation operation was not evaluated, use `set_option exponentiation.threshold <num>` to set a new threshold
⚠ [9161/9197] Replayed Tammes15.Kappa.Close
warning: Tammes15/Kappa/Close.lean:30:27: Variable name `hu` is not explicitly referenced.

Hint: The binding can be removed (if unused) or named `_` (if used implicitly). Alternatively, prefix the name with `_` to silence this warning:
  [apply] _hu

Note: This linter can be disabled with `set_option linter.unusedVariables false`
⚠ [9162/9197] Replayed Tammes15.Kappa.Assembly
warning: Tammes15/Kappa/Assembly.lean:62:4: exponent 264 exceeds the threshold 256, exponentiation operation was not evaluated, use `set_option exponentiation.threshold <num>` to set a new threshold
⚠ [9166/9197] Replayed Tammes15.PaperSteps.Relabel
warning: Tammes15/PaperSteps/Relabel.lean:182:12: `if_neg` has been deprecated: Use `ite_eq_right` instead
warning: Tammes15/PaperSteps/Relabel.lean:182:22: `if_neg` has been deprecated: Use `ite_eq_right` instead
info: Tammes15/PaperSteps/Relabel.lean:218:8: Try this:
  [apply] abel_nf
⚠ [9167/9197] Replayed Tammes15.PaperSteps.Reflect
warning: Tammes15/PaperSteps/Reflect.lean:235:23: `dif_pos` has been deprecated: Use `dite_eq_left` instead
warning: Tammes15/PaperSteps/Reflect.lean:309:24: `dif_pos` has been deprecated: Use `dite_eq_left` instead
warning: Tammes15/PaperSteps/Reflect.lean:349:4: Try this: intro j hj h_eq
warning: Tammes15/PaperSteps/Reflect.lean:697:8: try 'simp' instead of 'simpa'

Note: This linter can be disabled with `set_option linter.unnecessarySimpa false`
warning: Tammes15/PaperSteps/Reflect.lean:700:8: try 'simp' instead of 'simpa'

Note: This linter can be disabled with `set_option linter.unnecessarySimpa false`
warning: Tammes15/PaperSteps/Reflect.lean:742:8: try 'simp' instead of 'simpa'

Note: This linter can be disabled with `set_option linter.unnecessarySimpa false`
warning: Tammes15/PaperSteps/Reflect.lean:746:8: try 'simp' instead of 'simpa'

Note: This linter can be disabled with `set_option linter.unnecessarySimpa false`
warning: Tammes15/PaperSteps/Reflect.lean:756:8: try 'simp' instead of 'simpa'

Note: This linter can be disabled with `set_option linter.unnecessarySimpa false`
⚠ [9170/9197] Replayed Tammes15.PaperSteps.FrameD
warning: Tammes15/PaperSteps/FrameD.lean:293:16: This simp argument is unused:
  real_inner_self_eq_norm_sq

Hint: Omit it from the simp argument list.
  [apply] simp [hv, he1, he2, ha, real_inner_smul_left, real_inner_smul_right, hae1, hae2, he12, real_inner_comm za,
    real_inner_comm e1, hs, hse2]

Note: This linter can be disabled with `set_option linter.unusedSimpArgs false`
warning: Tammes15/PaperSteps/FrameD.lean:293:49: This simp argument is unused:
  he2

Hint: Omit it from the simp argument list.
  [apply] simp [hv, real_inner_self_eq_norm_sq, he1, ha, real_inner_smul_left, real_inner_smul_right, hae1, hae2, he12,
    real_inner_comm za, real_inner_comm e1, hs, hse2]

Note: This linter can be disabled with `set_option linter.unusedSimpArgs false`
warning: Tammes15/PaperSteps/FrameD.lean:293:58: This simp argument is unused:
  real_inner_smul_left

Hint: Omit it from the simp argument list.
  [apply] simp [hv, real_inner_self_eq_norm_sq, he1, he2, ha, real_inner_smul_right, hae1, hae2, he12,
    real_inner_comm za, real_inner_comm e1, hs, hse2]

Note: This linter can be disabled with `set_option linter.unusedSimpArgs false`
warning: Tammes15/PaperSteps/FrameD.lean:294:89: This simp argument is unused:
  hs

Hint: Omit it from the simp argument list.
  [apply] simp [hv, real_inner_self_eq_norm_sq, he1, he2, ha, real_inner_smul_left, real_inner_smul_right, hae1, hae2,
    he12, real_inner_comm za, real_inner_comm e1, hse2]

Note: This linter can be disabled with `set_option linter.unusedSimpArgs false`
warning: Tammes15/PaperSteps/FrameD.lean:310:6: This simp argument is unused:
  real_inner_smul_left

Hint: Omit it from the simp argument list.
  [apply] simp [tieNormalize, OrthonormalBasis.repr_apply_apply, hv, real_inner_comm z, hsd, he1d, he2d, hw, hc, hm]

Note: This linter can be disabled with `set_option linter.unusedSimpArgs false`
ℹ [9174/9197] Replayed Tammes15.PaperSteps.LocalEq
info: Tammes15/PaperSteps/LocalEq.lean:46:42: Try this:
  [apply] ring_nf
  
  The `ring` tactic failed to close the goal. Use `ring_nf` to obtain a normal form.
    
  Note that `ring` works primarily in *commutative* rings. If you have a noncommutative ring, abelian group or module, consider using `noncomm_ring`, `abel` or `module` instead.
⚠ [9175/9197] Replayed Tammes15.PaperSteps.Optima
warning: Tammes15/PaperSteps/Optima.lean:30:27: Used `tac1 <;> tac2` where `(tac1; tac2)` would suffice

Note: This linter can be disabled with `set_option linter.unnecessarySeqFocus false`
warning: Tammes15/PaperSteps/Optima.lean:36:61: try 'simp' instead of 'simpa'

Note: This linter can be disabled with `set_option linter.unnecessarySimpa false`
⚠ [9180/9197] Replayed Tammes15.Contractors.Encl
warning: Tammes15/Contractors/Encl.lean:237:8: `if_pos` has been deprecated: Use `ite_eq_left` instead
warning: Tammes15/Contractors/Encl.lean:239:13: `if_pos` has been deprecated: Use `ite_eq_left` instead
warning: Tammes15/Contractors/Encl.lean:247:8: `if_neg` has been deprecated: Use `ite_eq_right` instead
warning: Tammes15/Contractors/Encl.lean:404:16: `if_pos` has been deprecated: Use `ite_eq_left` instead
warning: Tammes15/Contractors/Encl.lean:407:16: `if_neg` has been deprecated: Use `ite_eq_right` instead
warning: Tammes15/Contractors/Encl.lean:411:16: `if_pos` has been deprecated: Use `ite_eq_left` instead
warning: Tammes15/Contractors/Encl.lean:414:16: `if_neg` has been deprecated: Use `ite_eq_right` instead
warning: Tammes15/Contractors/Encl.lean:1120:10: `if_pos` has been deprecated: Use `ite_eq_left` instead
warning: Tammes15/Contractors/Encl.lean:1219:12: `if_neg` has been deprecated: Use `ite_eq_right` instead
warning: Tammes15/Contractors/Encl.lean:1219:31: `if_neg` has been deprecated: Use `ite_eq_right` instead
⚠ [9182/9197] Replayed Tammes15.Contractors.Fan
warning: Tammes15/Contractors/Fan.lean:337:8: try 'simp' instead of 'simpa'

Note: This linter can be disabled with `set_option linter.unnecessarySimpa false`
warning: Tammes15/Contractors/Fan.lean:371:8: `if_pos` has been deprecated: Use `ite_eq_left` instead
warning: Tammes15/Contractors/Fan.lean:392:8: `if_neg` has been deprecated: Use `ite_eq_right` instead
warning: Tammes15/Contractors/Fan.lean:419:8: `if_pos` has been deprecated: Use `ite_eq_left` instead
warning: Tammes15/Contractors/Fan.lean:445:8: `if_neg` has been deprecated: Use `ite_eq_right` instead
warning: Tammes15/Contractors/Fan.lean:477:12: try 'simp' instead of 'simpa'

Note: This linter can be disabled with `set_option linter.unnecessarySimpa false`
warning: Tammes15/Contractors/Fan.lean:504:12: try 'simp' instead of 'simpa'

Note: This linter can be disabled with `set_option linter.unnecessarySimpa false`
warning: Tammes15/Contractors/Fan.lean:509:12: try 'simp' instead of 'simpa'

Note: This linter can be disabled with `set_option linter.unnecessarySimpa false`
warning: Tammes15/Contractors/Fan.lean:539:14: try 'simp' instead of 'simpa'

Note: This linter can be disabled with `set_option linter.unnecessarySimpa false`
warning: Tammes15/Contractors/Fan.lean:553:26: Variable name `hc` is not explicitly referenced.

Hint: The binding can be removed (if unused) or named `_` (if used implicitly). Alternatively, prefix the name with `_` to silence this warning:
  [apply] _hc

Note: This linter can be disabled with `set_option linter.unusedVariables false`
info: Tammes15/Contractors/Fan.lean:832:45: Try this:
  [apply] ring_nf
  
  The `ring` tactic failed to close the goal. Use `ring_nf` to obtain a normal form.
    
  Note that `ring` works primarily in *commutative* rings. If you have a noncommutative ring, abelian group or module, consider using `noncomm_ring`, `abel` or `module` instead.
info: Tammes15/Contractors/Fan.lean:858:42: Try this:
  [apply] ring_nf
  
  The `ring` tactic failed to close the goal. Use `ring_nf` to obtain a normal form.
    
  Note that `ring` works primarily in *commutative* rings. If you have a noncommutative ring, abelian group or module, consider using `noncomm_ring`, `abel` or `module` instead.
warning: Tammes15/Contractors/Fan.lean:1194:10: `if_pos` has been deprecated: Use `ite_eq_left` instead
warning: Tammes15/Contractors/Fan.lean:1196:10: `if_neg` has been deprecated: Use `ite_eq_right` instead
warning: Tammes15/Contractors/Fan.lean:1202:10: `if_pos` has been deprecated: Use `ite_eq_left` instead
warning: Tammes15/Contractors/Fan.lean:1208:10: `if_neg` has been deprecated: Use `ite_eq_right` instead
warning: Tammes15/Contractors/Fan.lean:1220:8: try 'simp' instead of 'simpa'

Note: This linter can be disabled with `set_option linter.unnecessarySimpa false`
⚠ [9195/9197] Replayed Tammes15.Contractors.Statement
warning: Tammes15/Contractors/Statement.lean:420:5: Variable name `hA` is not explicitly referenced.

Hint: The binding can be removed (if unused) or named `_` (if used implicitly). Alternatively, prefix the name with `_` to silence this warning:
  [apply] _hA

Note: This linter can be disabled with `set_option linter.unusedVariables false`
warning: Tammes15/Contractors/Statement.lean:427:5: Variable name `hA` is not explicitly referenced.

Hint: The binding can be removed (if unused) or named `_` (if used implicitly). Alternatively, prefix the name with `_` to silence this warning:
  [apply] _hA

Note: This linter can be disabled with `set_option linter.unusedVariables false`
warning: Tammes15/Contractors/Statement.lean:1528:61: Variable name `hA` is not explicitly referenced.

Hint: The binding can be removed (if unused) or named `_` (if used implicitly). Alternatively, prefix the name with `_` to silence this warning:
  [apply] _hA

Note: This linter can be disabled with `set_option linter.unusedVariables false`
warning: Tammes15/Contractors/Statement.lean:1529:26: Variable name `hB` is not explicitly referenced.

Hint: The binding can be removed (if unused) or named `_` (if used implicitly). Alternatively, prefix the name with `_` to silence this warning:
  [apply] _hB

Note: This linter can be disabled with `set_option linter.unusedVariables false`
Build completed successfully (9197 jobs).
Exporting #[Quot, Quot.mk, Quot.lift, Quot.ind, Tammes15.reduction, Tammes15.fejesToth_bound, Tammes15.conjecture_of_enum_killed, Tammes15.nonunique_of_enum_killed, Tammes15.PaperSteps.killed_of_progKilled, Tammes15.conjecture_of_enum_progKilled, Tammes15.PaperSteps.progKilled_of_progTrees, Tammes15.conjecture_of_enum_progTrees, Tammes15.PaperSteps.local_optimality_frame, Tammes15.PaperSteps.optima_four, Tammes15.PaperSteps.frames_not_isometric, Tammes15.PaperSteps.frames_not_distance_preserving, Tammes15.conjecture_of_enum_progTreesDom, Tammes15.Contractors.killed_of_progTreesDom, Tammes15.nonunique_of_enum_progTreesDom, propext, Quot.sound, Classical.choice, Nat.add, Nat.sub, Nat.mul, Nat.pow, Nat.gcd, Nat.div, Nat.mod, Nat.beq, Nat.ble, Nat.land, Nat.lor, Nat.xor, Nat.shiftLeft, Nat.shiftRight, String.ofList, Char.ofNat, List, eagerReduce, Nat, String, String.mk, Char, optParam, autoParam, semiOutParam, outParam] from Tammes15.Solution
Running nanoda kernel on solution
nanoda kernel accepts the solution
Your solution is okay!
memory.peak 6770962432
COMPARATOR PASS (nanoda on): 281 s wall, memory peak 6457 MiB, exit 0, retry no
RESULT pass: as expected (Your solution is okay!)
exit 0
