d = 51.00 deg: hexPoly - 6d =  0.338270, E =  0.111250, alpha =  67.279 deg
d = 51.50 deg: hexPoly - 6d =  0.322061, E =  0.108557, alpha =  67.439 deg
d = 52.00 deg: hexPoly - 6d =  0.305115, E =  0.105736, alpha =  67.601 deg
d = 52.50 deg: hexPoly - 6d =  0.287413, E =  0.102784, alpha =  67.765 deg
d = 53.00 deg: hexPoly - 6d =  0.268934, E =  0.099699, alpha =  67.932 deg
d = 53.50 deg: hexPoly - 6d =  0.249658, E =  0.096478, alpha =  68.101 deg
d = 54.00 deg: hexPoly - 6d =  0.229560, E =  0.093118, alpha =  68.273 deg
d = 54.50 deg: hexPoly - 6d =  0.208617, E =  0.089618, alpha =  68.446 deg
d = 55.00 deg: hexPoly - 6d =  0.186802, E =  0.085975, alpha =  68.623 deg
d = 55.50 deg: hexPoly - 6d =  0.164087, E =  0.082185, alpha =  68.802 deg
d = 56.00 deg: hexPoly - 6d =  0.140443, E =  0.078246, alpha =  68.983 deg
d = 56.50 deg: hexPoly - 6d =  0.115837, E =  0.074155, alpha =  69.167 deg
d = 57.00 deg: hexPoly - 6d =  0.090233, E =  0.069910, alpha =  69.354 deg
d = 57.50 deg: hexPoly - 6d =  0.063593, E =  0.065507, alpha =  69.543 deg
d = 58.00 deg: hexPoly - 6d =  0.035871, E =  0.060943, alpha =  69.735 deg
d = 58.50 deg: hexPoly - 6d =  0.007021, E =  0.056216, alpha =  69.929 deg
d = 59.00 deg: hexPoly - 6d = -0.023014, E =  0.051321, alpha =  70.126 deg
d = 59.50 deg: hexPoly - 6d = -0.054298, E =  0.046255, alpha =  70.326 deg
d = 60.00 deg: hexPoly - 6d = -0.086907, E =  0.041015, alpha =  70.529 deg
d = 60.50 deg: hexPoly - 6d = -0.120930, E =  0.035597, alpha =  70.734 deg
d = 61.00 deg: hexPoly - 6d = -0.156481, E =  0.029998, alpha =  70.943 deg
d = 61.50 deg: hexPoly - 6d = -0.193705, E =  0.024213, alpha =  71.154 deg
d = 62.00 deg: hexPoly - 6d = -0.232801, E =  0.018238, alpha =  71.368 deg
d = 62.50 deg: hexPoly - 6d = -0.274071, E =  0.012070, alpha =  71.586 deg
d = 63.00 deg: hexPoly - 6d = -0.318048, E =  0.005703, alpha =  71.806 deg
d = 63.50 deg: hexPoly - 6d = -0.366519+ 0.000225I, E = -0.000866+ 0.000000I, alpha =  72.029 deg
d = 64.00 deg: hexPoly - 6d = -0.418879+ 0.005741I, E = -0.007644+ 0.000000I, alpha =  72.256 deg
2pi/7 = 51.4286 deg; alpha = 72 deg at d = 63.4349 deg
k = 1 chords per arc: min (perim - 6d) over [dlo, dhi] = -0.021462
k = 2 chords per arc: min (perim - 6d) over [dlo, dhi] = 0.084324
k = 3 chords per arc: min (perim - 6d) over [dlo, dhi] = 0.101370
k = 4 chords per arc: min (perim - 6d) over [dlo, dhi] = 0.107164
k = 5 chords per arc: min (perim - 6d) over [dlo, dhi] = 0.109817
