== P1 dlo_file_le: dloF <= qlo * plo
P1: OK
  slack 5.6061666666666666666666666666666666666666666666666666666666666666666666666666667 E-22
== P2 dhi_le_file: qhi * phi <= dhiF
P2: OK
  slack 1.7974888888888888888888888888888888888888888888888888888888888888888888888888889 E-21
== P3 alo_file_le: cos dlo <= cU (cos_mul_pi_le 13, p = plo), cU / (1 + cU) <= cosLo 13 aloF
  cU = 7407573809396648601759619947/12500000000000000000000000000
P3a: OK
P3b: OK
  slack 7.2649632700788916137558641385533582636156035768999313327055042898368086926647859 E-21
== P4 alpha_dhi_le_file: cL <= cos dhi (le_cos_mul_pi 13, p = phi), cosUp 13 ahiF <= cL / (1 + cL)
  cL = 274718519051154318642656362663/500000000000000000000000000000
P4a: OK
P4b: OK
  slack 8.5033578875598906575615141613502913028145582585363389789054788865094430918702196 E-21
== P5 smax_dhi_le_file: cL5 <= cos dhi (le_cos_mul_pi 13, p = p21), s = shiF / 4, cos s <= Cu, Sl <= sin s, Cu^2 <= cL5 Sl^2
  cL5 = 549437038102308637287154157469/1000000000000000000000000000000  Cu = 119097321744770593743834413187/200000000000000000000000000000  Sl = 803365233770148182287774520697/1000000000000000000000000000000
P5a: OK
P5b: OK
P5c: OK
P5d: OK
  slack 9.4450218953129802385247283961579182815992091547143376039130217857742100000000000 E-22
== P7 arccos_root_lt: b = 268289251/900000000 pi, cos b <= cU7 (cos_mul_pi_le 10, p = plo), quintic cU7 < 0
  cU7 = 592605901940033/1000000000000000
P7a: OK
P7b: OK
  quintic(cU7) = -1.2682997288533158819328464275540722645388468117306404826635353139891000000000000 E-8
P7c: OK
== P8 fejesToth_value_lt_dhi: sin (5/26 pi) <= SU (sin_mul_pi_le 10, p = 3.1415926536), cos dhi <= cU8 (cos_mul_pi_le 10, p = 3.1415926535), cU8 < 1 / (2 SU^2) - 1
  SU = 568064746733/1000000000000  cU8 = 274718519063/500000000000
P8a: OK
P8b: OK
P8c: OK
  slack 1.4065053795083667819178651963387349224757529629739487076079326701577772673636132 E-6
== check against floating point: pi = 3.1415926535897932384626433832795028841971693993751058209749445923078164062862090; dlo = 0.93650615204123937289134860701946707686010603364588623264444683717979981420024700; alpha(dlo) = 1.1895277298381925822580965989958290172554649819953539866574795168140827137129821
   smax(dhi) = 3.7317004040999024334572881957588305427009988223239633117875394255407918309839571 shi = 3.7317004040999024334600000000000000000000000000000000000000000000000000000000000
