k = 4: perHex - 6d at dlo, dhi: 13.9459486720290510783239659955314385151176423161676081924979, 6.14005529287428338432785021367383623047513286222214268129507
k = 4: worst-end bound on [dlo, dhi]: -27.0098500209544909624473751466807628112102257935450704978534 deg
k = 8: worst-end bound on [dlo, dhi]: -26.6686134440343558412439409702030281384434312490426122560505 deg
k = 4, 1 pieces: min worst-end bound -27.0098500209544909624473751466807628112102257935450704978534 deg
k = 4, 2 pieces: min worst-end bound -11.3083431770433559833227806723488769505824052142973086224793 deg
k = 4, 3 pieces: min worst-end bound -5.71211868683678822220425142284811959634171255452776460632102 deg
k = 4, 4 pieces: min worst-end bound -2.83581749217227820539578684658877438101873475236386451766823 deg
k = 8, 1 pieces: min worst-end bound -26.6686134440343558412439409702030281384434312490426122560505 deg
k = 8, 2 pieces: min worst-end bound -10.9794714107754984332567340527848447201710492278138562185676 deg
k = 8, 3 pieces: min worst-end bound -5.38760817958567426421433564111183384501732599303697257463695 deg
k = 8, 4 pieces: min worst-end bound -2.51353107095787260591113268904708367377748111757910040054708 deg
k = 4: first positive at 6 equal pieces, min worst-end bound 0.0962538457811662055895097881976646891259060573527544838084143 deg
k = 4, 10 pieces: min worst-end bound 2.48408690789542607856333816298613039367655072456017648622851 deg
k = 4, 20 pieces: min worst-end bound 4.30064913516087485673147300010559667093770708082723224033184 deg
k = 4, 40 pieces: min worst-end bound 5.21744850778695705810262249280151462759501094827487594341460 deg
dpt(0) = dlo: 1, dpt(10) = dhi: 1
piece 0: 2 L(a) + 8 chord - 6 b = 10.1274676562144448238089528244056221492383354695333605356054 deg; 2 L(a) = 171.255531530879389129686757271434867170409542300214418480651, 8 chord = 162.627286125335055694122195552970754978828793169318942054954, 6 b = 323.755350000000000000000000000000000000000000000000000000000
piece 1: 2 L(a) + 8 chord - 6 b = 9.36689939531494356471728873144815383964365086220095444858883 deg; 2 L(a) = 173.623511983012841769188443281523219281925998296777622876514, 8 chord = 161.306987412302101795528845449924934557717652565423331572075, 6 b = 325.563600000000000000000000000000000000000000000000000000000
piece 2: 2 L(a) + 8 chord - 6 b = 8.58566917573370997865205106274649938900286773280859643008561 deg; 2 L(a) = 176.049868015176516533593240370596236956654601908366937003725, 8 chord = 159.907651160557193445058810692150262432348265824441659426361, 6 b = 327.371850000000000000000000000000000000000000000000000000000
piece 3: 2 L(a) + 8 chord - 6 b = 7.78320454886616423791815185262583358504705308507908169006200 deg; 2 L(a) = 178.537594324258955688377211628443674243939855126544559067819, 8 chord = 158.425710224607208549540940224182159341107197958534522622243, 6 b = 329.180100000000000000000000000000000000000000000000000000000
piece 4: 2 L(a) + 8 chord - 6 b = 6.95888959414352654828052311245950183437878003617765582743563 deg; 2 L(a) = 181.089933098815034335694292898935344488502997940182179262430, 8 chord = 156.857306495328492212586230213524157345875782095995476565006, 6 b = 330.988350000000000000000000000000000000000000000000000000000
piece 5: 2 L(a) + 8 chord - 6 b = 6.11205885827517430989464626306106909494975840399932920367621 deg; 2 L(a) = 183.710403867681913846532952822903162091392334910897950448664, 8 chord = 155.198254990593260463361693440157907003557423493101378755012, 6 b = 332.796600000000000000000000000000000000000000000000000000000
piece 6: 2 L(a) + 8 chord - 6 b = 5.24199012797931810708418971008101183148946029153281111008821 deg; 2 L(a) = 186.402838200507930626833276689008075305509006154294551528806, 8 chord = 153.444001927471387480250913021072936525980454137238259581283, 6 b = 334.604850000000000000000000000000000000000000000000000000000
piece 7: 2 L(a) + 8 chord - 6 b = 4.34789575032147396804898382281732823390521486601602989353660 deg; 2 L(a) = 189.171420268478409870638236834171820463199879895170994804233, 8 chord = 151.589575481843064097410746988645507770705334970845035089304, 6 b = 336.413100000000000000000000000000000000000000000000000000000
piece 8: 2 L(a) + 8 chord - 6 b = 3.42891212895212214619789782401128541570237562120322795346821 deg; 2 L(a) = 192.020734532104515135908413913769377200689977569059417092571, 8 chord = 149.629527596847607010289483910241908215012398052143810860897, 6 b = 338.221350000000000000000000000000000000000000000000000000000
piece 9: 2 L(a) + 8 chord - 6 b = 2.48408690789542607856333816298613039367655072456017648622851 deg; 2 L(a) = 194.955822161409907819818588520810369702191475147404388924356, 8 chord = 147.557864746485518258744749642175760691485075577155787561872, 6 b = 340.029600000000000000000000000000000000000000000000000000000
piece 0: a = 53.657850 deg, b = 53.959225 deg, rho_a = 0.6640898027, Y1 = 0.0762358434, X_b = 0.5791416247, Y2 = 0.9377167873, acos Y1 = 85.62776577 deg, acos Y2 = 20.32841077 deg, margin 10.1275 deg; targets t1 = 2109/25 deg, t2 = 2001/100 deg: 2 t1 + 8 t2 - 6 b = 5.044650 deg, cos t1 - Y1 = 0.02204183, cos t2 - Y2 = 0.00191613
piece 1: a = 53.959225 deg, b = 54.260600 deg, rho_a = 0.6602131581, Y1 = 0.0556166430, X_b = 0.5890415545, Y2 = 0.9387135643, acos Y1 = 86.81175599 deg, acos Y2 = 20.16337343 deg, margin 9.3669 deg; targets t1 = 2141/25 deg, t2 = 1987/100 deg: 2 t1 + 8 t2 - 6 b = 4.676400 deg, cos t1 - Y1 = 0.02040629, cos t2 - Y2 = 0.00175266
piece 2: a = 54.260600 deg, b = 54.561975 deg, rho_a = 0.6563124009, Y1 = 0.0344645780, X_b = 0.5991155662, Y2 = 0.9397615099, acos Y1 = 88.02493401 deg, acos Y2 = 19.98845640 deg, margin 8.5857 deg; targets t1 = 1739/20 deg, t2 = 493/25 deg: 2 t1 + 8 t2 - 6 b = 4.288150 deg, cos t1 - Y1 = 0.01874283, cos t2 - Y2 = 0.00159131
piece 3: a = 54.561975 deg, b = 54.863350 deg, rho_a = 0.6523874789, Y1 = 0.0127615506, X_b = 0.6093679024, Y2 = 0.9408617673, acos Y1 = 89.26879716 deg, acos Y2 = 19.80321378 deg, margin 7.7832 deg; targets t1 = 8829/100 deg, t2 = 391/20 deg: 2 t1 + 8 t2 - 6 b = 3.799900 deg, cos t1 - Y1 = 0.01707915, cos t2 - Y2 = 0.00148806
piece 4: a = 54.863350 deg, b = 55.164725 deg, rho_a = 0.6484383395, Y1 = -0.0095113172, X_b = 0.6198029511, Y2 = 0.9420155061, acos Y1 = 90.54496655 deg, acos Y2 = 19.60716331 deg, margin 6.9589 deg; targets t1 = 8967/100 deg, t2 = 969/50 deg: 2 t1 + 8 t2 - 6 b = 3.391650 deg, cos t1 - Y1 = 0.01527087, cos t2 - Y2 = 0.00132304
piece 5: a = 55.164725 deg, b = 55.466100 deg, rho_a = 0.6444649296, Y1 = -0.0323737244, X_b = 0.6304252519, Y2 = 0.9432239225, acos Y1 = 91.85520193 deg, acos Y2 = 19.39978187 deg, margin 6.1121 deg; targets t1 = 9109/100 deg, t2 = 96/5 deg: 2 t1 + 8 t2 - 6 b = 2.983400 deg, cos t1 - Y1 = 0.01335078, cos t2 - Y2 = 0.00115245
piece 6: a = 55.466100 deg, b = 55.767475 deg, rho_a = 0.6404671950, Y1 = -0.0558462343, X_b = 0.6412395028, Y2 = 0.9444882404, acos Y1 = 93.20141910 deg, acos Y2 = 19.18050024 deg, margin 5.2420 deg; targets t1 = 4627/50 deg, t2 = 1901/100 deg: 2 t1 + 8 t2 - 6 b = 2.555150 deg, cos t1 - Y1 = 0.01152939, cos t2 - Y2 = 0.00097350
piece 7: a = 55.767475 deg, b = 56.068850 deg, rho_a = 0.6364450813, Y1 = -0.0799503200, X_b = 0.6522505668, Y2 = 0.9458097127, acos Y1 = 94.58571013 deg, acos Y2 = 18.94869694 deg, margin 4.3479 deg; targets t1 = 2351/25 deg, t2 = 1881/100 deg: 2 t1 + 8 t2 - 6 b = 2.146900 deg, cos t1 - Y1 = 0.00949743, cos t2 - Y2 = 0.00078329
piece 8: a = 56.068850 deg, b = 56.370225 deg, rho_a = 0.6323985329, Y1 = -0.1047084133, X_b = 0.6634634797, Y2 = 0.9471896221, acos Y1 = 96.01036727 deg, acos Y2 = 18.70369095 deg, margin 3.4289 deg; targets t1 = 4779/50 deg, t2 = 1859/100 deg: 2 t1 + 8 t2 - 6 b = 1.658650 deg, cos t1 - Y1 = 0.00747292, cos t2 - Y2 = 0.00063444
piece 9: a = 56.370225 deg, b = 56.671600 deg, rho_a = 0.6283274937, Y1 = -0.1301439564, X_b = 0.6748834576, Y2 = 0.9486292827, acos Y1 = 97.47791108 deg, acos Y2 = 18.44473309 deg, margin 2.4841 deg; targets t1 = 2429/25 deg, t2 = 459/25 deg: 2 t1 + 8 t2 - 6 b = 1.170400 deg, cos t1 - Y1 = 0.00550338, cos t2 - Y2 = 0.00046686
