  ***   Warning: new maximum stack size = 200003584 (190.738 Mbytes).
pu irreducible over Q: 1
roots: [0.592605902925073778096424922332757718675221060657437662498983 + 0.E-77*I, -0.394520549830088324114947546060595662056691191488334852341511 - 0.0397241987047405940647877941979055396483589176047829906735973*I, -0.394520549830088324114947546060595662056691191488334852341511 + 0.0397241987047405940647877941979055396483589176047829906735973*I, 0.136679136829089896605196623355755264257542199621154482630481 - 0.898287480970024587312883179002190634986362488863789894235190*I, 0.136679136829089896605196623355755264257542199621154482630481 + 0.898287480970024587312883179002190634986362488863789894235190*I]~
u = 0.592605902925073778096424922332757718675221060657437662498983   d15 = acos(u) deg = 53.6578501299326738055260414837029930316957701894225564746560
b^2 roots: [0.0294089263585154109599167780840318121787586848218021534240758 + 0.E-77*I, 0.662607643351691887433738399213175719965170605512591448797566 + 0.E-77*I]~
a,b,c = [0.895023968738567581775205302730006936398205373248215643955493, 0.171490309809374975541122055625428625236151973776905773730702, 0.411731914022884785585093080162974505289734022864742718243143]
check a^2+b^2+c^2-1 = -3.454467422037777850 E-77  ab+bc+ca-u = 0.E-77
max |norm-1| over 18 points: 9.499785410603889088 E-77
18-point frame:
  max inner product - u = 0.384280819293628189000197788139414163059820080502101932888390; min angle deg = 12.3426514355151273160636009065943135090284417683290663629258
  contacts (|<x,y>-max|<1e-40): 3; degree histogram 0..5: [12, 6, 0, 0, 0, 0]
  names/degrees: [["V1", 0], ["V2", 0], ["V3", 0], ["V12", 0], ["V23", 0], ["V31", 0], ["P", 1], ["I", 1], ["A", 1], ["Q", 1], ["J", 1], ["B", 1], ["W12", 0], ["W23", 0], ["W31", 0], ["W1", 0], ["W2", 0], ["W3", 0]]
  second largest inner product gap: 0.384280819293628189000197788139414163059820080502101932888390
C3 candidate: drop Q,J,B
  max inner product - u = 8.636168555094444625 E-78; min angle deg = 53.6578501299326738055260414837029930316957701894225564746560
  contacts (|<x,y>-max|<1e-40): 30; degree histogram 0..5: [0, 0, 0, 3, 9, 3]
  names/degrees: [["V1", 5], ["V2", 5], ["V3", 5], ["V12", 4], ["V23", 4], ["V31", 4], ["P", 3], ["I", 3], ["A", 3], ["W12", 4], ["W23", 4], ["W31", 4], ["W1", 4], ["W2", 4], ["W3", 4]]
  second largest inner product gap: 0.167910430543256225387046360472499820939773909100673018806583
C1 candidate: drop Q,J,A
  max inner product - u = 0.384280819293628189000197788139414163059820080502101932888390; min angle deg = 12.3426514355151273160636009065943135090284417683290663629258
  contacts (|<x,y>-max|<1e-40): 1; degree histogram 0..5: [13, 2, 0, 0, 0, 0]
  names/degrees: [["V1", 0], ["V2", 0], ["V3", 0], ["V12", 0], ["V23", 0], ["V31", 0], ["P", 1], ["I", 0], ["B", 1], ["W12", 0], ["W23", 0], ["W31", 0], ["W1", 0], ["W2", 0], ["W3", 0]]
  second largest inner product gap: 0.384280819293628189000197788139414163059820080502101932888390
angle P-Q deg: 113.891524760934393052995484749715219502325835839423385759646
P-Q angle deg: 113.891524760934393052995484749715219502325835839423385759646
P-J angle deg: 126.670127437192601368808217737184394779218031451435709902069
P-B angle deg: 12.3426514355151273160636009065943135090284417683290663629258
I-Q angle deg: 12.3426514355151273160636009065943135090284417683290663629258
I-J angle deg: 113.891524760934393052995484749715219502325835839423385759646
I-B angle deg: 126.670127437192601368808217737184394779218031451435709902069
A-Q angle deg: 126.670127437192601368808217737184394779218031451435709902069
A-J angle deg: 12.3426514355151273160636009065943135090284417683290663629258
A-B angle deg: 113.891524760934393052995484749715219502325835839423385759646
C1 candidate: keep P,I and the partner-free one of Q,J,B
 keep P,I,J
  max inner product - u = 8.636168555094444625 E-78; min angle deg = 53.6578501299326738055260414837029930316957701894225564746560
  contacts (|<x,y>-max|<1e-40): 30; degree histogram 0..5: [0, 0, 0, 3, 9, 3]
  names/degrees: [["V1", 5], ["V2", 5], ["V3", 4], ["V12", 4], ["V23", 4], ["V31", 4], ["P", 3], ["I", 3], ["J", 3], ["W12", 4], ["W23", 4], ["W31", 4], ["W1", 4], ["W2", 4], ["W3", 5]]
  second largest inner product gap: 0.167910430543256225387046360472499820939773909100673018806583
C3 faces:
  #faces = 17; face size histogram (3..7): [11, 3, 3, 0, 0]
  non-triangular faces: [[1, 7, 10, 4], [2, 8, 12, 5], [3, 9, 11, 6], [4, 10, 13, 12, 8], [5, 12, 15, 11, 9], [6, 11, 14, 10, 7]]
C1 faces:
  #faces = 17; face size histogram (3..7): [11, 3, 3, 0, 0]
  non-triangular faces: [[1, 7, 10, 4], [2, 8, 12, 5], [3, 5, 9, 11, 6], [4, 10, 13, 12, 8], [5, 12, 15, 9], [6, 11, 14, 10, 7]]
C3:
  degree-5 vertices: ["V1", "V2", "V3"]; edges among them: 3
C1:
  degree-5 vertices: ["V1", "V2", "W3"]; edges among them: 1
C3 3-connectivity:
  vertex pairs whose removal disconnects: 0 (0 means 3-connected)
C1 3-connectivity:
  vertex pairs whose removal disconnects: 0 (0 means 3-connected)
