  ***   Warning: new maximum stack size = 512000000 (488.281 Mbytes).
   realprecision = 134 significant digits (120 digits displayed)
real roots of q in [1/2, 7/10]: 1
u = 0.592605902925073778096424922332757718675221060657437662498983468781798218063976947848784488486800001589401926981965493930
psi* (deg) = 53.6578501299326738055260414837029930316957701894225564746560360940339505000032705949723904437749375934196928425027943749
psi* - 53.65785 deg (deg) = 1.29932673805526041483702993031695770189422556474656036094033950500003270594972390443774937593419692842502794374854092649 E-7
53.6578502 - psi* (deg) = 7.00673261944739585162970069683042298105774435253439639059660494999967294050276095562250624065803071574972056251459073508 E-8
Fejes Toth bound (deg) = 56.6715035482789869449684396702763670784837192879186550473282973562873133856586809732009036414799773438507619149655009792
56.6716 - FT (deg) = 9.64517210130550315603297236329215162807120813449526717026437126866143413190267990963585200226561492380850344990208324290 E-5
params15ft dlo - true (rad, must be <= 0): -1.3486070194670768601060336458862326444468371797998142002469973168516580721306462012550261328706945429098024999031848 E-21
params15ft dhi - true (rad, must be >= 0): 4.1136624452073574885094148131875164224240557920463986083915450741747866230093242785716472241881690589919804212521851 E-21
alo - alpha(dlo) (<= 0): -8.096598995829017255464981995353986657479516814082713712982085050045884251926456511172804811794540506883898608511119 E-21
ahi - alpha(dhi) (>= 0): 9.957187902281167199631037082555051105573281860493962134376500784532284863825658381262702306004719188206125751710725 E-21
shi - S(dhi) (>= 0): 2.7118042411694572990011776760366882124605744592081690160428614100265908643825436749232190434878933162576924489297498 E-21
alpha(dlo), alpha(dhi) (deg): 68.1549185335064363251880170308303330267795519215307254866479278136315815934430727265555219804710969368450178866027003338  69.2308051318054543980193018769380853378841675153593581135563907140976977609524214199915002893407452406891205963196359646
6 alpha(dlo) - 360 (deg): 48.9295112010386179511281021849819981606773115291843529198875668817894895606584363593331318828265816210701073196162020028
7 dlo - 360 (deg): 15.6049500000000000000000000000000000000000000000000000000000000000000000000000000000000000000000000000000000000000000000
2 pi/d on the range: [6.35238814503207956013241200177866868060898227683707536049802723057051503751438110093944762455974421050402670826304533488, 6.70917675605712864007782645037026269222490278682429504722980887232716182254786578291899507714155524308186034289484204082];  pi/d: [3.17619407251603978006620600088933434030449113841853768024901361528525751875719055046972381227987210525201335413152266744, 3.35458837802856432003891322518513134611245139341214752361490443616358091127393289145949753857077762154093017144742102041]
5 alpha(dhi) - 360 (deg, all-triangle degree-5 vertex): -13.8459743409727280099034906153095733105791624232032094322180464295115111952378929000424985532962737965543970184018201772
h(dlo), h(dhi) (deg): 48.3874646283434983554747294273913150265615255468566067157979713145369831651312959129481015661624194626198495733007004213  51.3741663405916229402268973432075367279676616996589340541319730422335986320690674280506132417588834170241973120892360891
Prop 3.16: 72 - alpha(dhi) (deg): 2.76919486819454560198069812306191466211583248464064188644360928590230223904757858000849971065925475931087940368036403543
Prop 3.16: pi(1 + sin h(dlo)) - 5 dhi (deg): 31.2195069693618140789476604911055138072350731883502809709229058869502615123365328818074994577038337742624636672178105144
Prop 3.16 grid: min of f(a,b) - cos alpha(d) = -6.879105134148698882 E-136
P closed form - Crofton at d = 53.6578500000000000000000000000000000000000000000000000000000000000000000000000000000000000000000000000000000000000000000: -1.1006568214637918211 E-134
P closed form - Crofton at d = 55.1647250000000000000000000000000000000000000000000000000000000000000000000000000000000000000000000000000000000000000000: 0.E-133
P closed form - Crofton at d = 56.6716000000000000000000000000000000000000000000000000000000000000000000000000000000000000000000000000000000000000000000: 0.E-133
Prop 3.17 side condition pi - 2h(dhi) - dhi (deg): 20.5800673188167541195462053135849265440646766006821318917360539155328027358618651438987735164822331659516053758215278219
Prop 3.17 single interval P(dlo,h(dlo)) - 6 dhi (deg): -3.42080941970461585345827668406193752282925824846509988174118205504539202196706591389032222871609572882382713223332738976
Prop 3.17 with 10 subintervals: min P(a,h(a)) - 6b = 5.64743406596275244840577724816952992665815220948462604346854061848820643219366255879929922449260231848255279170243721127 deg
Prop 3.17 with 20 subintervals: min P(a,h(a)) - 6b = 6.10607316585487022287065131436726622976310727915786384889218088068415271968289627450356823512350665740046936016578398023 deg
Prop 3.17 with 40 subintervals: min P(a,h(a)) - 6b = 6.33349205686775785671433494945770267413082529238615561006364784230021346739856133734431025029731594392144704297865517798 deg
Prop 3.17 with 200 subintervals: min P(a,h(a)) - 6b = 6.51450853883131168773761751203762548779384412694972541648840642189817583360030290017252709353217032758344506473856035167 deg
min dP/dl, dP/dh on the range: 0.9212718251858660384030297562707971491766881373570286762283283618698944386316182302205546758140533815177976980154280  1
Cor 3.18: 3k <= 11 gives k <= 3
kappa = 0.00649800000000000000000000000000000000000000000000000000000000000000000000000000000000000000000000000000000000000000000000: radius kappa/((1+u)*1.01*sqrt(15)) = 0.00104304821120159670577283432778756708253738005221132189460453947717650946957461207091921639350031935118163794753721300932
kappa = 0.00681420000000000000000000000000000000000000000000000000000000000000000000000000000000000000000000000000000000000000000000: radius kappa/((1+u)*1.01*sqrt(15)) = 0.00109380411215295787511191869443060012524256927543527079935584070565961385465917537298518380249151679329361608219576437183
s_k bound: 15 r^2 at r = 1.04e-3: 1.62240000000000000000000000000000000000000000000000000000000000000000000000000000000000000000000000000000000000000000000 E-5  factor 1/(1 - 15r^2/4) = 1.00000405601645120272607825697341028415211252096838504776975375412122671569555886118674097342138819715052764254011814272
