  ***   Warning: new maximum stack size = 1000001536 (953.676 Mbytes).
   realprecision = 134 significant digits (120 digits displayed)
frame000: 30 contacts; singular 3-sets 318 (max |det K_S| 3.523 e-133, min over nonsingular 7.654 e-3), Laman mismatches 0
frame000: infeasible 2658, feasible 1084 (of which 0 degenerate ties), max |z(Gale) - l_S y| = 2.744 e-129
frame000: Rmax = 146.750718393679 at S = [5, 8, 28] (0-based), second largest |y| = 146.750718393679; kappa = 1/Rmax = 6.814276692788 e-3
frame000: r = kappa/((1+u) 1.01 sqrt 15) = 1.0938164228 e-3
frame001: 30 contacts; singular 3-sets 318 (max |det K_S| 3.944 e-133, min over nonsingular 9.000 e-4), Laman mismatches 0
frame001: infeasible 2670, feasible 1072 (of which 0 degenerate ties), max |z(Gale) - l_S y| = 4.678 e-126
frame001: Rmax = 153.891793719196 at S = [5, 8, 20] (0-based), second largest |y| = 152.249204278957; kappa = 1/Rmax = 6.498072287238 e-3
frame001: r = kappa/((1+u) 1.01 sqrt 15) = 1.0430598146 e-3
frame010: 30 contacts; singular 3-sets 318 (max |det K_S| 4.420 e-133, min over nonsingular 9.000 e-4), Laman mismatches 0
frame010: infeasible 2670, feasible 1072 (of which 0 degenerate ties), max |z(Gale) - l_S y| = 2.383 e-126
frame010: Rmax = 153.891793719196 at S = [0, 4, 20] (0-based), second largest |y| = 152.249204278957; kappa = 1/Rmax = 6.498072287238 e-3
frame010: r = kappa/((1+u) 1.01 sqrt 15) = 1.0430598146 e-3
frame011: 30 contacts; singular 3-sets 318 (max |det K_S| 5.241 e-133, min over nonsingular 1.076 e-3), Laman mismatches 0
frame011: infeasible 2670, feasible 1072 (of which 0 degenerate ties), max |z(Gale) - l_S y| = 2.892 e-126
frame011: Rmax = 153.891793719196 at S = [4, 18, 27] (0-based), second largest |y| = 152.249204278957; kappa = 1/Rmax = 6.498072287238 e-3
frame011: r = kappa/((1+u) 1.01 sqrt 15) = 1.0430598146 e-3
frame100: 30 contacts; singular 3-sets 318 (max |det K_S| 4.318 e-133, min over nonsingular 9.000 e-4), Laman mismatches 0
frame100: infeasible 2670, feasible 1072 (of which 0 degenerate ties), max |z(Gale) - l_S y| = 1.742 e-126
frame100: Rmax = 153.891793719196 at S = [1, 10, 20] (0-based), second largest |y| = 152.249204278957; kappa = 1/Rmax = 6.498072287238 e-3
frame100: r = kappa/((1+u) 1.01 sqrt 15) = 1.0430598146 e-3
frame101: 30 contacts; singular 3-sets 318 (max |det K_S| 5.010 e-133, min over nonsingular 1.076 e-3), Laman mismatches 0
frame101: infeasible 2670, feasible 1072 (of which 0 degenerate ties), max |z(Gale) - l_S y| = 4.707 e-126
frame101: Rmax = 153.891793719196 at S = [7, 18, 28] (0-based), second largest |y| = 152.249204278957; kappa = 1/Rmax = 6.498072287238 e-3
frame101: r = kappa/((1+u) 1.01 sqrt 15) = 1.0430598146 e-3
frame110: 30 contacts; singular 3-sets 318 (max |det K_S| 5.601 e-133, min over nonsingular 1.076 e-3), Laman mismatches 0
frame110: infeasible 2670, feasible 1072 (of which 0 degenerate ties), max |z(Gale) - l_S y| = 1.631 e-126
frame110: Rmax = 153.891793719196 at S = [9, 20, 29] (0-based), second largest |y| = 152.249204278957; kappa = 1/Rmax = 6.498072287238 e-3
frame110: r = kappa/((1+u) 1.01 sqrt 15) = 1.0430598146 e-3
frame111: 30 contacts; singular 3-sets 318 (max |det K_S| 5.965 e-133, min over nonsingular 1.232 e-2), Laman mismatches 0
frame111: infeasible 2658, feasible 1084 (of which 0 degenerate ties), max |z(Gale) - l_S y| = 1.837 e-129
frame111: Rmax = 146.750718393679 at S = [0, 16, 27] (0-based), second largest |y| = 146.750718393679; kappa = 1/Rmax = 6.814276692788 e-3
frame111: r = kappa/((1+u) 1.01 sqrt 15) = 1.0938164228 e-3
min kappa over the 8 configurations: 6.498072287238 e-3
psi* deg: 53.657850129932674
