  ***   Warning: new maximum stack size = 2000003072 (1907.352 Mbytes).
   realprecision = 115 significant digits (100 digits displayed)
configurations read: 8
P,I,A C3: max |p|^2-1 7.3793533272794161752514745309805712683862999000000000000000000000000000000036 E-41; contacts 30, max |<pi,pj>-u| 7.9487973251257732385299899815383480398047848784488486800001589401926981965493 E-41; max non-contact <pi,pj> - u = -0.1679104305432562253870463604724998209398492096131641746668862981512904992152133081487844884868000016; |L Q^T| = 5.6524834377834626405393895590032814284191560669491771968042953892887582228952 E-41
   two smallest singular values of [L; Q]: 0.3239420982111400733173292683313927438790613122554758106784817948307224035102593223279400313717677378, 0.3239420982111400733173292683313927438790711500930491756829863719731923324294952141771851480473743765
   self-stress space dim 3; best min omega_i (sum 1), random search: 0.005316450984314946499086441452825647517294054729350006885101949418171076259410316824677651235856825861
   singular (normalised det < 1e-30): 318, of which with det in (1e-50, 1e-30) (singular up to the 40-digit data): 315; smallest det of the others: 1.088419025752062618361220299856104152526286952039887508822204023654917875727982827290514312318202288 E-6
   vertex enumeration: singular 318, feasible vertices 1084, Rmax = 146.7507183936791950379081253206355517178728688424404312155547382697813128987687417505388150219536859, kappa = 1/Rmax = 0.006814276692788385790504204018989251034829305551343697567420476163351067161250559303614947583226363288
   radius kappa/((1+u)*1.01*sqrt 15) = 0.001093816422752486631864261861318838725661294489673402521436331424925435181094208761217288276718896803
P,I,J C1: max |p|^2-1 7.3793533272794161752514745309805712683862999000000000000000000000000000000036 E-41; contacts 30, max |<pi,pj>-u| 7.9487973251257732385299899815383480398047848784488486800001589401926981965493 E-41; max non-contact <pi,pj> - u = -0.1679104305432562253870463604724998209398492096131641746668862981512904992152133081487844884868000016; |L Q^T| = 5.6524834377834626405393895590032814284191560669491771968042953892887582228952 E-41
   two smallest singular values of [L; Q]: 0.3122368351987864935050318295905485619656137390157090682012230356843324121153929566188549654443922992, 0.3625917842608106126604194755510760266456943592889872355464849555275883911973449332401787501027298994
   self-stress space dim 3; best min omega_i (sum 1), random search: 0.005404242480499061412469587451194796164457819541720731796520695647172843777300301514819372750906831458
   singular (normalised det < 1e-30): 318, of which with det in (1e-50, 1e-30) (singular up to the 40-digit data): 315; smallest det of the others: 1.070547801881761946640439924219887784978632327929382484973219611924976485984589958885289636662339396 E-7
   vertex enumeration: singular 318, feasible vertices 1072, Rmax = 153.8917937191957201460353876917376499885060924001718204334832018936536587843564650015258039398035149, kappa = 1/Rmax = 0.006498072287237658097980034369953249039962216121050564316953902462810520462097514517818425010343838542
   radius kappa/((1+u)*1.01*sqrt 15) = 0.001043059814629410184350353388087092131136449002558657624526671466207011181714229066652100107000128176
P,A,Q C1: max |p|^2-1 7.3793533272794161752514745309805712683862999000000000000000000000000000000036 E-41; contacts 30, max |<pi,pj>-u| 7.9487973251257732385299899815383480398047848784488486800001589401926981965493 E-41; max non-contact <pi,pj> - u = -0.1679104305432562253870463604724998209398492096131641746668862981512904992152133081487844884868000016; |L Q^T| = 5.6524834377834626405393895590032814284191560669491771968042953892887582228952 E-41
   two smallest singular values of [L; Q]: 0.3122368351987864935050318295905485619656252642611476105902099160912934854195619677820702968709625935, 0.3625917842608106126604194755510760266456919910896658626003456281376896675720521361762494154609997715
   self-stress space dim 3; best min omega_i (sum 1), random search: 0.005277132823437298171667615133321018569419850432574439084507127439522795746525734738275613240512371120
   singular (normalised det < 1e-30): 318, of which with det in (1e-50, 1e-30) (singular up to the 40-digit data): 315; smallest det of the others: 1.070547801881761946640439924219887785996191426017124234529659762951457533047481836365564216938358813 E-7
   vertex enumeration: singular 318, feasible vertices 1072, Rmax = 153.8917937191957201460353876917376499886305576149941963128525626960276115846195146504495146991802588, kappa = 1/Rmax = 0.006498072287237658097980034369953249039956960584393176726282430431976588422433760049762477244784936408
   radius kappa/((1+u)*1.01*sqrt 15) = 0.001043059814629410184350353388087092131135605392507966250987016664448792928887235406298220852199677408
P,Q,J C1: max |p|^2-1 7.3793533272794161752514745309805712683862999000000000000000000000000000000036 E-41; contacts 30, max |<pi,pj>-u| 7.9487973251257732385299899815383480398047848784488486800001589401926981965493 E-41; max non-contact <pi,pj> - u = -0.1679104305432562253870463604724998209398492096131641746668862981512904992152133081487844884868000016; |L Q^T| = 5.6524834377834626405393895590032814284191560669491771968042953892887582228952 E-41
   two smallest singular values of [L; Q]: 0.3122368351987864935050318295905485619656137390157090682012230356843324121153929566188549654443922992, 0.3625917842608106126604194755510760266456943592889872355464849555275883911973449332401787501027298994
   self-stress space dim 3; best min omega_i (sum 1), random search: 0.005246395695742905863825405144592214238885841817526774966936469416064772823520523878540523524292313068
   singular (normalised det < 1e-30): 318, of which with det in (1e-50, 1e-30) (singular up to the 40-digit data): 315; smallest det of the others: 1.070547801881761946640439924219887784978632327929382484973219611924976485984589958885289636662339396 E-7
   vertex enumeration: singular 318, feasible vertices 1072, Rmax = 153.8917937191957201460353876917376499885060924001718204334832018936536587843564650015258039398035149, kappa = 1/Rmax = 0.006498072287237658097980034369953249039962216121050564316953902462810520462097514517818425010343838542
   radius kappa/((1+u)*1.01*sqrt 15) = 0.001043059814629410184350353388087092131136449002558657624526671466207011181714229066652100107000128176
I,A,B C1: max |p|^2-1 7.3793533272794161752514745309805712683862999000000000000000000000000000000036 E-41; contacts 30, max |<pi,pj>-u| 7.9487973251257732385299899815383480398047848784488486800001589401926981965493 E-41; max non-contact <pi,pj> - u = -0.1679104305432562253870463604724998209398492096131641746668862981512904992152133081487844884868000016; |L Q^T| = 4.3445698554610038433271094276099020192192187697089204639571708220712794958068 E-41
   two smallest singular values of [L; Q]: 0.3122368351987864935050318295905485619656251933932816175620310735096258648733859936262991154282953647, 0.3625917842608106126604194755510760266456958788234911052518731535659196944364145757794616201557150991
   self-stress space dim 3; best min omega_i (sum 1), random search: 0.005374057881043333478531103340587321617221152014852313882304359304049659505657552675595703464579894127
   singular (normalised det < 1e-30): 318, of which with det in (1e-50, 1e-30) (singular up to the 40-digit data): 315; smallest det of the others: 1.070547801881761946640439924219887786094049831559508719302734925203452609345983006622605109278606023 E-7
   vertex enumeration: singular 318, feasible vertices 1072, Rmax = 153.8917937191957201460353876917376499884233925961347657113333262109049869365589603051726742727381683, kappa = 1/Rmax = 0.006498072287237658097980034369953249039965708115599368766551561736182659937364993290595583766111920559
   radius kappa/((1+u)*1.01*sqrt 15) = 0.001043059814629410184350353388087092131137009531747278155142136816601957293989266126966521907948302641
I,J,B C1: max |p|^2-1 7.3793533272794161752514745309805712683862999000000000000000000000000000000036 E-41; contacts 30, max |<pi,pj>-u| 7.9487973251257732385299899815383480398047848784488486800001589401926981965493 E-41; max non-contact <pi,pj> - u = -0.1679104305432562253870463604724998209398492096131641746668862981512904992152133081487844884868000016; |L Q^T| = 5.65248343778346264053938955900328142841915606694917719680429538928875822289352948351345639530985 E-41
   two smallest singular values of [L; Q]: 0.3122368351987864935050318295905485619656252642611476105902099160912934854195619677820702968709625935, 0.3625917842608106126604194755510760266456919910896658626003456281376896675720521361762494154609997715
   self-stress space dim 3; best min omega_i (sum 1), random search: 0.005226048284643936368929685784897687792810879819819639573091643791823310764005041028144199489277131232
   singular (normalised det < 1e-30): 318, of which with det in (1e-50, 1e-30) (singular up to the 40-digit data): 315; smallest det of the others: 1.070547801881761946640439924219887785996191426017124234529659762951457533047481836365564216938358813 E-7
   vertex enumeration: singular 318, feasible vertices 1072, Rmax = 153.8917937191957201460353876917376499886305576149941963128525626960276115846195146504495146991802588, kappa = 1/Rmax = 0.006498072287237658097980034369953249039956960584393176726282430431976588422433760049762477244784936408
   radius kappa/((1+u)*1.01*sqrt 15) = 0.001043059814629410184350353388087092131135605392507966250987016664448792928887235406298220852199677408
A,Q,B C1: max |p|^2-1 7.3793533272794161752514745309805712683862999000000000000000000000000000000036 E-41; contacts 30, max |<pi,pj>-u| 7.9487973251257732385299899815383480398047848784488486800001589401926981965493 E-41; max non-contact <pi,pj> - u = -0.1679104305432562253870463604724998209398492096131641746668862981512904992152133081487844884868000016; |L Q^T| = 4.3445698554610038433271094276099020192192187697089204639571708220712794958068 E-41
   two smallest singular values of [L; Q]: 0.3122368351987864935050318295905485619656251933932816175620310735096258648733859936262991154282953647, 0.3625917842608106126604194755510760266456958788234911052518731535659196944364145757794616201557150991
   self-stress space dim 3; best min omega_i (sum 1), random search: 0.005443685265948250171902686962767063461068115574754546214340446326590728000626458262000574232195231630
   singular (normalised det < 1e-30): 318, of which with det in (1e-50, 1e-30) (singular up to the 40-digit data): 315; smallest det of the others: 1.070547801881761946640439924219887786094049831559508719302734925203452609345983006622605109278606023 E-7
   vertex enumeration: singular 318, feasible vertices 1072, Rmax = 153.8917937191957201460353876917376499884233925961347657113333262109049869365589603051726742727381683, kappa = 1/Rmax = 0.006498072287237658097980034369953249039965708115599368766551561736182659937364993290595583766111920559
   radius kappa/((1+u)*1.01*sqrt 15) = 0.001043059814629410184350353388087092131137009531747278155142136816601957293989266126966521907948302641
Q,J,B C3: max |p|^2-1 7.3793533272794161752514745309805712683862999000000000000000000000000000000036 E-41; contacts 30, max |<pi,pj>-u| 7.9487973251257732385299899815383480398047848784488486800001589401926981965493 E-41; max non-contact <pi,pj> - u = -0.1679104305432562253870463604724998209398492096131641746668862981512904992152133081487844884868000016; |L Q^T| = 5.65248343778346264053938955900328142841915606694917719680429538928875822289352948351345639530985 E-41
   two smallest singular values of [L; Q]: 0.3239420982111400733173292683313927438790613122554758106784817948307224035102593223279400313717677378, 0.3239420982111400733173292683313927438790711500930491756829863719731923324294952141771851480473743765
   self-stress space dim 3; best min omega_i (sum 1), random search: 0.005358129343347374957600626876128245255423935424386010541621856574966678914236552653454742161658005504
   singular (normalised det < 1e-30): 318, of which with det in (1e-50, 1e-30) (singular up to the 40-digit data): 315; smallest det of the others: 1.088419025752062618361220299856104152526286952039887508822204023654917875727982827290514312318202288 E-6
   vertex enumeration: singular 318, feasible vertices 1084, Rmax = 146.7507183936791950379081253206355517178728688424404312155547382697813128987687417505388150219536859, kappa = 1/Rmax = 0.006814276692788385790504204018989251034829305551343697567420476163351067161250559303614947583226363288
   radius kappa/((1+u)*1.01*sqrt 15) = 0.001093816422752486631864261861318838725661294489673402521436331424925435181094208761217288276718896803
