  ***   Warning: new maximum stack size = 2000003072 (1907.352 Mbytes).
   realprecision = 77 significant digits (60 digits displayed)
P,I,J C1: Rmax = 153.891793719195720146035387691737649988506092400171820433483, kappa = 0.00649807228723765809798003436995324903996221612105056431695390; along the extreme direction, max_e (L w)_e = 0.00649807228723765809798003436995324903996221612105056431695390
   s = 0.000100000000000000000000000000000000000000000000000000000000000: max <x_i,x_j> - u = 6.49837171600664192292866294335887195656400890551744150284746 E-7 (first order kappa*s = 6.49807228723765809798003436995324903996221612105056431695390 E-7)
   s = 0.00100000000000000000000000000000000000000000000000000000000000: max <x_i,x_j> - u = 6.50106652247565434855898531495261501547993303408718105197835 E-6 (first order kappa*s = 6.49807228723765809798003436995324903996221612105056431695390 E-6)
   s = 0.00402790268005571356058643601577369559526623857350325445965108: max <x_i,x_j> - u = 2.62221783855093205660449165955967061833554871353492136806118 E-5 (first order kappa*s = 2.61736027809603235938475391462652172857129691405784839081991 E-5)
   s = 0.0100000000000000000000000000000000000000000000000000000000000: max <x_i,x_j> - u = 6.52800937146937595951536848525633790892897674407605072104086 E-5 (first order kappa*s = 6.49807228723765809798003436995324903996221612105056431695390 E-5)
   s = 0.0300000000000000000000000000000000000000000000000000000000000: max <x_i,x_j> - u = 0.000197635439123130252230475970967199992841459840800358810347114 (first order kappa*s = 0.000194942168617129742939401031098597471198866483631516929508617)
   s = 0.100000000000000000000000000000000000000000000000000000000000: max <x_i,x_j> - u = 0.000679689340044266787989334557796587410618585572325391537598453 (first order kappa*s = 0.000649807228723765809798003436995324903996221612105056431695390)
   s = 0.200000000000000000000000000000000000000000000000000000000000: max <x_i,x_j> - u = 0.00141887912473639219641214285407337713515104879812542574860927 (first order kappa*s = 0.00129961445744753161959600687399064980799244322421011286339078)
   3000 random directions of T' at s = sqrt(15)*1.04e-3: min over directions of max <x_i,x_j> - u = 0.00105593720044021661291821991847494792060318394156101600402376
   3000 random per-point tangent moves of length 1.04e-3: min of max <x_i,x_j> - u = 0.000887252652229661249459287721408668540980890510047407698175807
P,I,A C3: Rmax = 146.750718393679195037908125320635551717872868842440431215555, kappa = 0.00681427669278838579050420401898925103482930555134369756742048; along the extreme direction, max_e (L w)_e = 0.00681427669278838579050420401898925103482930555134369756742048
   s = 0.000100000000000000000000000000000000000000000000000000000000000: max <x_i,x_j> - u = 6.81472716206099200169744653411614412448506251428049660081683 E-7 (first order kappa*s = 6.81427669278838579050420401898925103482930555134369756742048 E-7)
   s = 0.00100000000000000000000000000000000000000000000000000000000000: max <x_i,x_j> - u = 6.81878131499866591060119878053838695494906030173461023814067 E-6 (first order kappa*s = 6.81427669278838579050420401898925103482930555134369756742048 E-6)
   s = 0.00402790268005571356058643601577369559526623857350325445965108: max <x_i,x_j> - u = 2.75203224853681897439735821590859922767266476628166695115533 E-5 (first order kappa*s = 2.74472433535235234158222064924943545986476078547413721794682 E-5)
   s = 0.0100000000000000000000000000000000000000000000000000000000000: max <x_i,x_j> - u = 6.85931581745329228378141207090157568034342148059192224169897 E-5 (first order kappa*s = 6.81427669278838579050420401898925103482930555134369756742048 E-5)
   s = 0.0300000000000000000000000000000000000000000000000000000000000: max <x_i,x_j> - u = 0.000208480375663086690708523654122507944851742877913025645231652 (first order kappa*s = 0.000204428300783651573715126120569677531044879166540310927022614)
   s = 0.100000000000000000000000000000000000000000000000000000000000: max <x_i,x_j> - u = 0.000726391242213678220334620602577666963651756837874904566482306 (first order kappa*s = 0.000681427669278838579050420401898925103482930555134369756742048)
   s = 0.200000000000000000000000000000000000000000000000000000000000: max <x_i,x_j> - u = 0.00154233496538048594016723852173888929730916615834312666746185 (first order kappa*s = 0.00136285533855767715810084080379785020696586111026873951348410)
   3000 random directions of T' at s = sqrt(15)*1.04e-3: min over directions of max <x_i,x_j> - u = 0.00104442834364443657252983347731277938204025593098556671666919
   3000 random per-point tangent moves of length 1.04e-3: min of max <x_i,x_j> - u = 0.000860374038756299913984871049198499889795171082779529396416641
