tower degrees: 10 20; z2 irreducible over Q: 1 (so each step of the tower is irreducible)
exact: pu(u) = 0: 1; b^2 = beta: 1; qb(u, beta) = 0: 1
real roots of z2: 4; embeddings with u ~ 0.5926, b^2 ~ 0.0294, b ~ +0.1715: [3]
Sturm count of z2 in [wlo, whi] (width 3e-220): 1
exact: a^2+b^2+c^2 = 1: 1; ab+bc+ca = u: 1
exact: all 18 frame points have norm 1: 1
max enclosure radius of the 54 coordinates: 4.062810281554191980027857619524015248169599787865782382476164655402156000000000000000000000000000000000000000000000000000000000000000000000000000000000000000000000000000000000000000000000000000000000000000000000000000000000000000000000000000000000000 E-151
u enclosure: 0.5926059029250737780964249223327577186752210606574376624989834687817982180639769478487844884868000015894019269819654939302632870899438300526771369520690000000000000000000000000000000000000000000000000000000000000000000000000000000000000000000000000000 +- 2.216073428467859320542400012313200308257338811534882532214362319947360351148689823356847347684179977995423197477382516488948708782295785499338109472074336204972923231360211820313811972196896876848778461896729095760674742724056384456436653282765485349 E-151
tie_targets conf 1 (P,I,A = frame000, labelled C3): max(|mid - exact| + our radius - file radius) = -9.952 e-39 (<= 0 means the file balls contain the exact values); contact list identical: 1
tie_targets conf 2 (P,I,J = frame001, labelled C1): max(|mid - exact| + our radius - file radius) = -9.952 e-39 (<= 0 means the file balls contain the exact values); contact list identical: 1
tie_targets conf 3 (P,A,Q = frame010, labelled C1): max(|mid - exact| + our radius - file radius) = -9.952 e-39 (<= 0 means the file balls contain the exact values); contact list identical: 1
tie_targets conf 4 (P,Q,J = frame011, labelled C1): max(|mid - exact| + our radius - file radius) = -9.952 e-39 (<= 0 means the file balls contain the exact values); contact list identical: 1
tie_targets conf 5 (I,A,B = frame100, labelled C1): max(|mid - exact| + our radius - file radius) = -9.952 e-39 (<= 0 means the file balls contain the exact values); contact list identical: 1
tie_targets conf 6 (I,J,B = frame101, labelled C1): max(|mid - exact| + our radius - file radius) = -9.952 e-39 (<= 0 means the file balls contain the exact values); contact list identical: 1
tie_targets conf 7 (A,Q,B = frame110, labelled C1): max(|mid - exact| + our radius - file radius) = -9.952 e-39 (<= 0 means the file balls contain the exact values); contact list identical: 1
tie_targets conf 8 (Q,J,B = frame111, labelled C3): max(|mid - exact| + our radius - file radius) = -9.952 e-39 (<= 0 means the file balls contain the exact values); contact list identical: 1
frame000: isometries onto C3: 3 (dets [1]); onto C1: 0 (dets [])
frame001: isometries onto C3: 0 (dets []); onto C1: 1 (dets [1])
frame010: isometries onto C3: 0 (dets []); onto C1: 1 (dets [1])
frame011: isometries onto C3: 0 (dets []); onto C1: 1 (dets [1])
frame100: isometries onto C3: 0 (dets []); onto C1: 1 (dets [1])
frame101: isometries onto C3: 0 (dets []); onto C1: 1 (dets [1])
frame110: isometries onto C3: 0 (dets []); onto C1: 1 (dets [1])
frame111: isometries onto C3: 3 (dets [1]); onto C1: 0 (dets [])
Sloane 15-point packing: isometries from C1 within 1e-6: 1 (dets [-1]); from C3: 0
   max |O x_i - s_pi(i)| with O from the first triple: 3.267 e-9
bk15_c1.txt (15 points) vs frame001: max coordinate error 4.437 e-26; bk15_c3.txt (15 points) vs frame000: 4.437 e-26
frame000 -> C3: exact Gram equality under the permutation: 1, det sign 1
frame001 -> C1: exact Gram equality under the permutation: 1, det sign 1
frame010 -> C1: exact Gram equality under the permutation: 1, det sign 1
frame011 -> C1: exact Gram equality under the permutation: 1, det sign 1
frame100 -> C1: exact Gram equality under the permutation: 1, det sign 1
frame101 -> C1: exact Gram equality under the permutation: 1, det sign 1
frame110 -> C1: exact Gram equality under the permutation: 1, det sign 1
frame111 -> C3: exact Gram equality under the permutation: 1, det sign 1
frame000: exact contacts 30, max over the other pairs of <p_i,p_j> - u <= -0.1679104305
frame001: exact contacts 30, max over the other pairs of <p_i,p_j> - u <= -0.1679104305
frame010: exact contacts 30, max over the other pairs of <p_i,p_j> - u <= -0.1679104305
frame011: exact contacts 30, max over the other pairs of <p_i,p_j> - u <= -0.1679104305
frame100: exact contacts 30, max over the other pairs of <p_i,p_j> - u <= -0.1679104305
frame101: exact contacts 30, max over the other pairs of <p_i,p_j> - u <= -0.1679104305
frame110: exact contacts 30, max over the other pairs of <p_i,p_j> - u <= -0.1679104305
frame111: exact contacts 30, max over the other pairs of <p_i,p_j> - u <= -0.1679104305
