# class index | relsys pass 2: verdict nodes seconds | recorded pass 1 | recorded pass 2
k1 100 | KILLED 11 1.6188 | BUDGET 2374 5.0034 | KILLED 9 2.2297
k1 360 | BUDGET 224 60.0229 | BUDGET 1781 5.0009 | BUDGET 186 60.1404
k1 730 | KILLED 45 6.9671 | BUDGET 2795 5.0008 | KILLED 39 8.0790
k1 1220 | KILLED 53 13.2175 | BUDGET 2090 5.0028 | KILLED 37 11.8737
k1 2200 | KILLED 34 6.2299 | BUDGET 2618 5.0030 | KILLED 10 2.9047
k1 2670 | KILLED 138 18.8103 | BUDGET 2206 5.0058 | KILLED 108 28.9301
k2 0 | KILLED 3 0.7227 | BUDGET 2649 5.0032 | KILLED 3 0.8217
k2 36 | KILLED 15 3.5555 | BUDGET 2824 5.0012 | KILLED 17 5.1489
k2 40 | KILLED 9 1.0875 | BUDGET 2093 5.0086 | KILLED 3 1.0324
k2 52 | KILLED 75 34.4912 | BUDGET 1384 5.0062 | KILLED 63 59.0415
k2 56 | KILLED 13 3.2322 | BUDGET 2708 5.0028 | KILLED 5 1.5435
k2 72 | BUDGET 143 60.3925 | BUDGET 856 5.0033 | BUDGET 73 60.0094
k2 80 | KILLED 5 0.6172 | BUDGET 2591 5.0028 | KILLED 3 0.6028
k2 84 | KILLED 69 30.7412 | BUDGET 1462 5.0024 | KILLED 59 60.2174
k2 92 | KILLED 27 3.4309 | BUDGET 2619 5.0054 | KILLED 15 3.1734
k2 112 | KILLED 1 0.2413 | BUDGET 3392 5.0024 | KILLED 1 0.2241
k2 120 | KILLED 27 7.6252 | BUDGET 1789 5.0024 | KILLED 27 15.8345
k2 140 | KILLED 29 12.0472 | BUDGET 1726 5.0028 | KILLED 27 24.7494
k2 148 | KILLED 15 5.9158 | BUDGET 1281 5.0034 | KILLED 9 8.2847
k2 156 | KILLED 55 24.1318 | BUDGET 1642 5.0222 | KILLED 47 40.9996
k2 176 | KILLED 15 4.1734 | BUDGET 2563 5.0022 | KILLED 15 5.7307
k2 180 | KILLED 5 0.8490 | BUDGET 843 5.0033 | KILLED 3 1.2417
k2 200 | KILLED 187 42.7525 | BUDGET 2497 5.0046 | KILLED 155 48.5612
k2 244 | KILLED 9 1.7406 | BUDGET 2457 5.0037 | KILLED 7 1.7310
k2 248 | KILLED 121 56.7322 | BUDGET 1277 5.0095 | BUDGET 69 61.0517
k2 264 | KILLED 3 0.5364 | BUDGET 1846 5.0033 | KILLED 3 0.6486
k2 352 | KILLED 5 0.8523 | BUDGET 2540 5.0025 | KILLED 3 0.8178
k2 368 | KILLED 15 5.5090 | BUDGET 1810 5.0027 | KILLED 17 15.8788
k2 376 | KILLED 5 1.1656 | BUDGET 2154 5.0129 | KILLED 5 2.0676
k2 380 | KILLED 43 9.5798 | BUDGET 1464 5.0012 | KILLED 27 11.9768
k2 404 | KILLED 75 36.3785 | BUDGET 1387 5.0171 | BUDGET 70 60.4966
k2 424 | KILLED 9 2.4589 | BUDGET 1095 5.0106 | KILLED 9 5.6410
k2 436 | KILLED 5 1.0031 | BUDGET 2849 5.0070 | KILLED 5 1.0044
k2 440 | KILLED 19 4.8648 | BUDGET 1660 5.0093 | KILLED 13 5.0039
k3 0 | BUDGET 95 60.5850 | BUDGET 1028 5.0059 | BUDGET 58 61.8200
k3 1 | KILLED 97 56.2533 | BUDGET 981 5.0017 | BUDGET 49 61.3558
k3 2 | BUDGET 106 60.3554 | BUDGET 1105 5.0019 | BUDGET 56 60.8430
k3 3 | KILLED 586 59.4371 | BUDGET 1827 5.0029 | KILLED 140 26.2029
k3 4 | KILLED 49 38.9547 | BUDGET 1378 5.0090 | BUDGET 39 61.1262
relsys pass 2 verdicts:       4 BUDGET      35 KILLED
